src/components/AdminAnalyticsDashboard.tsx(90,45): error TS2322: Type 'unknown' is not assignable to type 'ReactNode'.
src/components/RealtimeNotificationBadge.tsx(24,23): error TS2554: Expected 1-2 arguments, but got 0.
src/components/RealtimeNotificationBadge.tsx(25,43): error TS2339: Property 'subscribeToOnlineUsers' does not exist on type 'SSEManager'.
src/components/RealtimeNotificationBadge.tsx(39,23): error TS2339: Property 'connectToMessages' does not exist on type 'SSEManager'.
src/components/RealtimeNotificationBadge.tsx(41,43): error TS2339: Property 'subscribeToUnreadCount' does not exist on type 'SSEManager'.
src/content.config.ts(1,37): error TS2307: Cannot find module 'astro:content' or its corresponding type declarations.
src/graphql/resolvers.ts(7,10): error TS2305: Module '"../lib/recommendations"' has no exported member 'recommendationEngine'.
src/graphql/resolvers.ts(245,30): error TS2349: This expression is not callable.
  Type 'String' has no call signatures.
src/hooks/useFeatureAccess.ts(7,15): error TS2305: Module '"../lib/feature-gating"' has no exported member 'FeatureName'.
src/hooks/useQuotaCheck.ts(7,15): error TS2305: Module '"../lib/usage-tracking"' has no exported member 'QuotaFeature'.
src/lib/achievements/achievements.ts(43,43): error TS2339: Property 'rows' does not exist on type 'any[]'.
src/lib/achievements/achievements.ts(44,25): error TS2339: Property 'rows' does not exist on type 'any[]'.
src/lib/achievements/achievements.ts(142,43): error TS2339: Property 'rows' does not exist on type 'any[] | { rowCount: number; streamed: boolean; }'.
  Property 'rows' does not exist on type 'any[]'.
src/lib/achievements/achievements.ts(143,25): error TS2339: Property 'rows' does not exist on type 'any[] | { rowCount: number; streamed: boolean; }'.
  Property 'rows' does not exist on type 'any[]'.
src/lib/achievements/achievements.ts(163,25): error TS2339: Property 'rows' does not exist on type 'any[] | { rowCount: number; streamed: boolean; }'.
  Property 'rows' does not exist on type 'any[]'.
src/lib/achievements/achievements.ts(224,31): error TS2339: Property 'rows' does not exist on type 'any[] | { rowCount: number; streamed: boolean; }'.
  Property 'rows' does not exist on type 'any[]'.
src/lib/activity/activity.ts(43,102): error TS2554: Expected 1-2 arguments, but got 3.
src/lib/activity/activity.ts(81,30): error TS2339: Property 'map' does not exist on type 'any[] | { rowCount: number; streamed: boolean; }'.
  Property 'map' does not exist on type '{ rowCount: number; streamed: boolean; }'.
src/lib/admin/admin-dashboard.ts(5,47): error TS1485: 'delete' resolves to a type-only declaration and must be imported using a type-only import when 'verbatimModuleSyntax' is enabled.
src/lib/admin/admin-dashboard.ts(88,5): error TS2322: Type 'any[] | { rowCount: number; streamed: boolean; }' is not assignable to type 'any[]'.
  Type '{ rowCount: number; streamed: boolean; }' is missing the following properties from type 'any[]': length, pop, push, concat, and 35 more.
src/lib/admin/admin-dashboard.ts(114,45): error TS2345: Argument of type '{ id: string; admin_id: string; }' is not assignable to parameter of type 'string'.
src/lib/admin/admin-dashboard.ts(192,5): error TS2322: Type 'any[] | { rowCount: number; streamed: boolean; }' is not assignable to type 'any[]'.
  Type '{ rowCount: number; streamed: boolean; }' is missing the following properties from type 'any[]': length, pop, push, concat, and 35 more.
src/lib/admin/admin-dashboard.ts(221,8): error TS2554: Expected 2 arguments, but got 3.
src/lib/admin/admin-moderation.ts(30,5): error TS2322: Type 'any[] | { rowCount: number; streamed: boolean; }' is not assignable to type 'any[]'.
  Type '{ rowCount: number; streamed: boolean; }' is missing the following properties from type 'any[]': length, pop, push, concat, and 35 more.
src/lib/admin/admin-moderation.ts(61,5): error TS2322: Type 'any[] | { rowCount: number; streamed: boolean; }' is not assignable to type 'any[]'.
  Type '{ rowCount: number; streamed: boolean; }' is missing the following properties from type 'any[]': length, pop, push, concat, and 35 more.
src/lib/admin/admin-moderation.ts(70,38): error TS2345: Argument of type '{ id: string; }' is not assignable to parameter of type 'string'.
src/lib/admin/admin-moderation.ts(84,38): error TS2345: Argument of type '{ id: string; }' is not assignable to parameter of type 'string'.
src/lib/admin/admin-moderation.ts(99,35): error TS2345: Argument of type '{ id: string; }' is not assignable to parameter of type 'string'.
src/lib/admin/admin-moderation.ts(266,5): error TS2322: Type 'any[] | { rowCount: number; streamed: boolean; }' is not assignable to type 'any[]'.
  Type '{ rowCount: number; streamed: boolean; }' is missing the following properties from type 'any[]': length, pop, push, concat, and 35 more.
src/lib/admin/admin-users.ts(129,35): error TS2345: Argument of type '{ id: string; }' is not assignable to parameter of type 'string'.
src/lib/admin/admin-users.ts(147,27): error TS2345: Argument of type '{ id: string; }' is not assignable to parameter of type 'string'.
src/lib/admin/admin-users.ts(199,5): error TS2322: Type 'any[] | { rowCount: number; streamed: boolean; }' is not assignable to type 'any[]'.
  Type '{ rowCount: number; streamed: boolean; }' is missing the following properties from type 'any[]': length, pop, push, concat, and 35 more.
src/lib/admin/admin-users.ts(237,5): error TS2322: Type 'any[] | { rowCount: number; streamed: boolean; }' is not assignable to type 'any[]'.
  Type '{ rowCount: number; streamed: boolean; }' is missing the following properties from type 'any[]': length, pop, push, concat, and 35 more.
src/lib/admin/admin-users.ts(266,36): error TS2345: Argument of type '{ id: string; }' is not assignable to parameter of type 'string'.
src/lib/admin/admin-users.ts(279,45): error TS2345: Argument of type '{ user_id: string; }' is not assignable to parameter of type 'string'.
src/lib/ai/ai-analytics.ts(260,11): error TS2739: Type '{ model: string; timestamp: number; requestCount: number; avgLatencyMs: number; totalTokens: number; costUSD: number; errorRate: number; cacheHitRate: number; }' is missing the following properties from type 'LLMMetrics': metrics, recordMetrics, getModelStats, getCostTrend, getMetrics
src/lib/ai/index.ts(5,1): error TS2308: Module './ai-agents' has already exported a member named 'ConversationManager'. Consider explicitly re-exporting to resolve the ambiguity.
src/lib/ai/index.ts(5,1): error TS2308: Module './ai-agents' has already exported a member named 'conversationManager'. Consider explicitly re-exporting to resolve the ambiguity.
src/lib/alert/alerts.ts(280,13): error TS2339: Property 'notificationService' does not exist on type 'typeof import("D:/sanliurfa.com/sanliurfa/src/lib/notification/index")'.
src/lib/analytics/analytics.ts(257,19): error TS2339: Property 'map' does not exist on type 'any[] | { rowCount: number; streamed: boolean; }'.
  Property 'map' does not exist on type '{ rowCount: number; streamed: boolean; }'.
src/lib/analytics/analytics.ts(291,19): error TS2339: Property 'map' does not exist on type 'any[] | { rowCount: number; streamed: boolean; }'.
  Property 'map' does not exist on type '{ rowCount: number; streamed: boolean; }'.
src/lib/analytics/business-analytics.ts(60,25): error TS2345: Argument of type 'unknown' is not assignable to parameter of type 'string'.
src/lib/analytics/business-analytics.ts(113,38): error TS2339: Property 'map' does not exist on type 'any[] | { rowCount: number; streamed: boolean; }'.
  Property 'map' does not exist on type '{ rowCount: number; streamed: boolean; }'.
src/lib/analytics/business-analytics.ts(145,20): error TS2339: Property 'map' does not exist on type 'any[] | { rowCount: number; streamed: boolean; }'.
  Property 'map' does not exist on type '{ rowCount: number; streamed: boolean; }'.
src/lib/analytics/business-analytics.ts(185,7): error TS2322: Type 'any[] | { rowCount: number; streamed: boolean; }' is not assignable to type 'any[]'.
  Type '{ rowCount: number; streamed: boolean; }' is missing the following properties from type 'any[]': length, pop, push, concat, and 35 more.
src/lib/analytics/business-analytics.ts(256,29): error TS2339: Property 'length' does not exist on type 'any[] | { rowCount: number; streamed: boolean; }'.
  Property 'length' does not exist on type '{ rowCount: number; streamed: boolean; }'.
src/lib/analytics/business-analytics.ts(257,29): error TS2339: Property 'length' does not exist on type 'any[] | { rowCount: number; streamed: boolean; }'.
  Property 'length' does not exist on type '{ rowCount: number; streamed: boolean; }'.
src/lib/analytics/business-analytics.ts(260,41): error TS2339: Property 'length' does not exist on type 'any[] | { rowCount: number; streamed: boolean; }'.
  Property 'length' does not exist on type '{ rowCount: number; streamed: boolean; }'.
src/lib/analytics/business-analytics.ts(261,22): error TS2339: Property 'reduce' does not exist on type 'any[] | { rowCount: number; streamed: boolean; }'.
  Property 'reduce' does not exist on type '{ rowCount: number; streamed: boolean; }'.
src/lib/analytics/business-analytics.ts(261,129): error TS2339: Property 'length' does not exist on type 'any[] | { rowCount: number; streamed: boolean; }'.
  Property 'length' does not exist on type '{ rowCount: number; streamed: boolean; }'.
src/lib/analytics/business-analytics.ts(345,25): error TS2345: Argument of type 'unknown' is not assignable to parameter of type 'string'.
src/lib/analytics/business-analytics.ts(364,17): error TS2339: Property 'length' does not exist on type 'any[] | { rowCount: number; streamed: boolean; }'.
  Property 'length' does not exist on type '{ rowCount: number; streamed: boolean; }'.
src/lib/analytics/business-analytics.ts(368,5): error TS2322: Type 'any[] | { rowCount: number; streamed: boolean; }' is not assignable to type 'any[]'.
  Type '{ rowCount: number; streamed: boolean; }' is missing the following properties from type 'any[]': length, pop, push, concat, and 35 more.
src/lib/analytics/business-analytics.ts(384,25): error TS2345: Argument of type 'unknown' is not assignable to parameter of type 'string'.
src/lib/analytics/business-analytics.ts(433,20): error TS2339: Property 'map' does not exist on type 'any[] | { rowCount: number; streamed: boolean; }'.
  Property 'map' does not exist on type '{ rowCount: number; streamed: boolean; }'.
src/lib/analytics/business-analytics.ts(570,5): error TS2322: Type 'any[] | { rowCount: number; streamed: boolean; }' is not assignable to type 'KPIDefinition[]'.
  Type '{ rowCount: number; streamed: boolean; }' is missing the following properties from type 'KPIDefinition[]': length, pop, push, concat, and 35 more.
src/lib/analytics/business-analytics.ts(621,5): error TS2322: Type 'any[] | { rowCount: number; streamed: boolean; }' is not assignable to type 'KPIValue[]'.
  Type '{ rowCount: number; streamed: boolean; }' is missing the following properties from type 'KPIValue[]': length, pop, push, concat, and 35 more.
src/lib/analytics/business-analytics.ts(693,5): error TS2322: Type 'any[] | { rowCount: number; streamed: boolean; }' is not assignable to type 'BusinessMetrics[]'.
  Type '{ rowCount: number; streamed: boolean; }' is missing the following properties from type 'BusinessMetrics[]': length, pop, push, concat, and 35 more.
src/lib/analytics/business-analytics.ts(750,5): error TS2322: Type 'any[] | { rowCount: number; streamed: boolean; }' is not assignable to type 'Dashboard[]'.
  Type '{ rowCount: number; streamed: boolean; }' is missing the following properties from type 'Dashboard[]': length, pop, push, concat, and 35 more.
src/lib/analytics/business-analytics.ts(850,5): error TS2322: Type 'any[] | { rowCount: number; streamed: boolean; }' is not assignable to type 'Report[]'.
  Type '{ rowCount: number; streamed: boolean; }' is missing the following properties from type 'Report[]': length, pop, push, concat, and 35 more.
src/lib/analytics/business-analytics.ts(940,25): error TS2488: Type 'any[] | { rowCount: number; streamed: boolean; }' must have a '[Symbol.iterator]()' method that returns an iterator.
src/lib/analytics/business-analytics.ts(999,5): error TS2322: Type 'any[] | { rowCount: number; streamed: boolean; }' is not assignable to type 'any[]'.
  Type '{ rowCount: number; streamed: boolean; }' is missing the following properties from type 'any[]': length, pop, push, concat, and 35 more.
src/lib/analytics/cohort-analytics.ts(36,25): error TS2345: Argument of type 'unknown' is not assignable to parameter of type 'string'.
src/lib/analytics/cohort-analytics.ts(61,25): error TS2345: Argument of type 'unknown' is not assignable to parameter of type 'string'.
src/lib/analytics/cohort-analytics.ts(70,5): error TS2322: Type 'any[] | { rowCount: number; streamed: boolean; }' is not assignable to type 'any[]'.
  Type '{ rowCount: number; streamed: boolean; }' is missing the following properties from type 'any[]': length, pop, push, concat, and 35 more.
src/lib/analytics/cohort-analytics.ts(91,34): error TS2345: Argument of type '{ id: string; }' is not assignable to parameter of type 'string'.
src/lib/analytics/cohort-analytics.ts(105,5): error TS2322: Type 'any[] | { rowCount: number; streamed: boolean; }' is not assignable to type 'any[]'.
  Type '{ rowCount: number; streamed: boolean; }' is missing the following properties from type 'any[]': length, pop, push, concat, and 35 more.
src/lib/analytics/cohort-analytics.ts(121,25): error TS2345: Argument of type 'unknown' is not assignable to parameter of type 'string'.
src/lib/analytics/cohort-analytics.ts(130,5): error TS2322: Type 'any[] | { rowCount: number; streamed: boolean; }' is not assignable to type 'any[]'.
  Type '{ rowCount: number; streamed: boolean; }' is missing the following properties from type 'any[]': length, pop, push, concat, and 35 more.
src/lib/analytics/cohort-analytics.ts(180,25): error TS2345: Argument of type 'unknown' is not assignable to parameter of type 'string'.
src/lib/analytics/cohort-analytics.ts(190,5): error TS2322: Type 'any[] | { rowCount: number; streamed: boolean; }' is not assignable to type 'any[]'.
  Type '{ rowCount: number; streamed: boolean; }' is missing the following properties from type 'any[]': length, pop, push, concat, and 35 more.
src/lib/analytics/funnel-analytics.ts(36,25): error TS2345: Argument of type 'unknown' is not assignable to parameter of type 'string'.
src/lib/analytics/funnel-analytics.ts(61,25): error TS2345: Argument of type 'unknown' is not assignable to parameter of type 'string'.
src/lib/analytics/funnel-analytics.ts(70,5): error TS2322: Type 'any[] | { rowCount: number; streamed: boolean; }' is not assignable to type 'any[]'.
  Type '{ rowCount: number; streamed: boolean; }' is missing the following properties from type 'any[]': length, pop, push, concat, and 35 more.
src/lib/analytics/funnel-analytics.ts(115,36): error TS2345: Argument of type '{ id: string; }' is not assignable to parameter of type 'string'.
src/lib/analytics/funnel-analytics.ts(130,36): error TS2345: Argument of type '{ id: string; }' is not assignable to parameter of type 'string'.
src/lib/analytics/funnel-analytics.ts(149,25): error TS2345: Argument of type 'unknown' is not assignable to parameter of type 'string'.
src/lib/analytics/funnel-analytics.ts(162,34): error TS2339: Property 'length' does not exist on type 'any[] | { rowCount: number; streamed: boolean; }'.
  Property 'length' does not exist on type '{ rowCount: number; streamed: boolean; }'.
src/lib/analytics/funnel-analytics.ts(163,38): error TS2339: Property 'filter' does not exist on type 'any[] | { rowCount: number; streamed: boolean; }'.
  Property 'filter' does not exist on type '{ rowCount: number; streamed: boolean; }'.
src/lib/analytics/funnel-analytics.ts(169,36): error TS2339: Property 'filter' does not exist on type 'any[] | { rowCount: number; streamed: boolean; }'.
  Property 'filter' does not exist on type '{ rowCount: number; streamed: boolean; }'.
src/lib/analytics/google-analytics.ts(293,39): error TS2339: Property 'env' does not exist on type 'ImportMeta'.
src/lib/analytics/index.ts(6,1): error TS2308: Module './analytics-reporting' has already exported a member named 'Dashboard'. Consider explicitly re-exporting to resolve the ambiguity.
src/lib/analytics/journey-analytics.ts(49,43): error TS2345: Argument of type '{ id: string; }' is not assignable to parameter of type 'string'.
src/lib/analytics/journey-analytics.ts(72,43): error TS2345: Argument of type '{ session_id: string; }' is not assignable to parameter of type 'string'.
src/lib/analytics/journey-analytics.ts(99,32): error TS2339: Property 'map' does not exist on type 'any[] | { rowCount: number; streamed: boolean; }'.
  Property 'map' does not exist on type '{ rowCount: number; streamed: boolean; }'.
src/lib/analytics/journey-analytics.ts(108,37): error TS2345: Argument of type '{ path_hash: string; }' is not assignable to parameter of type 'string'.
src/lib/analytics/journey-analytics.ts(118,28): error TS2339: Property 'length' does not exist on type 'any[] | { rowCount: number; streamed: boolean; }'.
  Property 'length' does not exist on type '{ rowCount: number; streamed: boolean; }'.
src/lib/analytics/journey-analytics.ts(140,25): error TS2345: Argument of type 'unknown' is not assignable to parameter of type 'string'.
src/lib/analytics/journey-analytics.ts(149,5): error TS2322: Type 'any[] | { rowCount: number; streamed: boolean; }' is not assignable to type 'any[]'.
  Type '{ rowCount: number; streamed: boolean; }' is missing the following properties from type 'any[]': length, pop, push, concat, and 35 more.
src/lib/analytics/journey-analytics.ts(158,5): error TS2322: Type 'any[] | { rowCount: number; streamed: boolean; }' is not assignable to type 'any[]'.
  Type '{ rowCount: number; streamed: boolean; }' is missing the following properties from type 'any[]': length, pop, push, concat, and 35 more.
src/lib/analytics/journey-analytics.ts(198,25): error TS2345: Argument of type 'unknown' is not assignable to parameter of type 'string'.
src/lib/api/index.ts(4,1): error TS2308: Module './api-documentation' has already exported a member named 'APIKey'. Consider explicitly re-exporting to resolve the ambiguity.
src/lib/badges/badges.ts(15,5): error TS2322: Type 'any[] | { rowCount: number; streamed: boolean; }' is not assignable to type 'any[]'.
  Type '{ rowCount: number; streamed: boolean; }' is missing the following properties from type 'any[]': length, pop, push, concat, and 35 more.
src/lib/badges/badges.ts(35,5): error TS2322: Type 'any[] | { rowCount: number; streamed: boolean; }' is not assignable to type 'any[]'.
  Type '{ rowCount: number; streamed: boolean; }' is missing the following properties from type 'any[]': length, pop, push, concat, and 35 more.
src/lib/badges/badges.ts(82,33): error TS2345: Argument of type '{ user_id: string; is_featured: boolean; }' is not assignable to parameter of type 'string'.
src/lib/badges/badges.ts(86,33): error TS2345: Argument of type '{ user_id: string; badge_id: string; }' is not assignable to parameter of type 'string'.
src/lib/badges/badges.ts(124,5): error TS2322: Type 'any[] | { rowCount: number; streamed: boolean; }' is not assignable to type 'any[]'.
  Type '{ rowCount: number; streamed: boolean; }' is missing the following properties from type 'any[]': length, pop, push, concat, and 35 more.
src/lib/block/blocking.ts(143,19): error TS2339: Property 'rows' does not exist on type 'any[] | { rowCount: number; streamed: boolean; }'.
  Property 'rows' does not exist on type 'any[]'.
src/lib/block/blocking.ts(174,19): error TS2339: Property 'rows' does not exist on type 'any[] | { rowCount: number; streamed: boolean; }'.
  Property 'rows' does not exist on type 'any[]'.
src/lib/block/blocking.ts(317,19): error TS2339: Property 'rows' does not exist on type 'any[] | { rowCount: number; streamed: boolean; }'.
  Property 'rows' does not exist on type 'any[]'.
src/lib/blog/blog.ts(76,31): error TS2339: Property 'map' does not exist on type 'any[] | { rowCount: number; streamed: boolean; }'.
  Property 'map' does not exist on type '{ rowCount: number; streamed: boolean; }'.
src/lib/blog/blog.ts(329,20): error TS2339: Property 'map' does not exist on type 'any[] | { rowCount: number; streamed: boolean; }'.
  Property 'map' does not exist on type '{ rowCount: number; streamed: boolean; }'.
src/lib/blog/blog.ts(350,20): error TS2339: Property 'map' does not exist on type 'any[] | { rowCount: number; streamed: boolean; }'.
  Property 'map' does not exist on type '{ rowCount: number; streamed: boolean; }'.
src/lib/blog/blog.ts(462,5): error TS2322: Type 'any[] | { rowCount: number; streamed: boolean; }' is not assignable to type 'any[]'.
  Type '{ rowCount: number; streamed: boolean; }' is missing the following properties from type 'any[]': length, pop, push, concat, and 35 more.
src/lib/board/board-assurance-continuity-coordinator-v16.ts(5,44): error TS2305: Module '"./governance-kit-stub"' has no exported member 'scorePasses'.
src/lib/board/board-assurance-continuity-coordinator-v16.ts(30,83): error TS2554: Expected 2-3 arguments, but got 5.
src/lib/board/board-assurance-continuity-coordinator-v7.ts(5,44): error TS2305: Module '"./governance-kit-stub"' has no exported member 'scorePasses'.
src/lib/board/board-assurance-continuity-coordinator-v7.ts(30,83): error TS2554: Expected 2-3 arguments, but got 5.
src/lib/board/board-assurance-continuity-forecaster.ts(6,44): error TS2305: Module '"./governance-kit-stub"' has no exported member 'scorePasses'.
src/lib/board/board-assurance-resilience-coordinator.ts(38,73): error TS2554: Expected 2-3 arguments, but got 5.
src/lib/board/board-assurance-stability-coordinator-v13.ts(5,44): error TS2305: Module '"./governance-kit-stub"' has no exported member 'scorePasses'.
src/lib/board/board-assurance-stability-coordinator-v13.ts(30,82): error TS2554: Expected 2-3 arguments, but got 5.
src/lib/board/board-assurance-stability-coordinator-v9.ts(5,44): error TS2305: Module '"./governance-kit-stub"' has no exported member 'scorePasses'.
src/lib/board/board-assurance-stability-coordinator-v9.ts(30,82): error TS2554: Expected 2-3 arguments, but got 5.
src/lib/board/board-assurance-stability-coordinator.ts(6,44): error TS2305: Module '"./governance-kit-stub"' has no exported member 'scorePasses'.
src/lib/board/board-continuity-assurance-coordinator-v10.ts(5,44): error TS2305: Module '"./governance-kit-stub"' has no exported member 'scorePasses'.
src/lib/board/board-continuity-assurance-coordinator-v10.ts(30,83): error TS2554: Expected 2-3 arguments, but got 5.
src/lib/board/board-continuity-assurance-coordinator-v14.ts(5,44): error TS2305: Module '"./governance-kit-stub"' has no exported member 'scorePasses'.
src/lib/board/board-continuity-assurance-coordinator-v14.ts(30,83): error TS2554: Expected 2-3 arguments, but got 5.
src/lib/board/board-continuity-assurance-coordinator-v8.ts(5,44): error TS2305: Module '"./governance-kit-stub"' has no exported member 'scorePasses'.
src/lib/board/board-continuity-assurance-coordinator-v8.ts(30,83): error TS2554: Expected 2-3 arguments, but got 5.
src/lib/board/board-continuity-confidence-coordinator.ts(5,44): error TS2305: Module '"./governance-kit-stub"' has no exported member 'scorePasses'.
src/lib/board/board-continuity-confidence-coordinator.ts(30,84): error TS2554: Expected 2-3 arguments, but got 5.
src/lib/board/board-continuity-stability-coordinator-v12.ts(5,44): error TS2305: Module '"./governance-kit-stub"' has no exported member 'scorePasses'.
src/lib/board/board-continuity-stability-coordinator-v12.ts(30,83): error TS2554: Expected 2-3 arguments, but got 5.
src/lib/board/board-continuity-stability-coordinator-v15.ts(5,44): error TS2305: Module '"./governance-kit-stub"' has no exported member 'scorePasses'.
src/lib/board/board-continuity-stability-coordinator-v15.ts(30,83): error TS2554: Expected 2-3 arguments, but got 5.
src/lib/board/board-continuity-stability-coordinator-v5.ts(5,44): error TS2305: Module '"./governance-kit-stub"' has no exported member 'scorePasses'.
src/lib/board/board-continuity-stability-coordinator-v5.ts(30,83): error TS2554: Expected 2-3 arguments, but got 5.
src/lib/board/board-stability-assurance-coordinator-v11.ts(5,44): error TS2305: Module '"./governance-kit-stub"' has no exported member 'scorePasses'.
src/lib/board/board-stability-assurance-coordinator-v11.ts(30,82): error TS2554: Expected 2-3 arguments, but got 5.
src/lib/board/board-stability-assurance-coordinator.ts(5,44): error TS2305: Module '"./governance-kit-stub"' has no exported member 'scorePasses'.
src/lib/board/board-stability-assurance-coordinator.ts(31,72): error TS2554: Expected 2-3 arguments, but got 5.
src/lib/board/board-stability-assurance-coordinator.ts(64,82): error TS2554: Expected 2-3 arguments, but got 5.
src/lib/board/board-stability-continuity-coordinator-v6.ts(5,44): error TS2305: Module '"./governance-kit-stub"' has no exported member 'scorePasses'.
src/lib/board/board-stability-continuity-coordinator-v6.ts(30,83): error TS2554: Expected 2-3 arguments, but got 5.
src/lib/board/board-stability-recovery-forecaster.ts(6,44): error TS2305: Module '"./governance-kit-stub"' has no exported member 'scorePasses'.
src/lib/board/board-stability-trust-coordinator-v4.ts(5,44): error TS2305: Module '"./governance-kit-stub"' has no exported member 'scorePasses'.
src/lib/board/board-stability-trust-coordinator-v4.ts(30,78): error TS2554: Expected 2-3 arguments, but got 5.
src/lib/board/board-trust-stability-coordinator-v3.ts(5,44): error TS2305: Module '"./governance-kit-stub"' has no exported member 'scorePasses'.
src/lib/board/board-trust-stability-coordinator-v3.ts(30,78): error TS2554: Expected 2-3 arguments, but got 5.
src/lib/cache/advanced.ts(150,19): error TS2551: Property 'setex' does not exist on type 'RedisClientType<{ graph: { CONFIG_GET: typeof import("D:/sanliurfa.com/sanliurfa/node_modules/@redis/graph/dist/commands/CONFIG_GET"); configGet: typeof import("D:/sanliurfa.com/sanliurfa/node_modules/@redis/graph/dist/commands/CONFIG_GET"); ... 15 more ...; slowLog: typeof import("D:/sanliurfa.com/sanliurfa/node_mo...'. Did you mean 'setEx'?
src/lib/cache/advanced.ts(153,21): error TS2551: Property 'sadd' does not exist on type 'RedisClientType<{ graph: { CONFIG_GET: typeof import("D:/sanliurfa.com/sanliurfa/node_modules/@redis/graph/dist/commands/CONFIG_GET"); configGet: typeof import("D:/sanliurfa.com/sanliurfa/node_modules/@redis/graph/dist/commands/CONFIG_GET"); ... 15 more ...; slowLog: typeof import("D:/sanliurfa.com/sanliurfa/node_mo...'. Did you mean 'sAdd'?
src/lib/cache/advanced.ts(189,23): error TS2551: Property 'srem' does not exist on type 'RedisClientType<{ graph: { CONFIG_GET: typeof import("D:/sanliurfa.com/sanliurfa/node_modules/@redis/graph/dist/commands/CONFIG_GET"); configGet: typeof import("D:/sanliurfa.com/sanliurfa/node_modules/@redis/graph/dist/commands/CONFIG_GET"); ... 15 more ...; slowLog: typeof import("D:/sanliurfa.com/sanliurfa/node_mo...'. Did you mean 'sRem'?
src/lib/cache/advanced.ts(208,32): error TS2551: Property 'smembers' does not exist on type 'RedisClientType<{ graph: { CONFIG_GET: typeof import("D:/sanliurfa.com/sanliurfa/node_modules/@redis/graph/dist/commands/CONFIG_GET"); configGet: typeof import("D:/sanliurfa.com/sanliurfa/node_modules/@redis/graph/dist/commands/CONFIG_GET"); ... 15 more ...; slowLog: typeof import("D:/sanliurfa.com/sanliurfa/node_mo...'. Did you mean 'sMembers'?
src/lib/cache/advanced.ts(236,41): error TS2345: Argument of type '[number, { match: string; count: number; }]' is not assignable to parameter of type '[cursor: number, options?: ScanCommandOptions] | [options: CommandOptions<ClientCommandOptions>, cursor: number, options?: ScanCommandOptions]'.
  Type '[number, { match: string; count: number; }]' is not assignable to type '[options: CommandOptions<ClientCommandOptions>, cursor: number, options?: ScanCommandOptions]'.
    Type at position 0 in source is not compatible with type at position 0 in target.
      Type 'number' is not assignable to type 'CommandOptions<ClientCommandOptions>'.
        Type 'number' is not assignable to type '{ readonly [symbol]: true; }'.
src/lib/cache/advanced.ts(240,27): error TS2345: Argument of type 'string[]' is not assignable to parameter of type '[keys: RedisCommandArgument | RedisCommandArgument[]] | [options: CommandOptions<ClientCommandOptions>, keys: RedisCommandArgument | RedisCommandArgument[]]'.
  Type 'string[]' is not assignable to type '[options: CommandOptions<ClientCommandOptions>, keys: RedisCommandArgument | RedisCommandArgument[]]'.
    Target requires 2 element(s) but source may have fewer.
src/lib/cache/advanced.ts(259,41): error TS2345: Argument of type '[number, { match: string; count: number; }]' is not assignable to parameter of type '[cursor: number, options?: ScanCommandOptions] | [options: CommandOptions<ClientCommandOptions>, cursor: number, options?: ScanCommandOptions]'.
  Type '[number, { match: string; count: number; }]' is not assignable to type '[options: CommandOptions<ClientCommandOptions>, cursor: number, options?: ScanCommandOptions]'.
    Type at position 0 in source is not compatible with type at position 0 in target.
      Type 'number' is not assignable to type 'CommandOptions<ClientCommandOptions>'.
        Type 'number' is not assignable to type '{ readonly [symbol]: true; }'.
src/lib/cache/advanced.ts(263,27): error TS2345: Argument of type 'string[]' is not assignable to parameter of type '[keys: RedisCommandArgument | RedisCommandArgument[]] | [options: CommandOptions<ClientCommandOptions>, keys: RedisCommandArgument | RedisCommandArgument[]]'.
  Type 'string[]' is not assignable to type '[options: CommandOptions<ClientCommandOptions>, keys: RedisCommandArgument | RedisCommandArgument[]]'.
    Target requires 2 element(s) but source may have fewer.
src/lib/cache/cache-strategy.ts(89,35): error TS2353: Object literal may only specify known properties, and 'key' does not exist in type 'Error'.
src/lib/cache/cache-strategy.ts(104,48): error TS2353: Object literal may only specify known properties, and 'pattern' does not exist in type 'Error'.
src/lib/cache/cache.ts(4,55): error TS2339: Property 'env' does not exist on type 'ImportMeta'.
src/lib/cdn/cdn-distribution.ts(223,16): error TS2345: Argument of type '`max-age=${number}`' is not assignable to parameter of type '"public" | "private" | "no-cache"'.
src/lib/cdn/cdn-distribution.ts(227,16): error TS2345: Argument of type '`s-maxage=${number}`' is not assignable to parameter of type '"public" | "private" | "no-cache"'.
src/lib/cdn/cdn-distribution.ts(231,16): error TS2345: Argument of type '`stale-while-revalidate=${number}`' is not assignable to parameter of type '"public" | "private" | "no-cache"'.
src/lib/collaboration/index.ts(4,1): error TS2308: Module './collaboration' has already exported a member named 'ConflictResolver'. Consider explicitly re-exporting to resolve the ambiguity.
src/lib/collaboration/index.ts(4,1): error TS2308: Module './collaboration' has already exported a member named 'conflictResolver'. Consider explicitly re-exporting to resolve the ambiguity.
src/lib/collaborative/collaborative-editing.ts(38,25): error TS2345: Argument of type 'unknown' is not assignable to parameter of type 'string'.
src/lib/collaborative/collaborative-editing.ts(72,44): error TS2345: Argument of type '{ id: string; }' is not assignable to parameter of type 'string'.
src/lib/collaborative/collaborative-editing.ts(87,48): error TS2345: Argument of type '{ session_id: string; user_id: string; }' is not assignable to parameter of type 'string'.
src/lib/collaborative/collaborative-editing.ts(99,46): error TS2345: Argument of type '{ id: string; }' is not assignable to parameter of type 'string'.
src/lib/collaborative/collaborative-editing.ts(134,5): error TS2322: Type 'any[] | { rowCount: number; streamed: boolean; }' is not assignable to type 'any[]'.
  Type '{ rowCount: number; streamed: boolean; }' is missing the following properties from type 'any[]': length, pop, push, concat, and 35 more.
src/lib/collaborative/collaborative-editing.ts(198,36): error TS2345: Argument of type '{ id: string; }' is not assignable to parameter of type 'string'.
src/lib/collaborative/collaborative-editing.ts(249,44): error TS2345: Argument of type '{ id: string; }' is not assignable to parameter of type 'string'.
src/lib/collaborative/collaborative-editing.ts(262,5): error TS2322: Type 'any[] | { rowCount: number; streamed: boolean; }' is not assignable to type 'any[]'.
  Type '{ rowCount: number; streamed: boolean; }' is missing the following properties from type 'any[]': length, pop, push, concat, and 35 more.
src/lib/collaborative/collaborative-editing.ts(276,48): error TS2345: Argument of type '{ id: string; }' is not assignable to parameter of type 'string'.
src/lib/comment/comments.ts(125,41): error TS2339: Property 'rows' does not exist on type 'any[] | { rowCount: number; streamed: boolean; }'.
  Property 'rows' does not exist on type 'any[]'.
src/lib/compliance/compliance-assurance-confidence-mesh.ts(6,44): error TS2305: Module '"./governance-kit"' has no exported member 'scorePasses'.
src/lib/compliance/compliance-assurance-trust-mesh-v7.ts(38,5): error TS2322: Type 'GovernanceReport' is not assignable to type 'string'.
src/lib/compliance/compliance-assurance-trust-mesh-v7.ts(38,83): error TS2554: Expected 2-3 arguments, but got 5.
src/lib/compliance/compliance-continuity-trust-mesh-v12.ts(38,5): error TS2322: Type 'GovernanceReport' is not assignable to type 'string'.
src/lib/compliance/compliance-continuity-trust-mesh-v12.ts(38,84): error TS2554: Expected 2-3 arguments, but got 5.
src/lib/compliance/compliance-continuity-trust-mesh-v15.ts(38,5): error TS2322: Type 'GovernanceReport' is not assignable to type 'string'.
src/lib/compliance/compliance-continuity-trust-mesh-v15.ts(38,84): error TS2554: Expected 2-3 arguments, but got 5.
src/lib/compliance/compliance-continuity-trust-mesh-v5.ts(38,5): error TS2322: Type 'GovernanceReport' is not assignable to type 'string'.
src/lib/compliance/compliance-continuity-trust-mesh-v5.ts(38,84): error TS2554: Expected 2-3 arguments, but got 5.
src/lib/compliance/compliance-drift-recovery-harmonizer.ts(6,44): error TS2305: Module '"./governance-kit"' has no exported member 'scorePasses'.
src/lib/compliance/compliance-recovery-assurance-mesh.ts(6,44): error TS2305: Module '"./governance-kit"' has no exported member 'scorePasses'.
src/lib/compliance/compliance-recovery-continuity-mesh-v10.ts(38,5): error TS2322: Type 'GovernanceReport' is not assignable to type 'string'.
src/lib/compliance/compliance-recovery-continuity-mesh-v10.ts(38,87): error TS2554: Expected 2-3 arguments, but got 5.
src/lib/compliance/compliance-recovery-continuity-mesh-v14.ts(38,5): error TS2322: Type 'GovernanceReport' is not assignable to type 'string'.
src/lib/compliance/compliance-recovery-continuity-mesh-v14.ts(38,87): error TS2554: Expected 2-3 arguments, but got 5.
src/lib/compliance/compliance-recovery-continuity-mesh.ts(38,5): error TS2322: Type 'GovernanceReport' is not assignable to type 'string'.
src/lib/compliance/compliance-recovery-continuity-mesh.ts(38,76): error TS2554: Expected 2-3 arguments, but got 5.
src/lib/compliance/compliance-recovery-trust-mesh-v8.ts(38,5): error TS2322: Type 'GovernanceReport' is not assignable to type 'string'.
src/lib/compliance/compliance-recovery-trust-mesh-v8.ts(38,82): error TS2554: Expected 2-3 arguments, but got 5.
src/lib/compliance/compliance-resilience-settlement-mesh.ts(38,5): error TS2322: Type 'GovernanceReport' is not assignable to type 'string'.
src/lib/compliance/compliance-resilience-settlement-mesh.ts(38,78): error TS2554: Expected 2-3 arguments, but got 5.
src/lib/compliance/compliance-resilience-trust-mesh.ts(6,44): error TS2305: Module '"./governance-kit"' has no exported member 'scorePasses'.
src/lib/compliance/compliance-stability-continuity-mesh-v3.ts(38,5): error TS2322: Type 'GovernanceReport' is not assignable to type 'string'.
src/lib/compliance/compliance-stability-continuity-mesh-v3.ts(38,88): error TS2554: Expected 2-3 arguments, but got 5.
src/lib/compliance/compliance-stability-trust-mesh-v13.ts(38,5): error TS2322: Type 'GovernanceReport' is not assignable to type 'string'.
src/lib/compliance/compliance-stability-trust-mesh-v13.ts(38,83): error TS2554: Expected 2-3 arguments, but got 5.
src/lib/compliance/compliance-stability-trust-mesh-v9.ts(38,5): error TS2322: Type 'GovernanceReport' is not assignable to type 'string'.
src/lib/compliance/compliance-stability-trust-mesh-v9.ts(38,83): error TS2554: Expected 2-3 arguments, but got 5.
src/lib/compliance/compliance-trust-assurance-mesh-v11.ts(38,5): error TS2322: Type 'GovernanceReport' is not assignable to type 'string'.
src/lib/compliance/compliance-trust-assurance-mesh-v11.ts(38,83): error TS2554: Expected 2-3 arguments, but got 5.
src/lib/compliance/compliance-trust-continuity-mesh-v6.ts(38,5): error TS2322: Type 'GovernanceReport' is not assignable to type 'string'.
src/lib/compliance/compliance-trust-continuity-mesh-v6.ts(38,84): error TS2554: Expected 2-3 arguments, but got 5.
src/lib/compliance/compliance-trust-recovery-mesh-v4.ts(38,5): error TS2322: Type 'GovernanceReport' is not assignable to type 'string'.
src/lib/compliance/compliance-trust-recovery-mesh-v4.ts(38,82): error TS2554: Expected 2-3 arguments, but got 5.
src/lib/compliance/compliance-trust-recovery-mesh.ts(38,5): error TS2322: Type 'GovernanceReport' is not assignable to type 'string'.
src/lib/compliance/compliance-trust-recovery-mesh.ts(38,71): error TS2554: Expected 2-3 arguments, but got 5.
src/lib/compliance/compliance-trust-stability-mesh-v16.ts(38,5): error TS2322: Type 'GovernanceReport' is not assignable to type 'string'.
src/lib/compliance/compliance-trust-stability-mesh-v16.ts(38,83): error TS2554: Expected 2-3 arguments, but got 5.
src/lib/compliance/index.ts(19,1): error TS2308: Module './compliance-auditing' has already exported a member named 'ComplianceRequirement'. Consider explicitly re-exporting to resolve the ambiguity.
src/lib/compliance/index.ts(47,1): error TS2308: Module './compliance-auditing' has already exported a member named 'ComplianceRequirement'. Consider explicitly re-exporting to resolve the ambiguity.
src/lib/config/config.ts(6,24): error TS2307: Cannot find module './env-validator' or its corresponding type declarations.
src/lib/config/config.ts(87,7): error TS2739: Type '{ bcryptRounds: number; rateLimitEnabled: false; }' is missing the following properties from type '{ jwtSecret: string; jwtExpiresIn: string; bcryptRounds: number; allowedOrigins: string[]; rateLimitEnabled: boolean; }': jwtSecret, jwtExpiresIn, allowedOrigins
src/lib/config/config.ts(102,7): error TS2739: Type '{ bcryptRounds: number; rateLimitEnabled: true; }' is missing the following properties from type '{ jwtSecret: string; jwtExpiresIn: string; bcryptRounds: number; allowedOrigins: string[]; rateLimitEnabled: boolean; }': jwtSecret, jwtExpiresIn, allowedOrigins
src/lib/config/config.ts(117,7): error TS2739: Type '{ bcryptRounds: number; rateLimitEnabled: true; }' is missing the following properties from type '{ jwtSecret: string; jwtExpiresIn: string; bcryptRounds: number; allowedOrigins: string[]; rateLimitEnabled: boolean; }': jwtSecret, jwtExpiresIn, allowedOrigins
src/lib/config/config.ts(132,7): error TS2739: Type '{ bcryptRounds: number; rateLimitEnabled: false; }' is missing the following properties from type '{ jwtSecret: string; jwtExpiresIn: string; bcryptRounds: number; allowedOrigins: string[]; rateLimitEnabled: boolean; }': jwtSecret, jwtExpiresIn, allowedOrigins
src/lib/content/content-management.ts(53,25): error TS2345: Argument of type 'unknown' is not assignable to parameter of type 'string'.
src/lib/content/content-management.ts(94,35): error TS2345: Argument of type '{ id: string; }' is not assignable to parameter of type 'string'.
src/lib/content/content-management.ts(123,35): error TS2345: Argument of type '{ id: string; }' is not assignable to parameter of type 'string'.
src/lib/content/content-management.ts(166,5): error TS2322: Type 'any[] | { rowCount: number; streamed: boolean; }' is not assignable to type 'any[]'.
  Type '{ rowCount: number; streamed: boolean; }' is missing the following properties from type 'any[]': length, pop, push, concat, and 35 more.
src/lib/content/content-management.ts(179,25): error TS2345: Argument of type 'unknown' is not assignable to parameter of type 'string'.
src/lib/content/content-management.ts(219,35): error TS2345: Argument of type '{ id: string; }' is not assignable to parameter of type 'string'.
src/lib/content/content-management.ts(234,9): error TS2345: Argument of type '{ content_id: string; view_date: string; }' is not assignable to parameter of type 'string'.
src/lib/content/content-management.ts(255,5): error TS2322: Type 'any[] | { rowCount: number; streamed: boolean; }' is not assignable to type 'any[]'.
  Type '{ rowCount: number; streamed: boolean; }' is missing the following properties from type 'any[]': length, pop, push, concat, and 35 more.
src/lib/content/content-management.ts(275,5): error TS2322: Type 'any[] | { rowCount: number; streamed: boolean; }' is not assignable to type 'any[]'.
  Type '{ rowCount: number; streamed: boolean; }' is missing the following properties from type 'any[]': length, pop, push, concat, and 35 more.
src/lib/content/content-management.ts(315,37): error TS2345: Argument of type '{ id: string; }' is not assignable to parameter of type 'string'.
src/lib/cqrs/cqrs-engine.ts(80,50): error TS2353: Object literal may only specify known properties, and 'type' does not exist in type 'Error'.
src/lib/cqrs/cqrs-engine.ts(154,48): error TS2353: Object literal may only specify known properties, and 'type' does not exist in type 'Error'.
src/lib/data/data-transformation.ts(163,34): error TS2538: Type 'unknown' cannot be used as an index type.
src/lib/data/data-warehouse.ts(220,33): error TS2345: Argument of type 'unknown' is not assignable to parameter of type 'string'.
src/lib/distributed/distributed-tracing.ts(55,5): error TS2739: Type '{ traceId: string; spanId: string; parentSpanId: string; traceparent: string; tracestate: string; timestamp: number; }' is missing the following properties from type 'TraceContext': counter, startTrace, parseTraceparent, propagateContext
src/lib/email/email-analytics.ts(133,20): error TS2339: Property 'map' does not exist on type 'any[] | { rowCount: number; streamed: boolean; }'.
  Property 'map' does not exist on type '{ rowCount: number; streamed: boolean; }'.
src/lib/email/email-analytics.ts(171,21): error TS2339: Property 'map' does not exist on type 'any[] | { rowCount: number; streamed: boolean; }'.
  Property 'map' does not exist on type '{ rowCount: number; streamed: boolean; }'.
src/lib/email/email-analytics.ts(199,5): error TS2322: Type 'any[] | { rowCount: number; streamed: boolean; }' is not assignable to type 'any[]'.
  Type '{ rowCount: number; streamed: boolean; }' is missing the following properties from type 'any[]': length, pop, push, concat, and 35 more.
src/lib/email/email-analytics.ts(223,5): error TS2322: Type 'any[] | { rowCount: number; streamed: boolean; }' is not assignable to type 'any[]'.
  Type '{ rowCount: number; streamed: boolean; }' is missing the following properties from type 'any[]': length, pop, push, concat, and 35 more.
src/lib/email/email-analytics.ts(249,5): error TS2322: Type 'any[] | { rowCount: number; streamed: boolean; }' is not assignable to type 'any[]'.
  Type '{ rowCount: number; streamed: boolean; }' is missing the following properties from type 'any[]': length, pop, push, concat, and 35 more.
src/lib/email/email-analytics.ts(302,5): error TS2322: Type 'any[] | { rowCount: number; streamed: boolean; }' is not assignable to type 'any[]'.
  Type '{ rowCount: number; streamed: boolean; }' is missing the following properties from type 'any[]': length, pop, push, concat, and 35 more.
src/lib/email/email-analytics.ts(325,24): error TS2339: Property 'map' does not exist on type 'any[] | { rowCount: number; streamed: boolean; }'.
  Property 'map' does not exist on type '{ rowCount: number; streamed: boolean; }'.
src/lib/email/email-analytics.ts(368,5): error TS2322: Type 'any[] | { rowCount: number; streamed: boolean; }' is not assignable to type 'any[]'.
  Type '{ rowCount: number; streamed: boolean; }' is missing the following properties from type 'any[]': length, pop, push, concat, and 35 more.
src/lib/email/email-automation.ts(133,31): error TS2554: Expected 3 arguments, but got 1.
src/lib/email/email-automation.ts(159,52): error TS2345: Argument of type '{ id: any; }' is not assignable to parameter of type 'string'.
src/lib/email/email-automation.ts(399,20): error TS2339: Property 'map' does not exist on type 'any[] | { rowCount: number; streamed: boolean; }'.
  Property 'map' does not exist on type '{ rowCount: number; streamed: boolean; }'.
src/lib/email/email-automation.ts(424,20): error TS2339: Property 'map' does not exist on type 'any[] | { rowCount: number; streamed: boolean; }'.
  Property 'map' does not exist on type '{ rowCount: number; streamed: boolean; }'.
src/lib/email/email-campaigns.ts(189,52): error TS2345: Argument of type '{ id: string; }' is not assignable to parameter of type 'string'.
src/lib/email/email-campaigns.ts(364,44): error TS2353: Object literal may only specify known properties, and 'campaignId' does not exist in type 'Error'.
src/lib/email/email-campaigns.ts(369,37): error TS2345: Argument of type '{ id: string | number; }' is not assignable to parameter of type 'string'.
src/lib/email/email-campaigns.ts(376,39): error TS2345: Argument of type '{ id: string | number; }' is not assignable to parameter of type 'string'.
src/lib/email/email-campaigns.ts(400,31): error TS2554: Expected 3 arguments, but got 1.
src/lib/email/email-campaigns.ts(423,37): error TS2345: Argument of type '{ id: string | number; }' is not assignable to parameter of type 'string'.
src/lib/email/email-campaigns.ts(433,37): error TS2345: Argument of type '{ id: string | number; }' is not assignable to parameter of type 'string'.
src/lib/email/email-campaigns.ts(443,52): error TS2345: Argument of type '{ id: string | number; }' is not assignable to parameter of type 'string'.
src/lib/email/email-marketing.ts(115,22): error TS2339: Property 'map' does not exist on type 'any[] | { rowCount: number; streamed: boolean; }'.
  Property 'map' does not exist on type '{ rowCount: number; streamed: boolean; }'.
src/lib/email/email-marketing.ts(137,53): error TS2345: Argument of type '{ id: string; }' is not assignable to parameter of type 'string'.
src/lib/email/email-marketing.ts(190,53): error TS2345: Argument of type '{ id: string; }' is not assignable to parameter of type 'string'.
src/lib/email/email-marketing.ts(214,53): error TS2345: Argument of type '{ id: string; }' is not assignable to parameter of type 'string'.
src/lib/email/email-marketing.ts(270,18): error TS2339: Property 'map' does not exist on type 'any[] | { rowCount: number; streamed: boolean; }'.
  Property 'map' does not exist on type '{ rowCount: number; streamed: boolean; }'.
src/lib/email/email-marketing.ts(323,5): error TS2322: Type 'any[] | { rowCount: number; streamed: boolean; }' is not assignable to type 'any[]'.
  Type '{ rowCount: number; streamed: boolean; }' is missing the following properties from type 'any[]': length, pop, push, concat, and 35 more.
src/lib/email/email-notifications.ts(151,11): error TS2304: Cannot find name 'sendEmail'.
src/lib/email/email-notifications.ts(211,11): error TS2304: Cannot find name 'sendEmail'.
src/lib/email/email-preferences.ts(92,54): error TS2345: Argument of type '{ user_id: string; }' is not assignable to parameter of type 'string'.
src/lib/email/email-service.ts(80,19): error TS2339: Property 'map' does not exist on type 'any[] | { rowCount: number; streamed: boolean; }'.
  Property 'map' does not exist on type '{ rowCount: number; streamed: boolean; }'.
src/lib/email/email-service.ts(101,33): error TS2345: Argument of type '{ id: string; }' is not assignable to parameter of type 'string'.
src/lib/email/email-service.ts(143,33): error TS2345: Argument of type '{ id: string; }' is not assignable to parameter of type 'string'.
src/lib/email/email.ts(93,20): error TS2339: Property 'rows' does not exist on type 'any[] | { rowCount: number; streamed: boolean; }'.
  Property 'rows' does not exist on type 'any[]'.
src/lib/email/email.ts(281,26): error TS2304: Cannot find name 'queryOne'.
src/lib/email/index.ts(6,1): error TS2308: Module './email-analytics' has already exported a member named 'CampaignMetrics'. Consider explicitly re-exporting to resolve the ambiguity.
src/lib/email/index.ts(7,1): error TS2308: Module './email-campaigns' has already exported a member named 'createCampaign'. Consider explicitly re-exporting to resolve the ambiguity.
src/lib/email/index.ts(7,1): error TS2308: Module './email-campaigns' has already exported a member named 'getCampaign'. Consider explicitly re-exporting to resolve the ambiguity.
src/lib/email/index.ts(7,1): error TS2308: Module './email-campaigns' has already exported a member named 'updateCampaign'. Consider explicitly re-exporting to resolve the ambiguity.
src/lib/email/index.ts(10,1): error TS2308: Module './email' has already exported a member named 'markEmailSent'. Consider explicitly re-exporting to resolve the ambiguity.
src/lib/env.ts(34,53): error TS2339: Property 'env' does not exist on type 'ImportMeta'.
src/lib/env.ts(43,22): error TS2339: Property 'env' does not exist on type 'ImportMeta'.
src/lib/env.ts(55,57): error TS2339: Property 'env' does not exist on type 'ImportMeta'.
src/lib/env.ts(56,59): error TS2339: Property 'env' does not exist on type 'ImportMeta'.
src/lib/env.ts(57,57): error TS2339: Property 'env' does not exist on type 'ImportMeta'.
src/lib/env.ts(64,31): error TS2339: Property 'env' does not exist on type 'ImportMeta'.
src/lib/env.ts(65,36): error TS2339: Property 'env' does not exist on type 'ImportMeta'.
src/lib/env.ts(66,27): error TS2339: Property 'env' does not exist on type 'ImportMeta'.
src/lib/env.ts(67,28): error TS2339: Property 'env' does not exist on type 'ImportMeta'.
src/lib/env.ts(68,32): error TS2339: Property 'env' does not exist on type 'ImportMeta'.
src/lib/env.ts(77,28): error TS2339: Property 'env' does not exist on type 'ImportMeta'.
src/lib/env.ts(78,29): error TS2339: Property 'env' does not exist on type 'ImportMeta'.
src/lib/env.ts(83,31): error TS2339: Property 'env' does not exist on type 'ImportMeta'.
src/lib/env.ts(91,31): error TS2339: Property 'env' does not exist on type 'ImportMeta'.
src/lib/env.ts(97,31): error TS2339: Property 'env' does not exist on type 'ImportMeta'.
src/lib/event/event-router.ts(48,11): error TS2739: Type '{ id: string; pattern: string; filter: (event: any) => boolean; destination: string; priority: number; enabled: true; }' is missing the following properties from type 'RoutingRule': rules, addRule, removeRule, listRules
src/lib/event/event-store.ts(209,11): error TS2740: Type '{ aggregateId: string; aggregateType: string; version: number; state: Record<string, any>; timestamp: number; }' is missing the following properties from type 'EventSnapshot': snapshots, counter, createSnapshot, getLatestSnapshot, and 2 more.
src/lib/events/events-management.ts(52,25): error TS2345: Argument of type 'unknown' is not assignable to parameter of type 'string'.
src/lib/events/events-management.ts(114,25): error TS2345: Argument of type 'unknown' is not assignable to parameter of type 'string'.
src/lib/events/events-management.ts(143,37): error TS2339: Property 'map' does not exist on type 'any[] | { rowCount: number; streamed: boolean; }'.
  Property 'map' does not exist on type '{ rowCount: number; streamed: boolean; }'.
src/lib/events/events-management.ts(190,20): error TS2339: Property 'map' does not exist on type 'any[] | { rowCount: number; streamed: boolean; }'.
  Property 'map' does not exist on type '{ rowCount: number; streamed: boolean; }'.
src/lib/events/events-management.ts(272,25): error TS2345: Argument of type 'unknown' is not assignable to parameter of type 'string'.
src/lib/events/events-management.ts(282,48): error TS2339: Property 'map' does not exist on type 'any[] | { rowCount: number; streamed: boolean; }'.
  Property 'map' does not exist on type '{ rowCount: number; streamed: boolean; }'.
src/lib/events/events-management.ts(327,25): error TS2345: Argument of type 'unknown' is not assignable to parameter of type 'string'.
src/lib/events/events-management.ts(338,37): error TS2339: Property 'map' does not exist on type 'any[] | { rowCount: number; streamed: boolean; }'.
  Property 'map' does not exist on type '{ rowCount: number; streamed: boolean; }'.
src/lib/feature/feature-flags.ts(68,19): error TS2551: Property 'setex' does not exist on type 'RedisClientType<{ graph: { CONFIG_GET: typeof import("D:/sanliurfa.com/sanliurfa/node_modules/@redis/graph/dist/commands/CONFIG_GET"); configGet: typeof import("D:/sanliurfa.com/sanliurfa/node_modules/@redis/graph/dist/commands/CONFIG_GET"); ... 15 more ...; slowLog: typeof import("D:/sanliurfa.com/sanliurfa/node_mo...'. Did you mean 'setEx'?
src/lib/feature/feature-gating.ts(140,12): error TS2367: This comparison appears to be unintentional because the types '1 | 2 | 3' and '0' have no overlap.
src/lib/feature/featured-listings.ts(153,24): error TS2339: Property 'rows' does not exist on type 'any[] | { rowCount: number; streamed: boolean; }'.
  Property 'rows' does not exist on type 'any[]'.
src/lib/feature/featured-listings.ts(182,39): error TS2339: Property 'rows' does not exist on type 'any[] | { rowCount: number; streamed: boolean; }'.
  Property 'rows' does not exist on type 'any[]'.
src/lib/feature/featured-listings.ts(183,21): error TS2339: Property 'rows' does not exist on type 'any[] | { rowCount: number; streamed: boolean; }'.
  Property 'rows' does not exist on type 'any[]'.
src/lib/feature/featured-listings.ts(205,55): error TS2345: Argument of type '{ id: string; }' is not assignable to parameter of type 'string'.
src/lib/feature/featured-listings.ts(294,13): error TS2339: Property 'rows' does not exist on type 'any[] | { rowCount: number; streamed: boolean; }'.
  Property 'rows' does not exist on type 'any[]'.
src/lib/feature/featured-listings.ts(309,30): error TS2339: Property 'rows' does not exist on type 'any[] | { rowCount: number; streamed: boolean; }'.
  Property 'rows' does not exist on type 'any[]'.
src/lib/feed/activity-feed.ts(63,38): error TS2339: Property 'rows' does not exist on type 'any[] | { rowCount: number; streamed: boolean; }'.
  Property 'rows' does not exist on type 'any[]'.
src/lib/feed/activity-feed.ts(115,20): error TS2339: Property 'rows' does not exist on type 'any[] | { rowCount: number; streamed: boolean; }'.
  Property 'rows' does not exist on type 'any[]'.
src/lib/feed/activity-feed.ts(162,20): error TS2339: Property 'rows' does not exist on type 'any[] | { rowCount: number; streamed: boolean; }'.
  Property 'rows' does not exist on type 'any[]'.
src/lib/feed/activity-feed.ts(211,20): error TS2339: Property 'rows' does not exist on type 'any[] | { rowCount: number; streamed: boolean; }'.
  Property 'rows' does not exist on type 'any[]'.
src/lib/feed/activity-feed.ts(242,7): error TS2554: Expected 1-2 arguments, but got 3.
src/lib/feed/feed.ts(79,20): error TS2339: Property 'rows' does not exist on type 'any[] | { rowCount: number; streamed: boolean; }'.
  Property 'rows' does not exist on type 'any[]'.
src/lib/feed/feed.ts(127,26): error TS2339: Property 'rows' does not exist on type 'any[] | { rowCount: number; streamed: boolean; }'.
  Property 'rows' does not exist on type 'any[]'.
src/lib/feed/feed.ts(177,26): error TS2339: Property 'rows' does not exist on type 'any[] | { rowCount: number; streamed: boolean; }'.
  Property 'rows' does not exist on type 'any[]'.
src/lib/feed/feed.ts(227,26): error TS2339: Property 'rows' does not exist on type 'any[] | { rowCount: number; streamed: boolean; }'.
  Property 'rows' does not exist on type 'any[]'.
src/lib/feed/index.ts(4,1): error TS2308: Module './activity-feed' has already exported a member named 'FeedItem'. Consider explicitly re-exporting to resolve the ambiguity.
src/lib/feed/trending-recommendations.ts(79,25): error TS2345: Argument of type 'unknown' is not assignable to parameter of type 'string'.
src/lib/feed/trending-recommendations.ts(131,9): error TS2345: Argument of type '{ entity_type: string; entity_id: string; period: "daily" | "weekly" | "hourly"; }' is not assignable to parameter of type 'string'.
src/lib/feed/trending-recommendations.ts(187,19): error TS2339: Property 'length' does not exist on type 'any[] | { rowCount: number; streamed: boolean; }'.
  Property 'length' does not exist on type '{ rowCount: number; streamed: boolean; }'.
src/lib/feed/trending-recommendations.ts(192,34): error TS2339: Property 'map' does not exist on type 'any[] | { rowCount: number; streamed: boolean; }'.
  Property 'map' does not exist on type '{ rowCount: number; streamed: boolean; }'.
src/lib/feed/trending-recommendations.ts(284,25): error TS2345: Argument of type 'unknown' is not assignable to parameter of type 'string'.
src/lib/feed/trending-recommendations.ts(318,9): error TS2345: Argument of type '{ user_id: string; interest_category: string; }' is not assignable to parameter of type 'string'.
src/lib/feed/trending-recommendations.ts(349,5): error TS2322: Type 'any[] | { rowCount: number; streamed: boolean; }' is not assignable to type 'UserInterest[]'.
  Type '{ rowCount: number; streamed: boolean; }' is missing the following properties from type 'UserInterest[]': length, pop, push, concat, and 35 more.
src/lib/feed/trending-recommendations.ts(386,9): error TS2345: Argument of type '{ content_type: string; content_id: string; }' is not assignable to parameter of type 'string'.
src/lib/feed/trending-recommendations.ts(429,5): error TS2322: Type 'any[] | { rowCount: number; streamed: boolean; }' is not assignable to type 'ContentPopularity[]'.
  Type '{ rowCount: number; streamed: boolean; }' is missing the following properties from type 'ContentPopularity[]': length, pop, push, concat, and 35 more.
src/lib/feed/trending-recommendations.ts(453,25): error TS2345: Argument of type 'unknown' is not assignable to parameter of type 'string'.
src/lib/feed/trending-recommendations.ts(465,5): error TS2322: Type 'any[] | { rowCount: number; streamed: boolean; }' is not assignable to type 'any[]'.
  Type '{ rowCount: number; streamed: boolean; }' is missing the following properties from type 'any[]': length, pop, push, concat, and 35 more.
src/lib/feed/trending-recommendations.ts(483,25): error TS2345: Argument of type 'unknown' is not assignable to parameter of type 'string'.
src/lib/feed/trending-recommendations.ts(495,5): error TS2322: Type 'any[] | { rowCount: number; streamed: boolean; }' is not assignable to type 'any[]'.
  Type '{ rowCount: number; streamed: boolean; }' is missing the following properties from type 'any[]': length, pop, push, concat, and 35 more.
src/lib/file/file-management.ts(52,25): error TS2345: Argument of type 'unknown' is not assignable to parameter of type 'string'.
src/lib/file/file-management.ts(77,25): error TS2345: Argument of type 'unknown' is not assignable to parameter of type 'string'.
src/lib/file/file-management.ts(86,5): error TS2322: Type 'any[] | { rowCount: number; streamed: boolean; }' is not assignable to type 'S3File[]'.
  Type '{ rowCount: number; streamed: boolean; }' is missing the following properties from type 'S3File[]': length, pop, push, concat, and 35 more.
src/lib/file/file-management.ts(153,25): error TS2345: Argument of type 'unknown' is not assignable to parameter of type 'string'.
src/lib/file/file-management.ts(162,5): error TS2322: Type 'any[] | { rowCount: number; streamed: boolean; }' is not assignable to type 'any[]'.
  Type '{ rowCount: number; streamed: boolean; }' is missing the following properties from type 'any[]': length, pop, push, concat, and 35 more.
src/lib/file/file-management.ts(190,40): error TS2345: Argument of type '{ file_id: string; }' is not assignable to parameter of type 'string'.
src/lib/file/file-management.ts(206,30): error TS2345: Argument of type '{ id: string; }' is not assignable to parameter of type 'string'.
src/lib/file/file-management.ts(224,30): error TS2345: Argument of type '{ id: string; }' is not assignable to parameter of type 'string'.
src/lib/financial/financial-analytics.ts(346,5): error TS2739: Type '{ score: number; trend: "improving" | "stable" | "declining"; issues: string[]; recommendations: string[]; }' is missing the following properties from type 'FinancialHealth': calculateHealth, getHealthScore, getRecommendations, compareToPriors
src/lib/financial/financial-planning.ts(367,26): error TS2345: Argument of type '{ category: string; currentCost: number; potential: number; recommendation: string; priority: "high" | "medium" | "low"; }' is not assignable to parameter of type 'CostOptimization'.
  Type '{ category: string; currentCost: number; potential: number; recommendation: string; priority: "high" | "medium" | "low"; }' is missing the following properties from type 'CostOptimization': analyzeCosts, identifyReductionOpportunities, estimateSavings, prioritizeReductions
src/lib/financial/financial-planning.ts(388,26): error TS2345: Argument of type '{ category: string; currentCost: number; potential: number; recommendation: string; priority: "high"; }' is not assignable to parameter of type 'CostOptimization'.
  Type '{ category: string; currentCost: number; potential: number; recommendation: string; priority: "high"; }' is missing the following properties from type 'CostOptimization': analyzeCosts, identifyReductionOpportunities, estimateSavings, prioritizeReductions
src/lib/financial/financial-planning.ts(398,26): error TS2345: Argument of type '{ category: string; currentCost: number; potential: number; recommendation: string; priority: "medium"; }' is not assignable to parameter of type 'CostOptimization'.
  Type '{ category: string; currentCost: number; potential: number; recommendation: string; priority: "medium"; }' is missing the following properties from type 'CostOptimization': analyzeCosts, identifyReductionOpportunities, estimateSavings, prioritizeReductions
src/lib/financial/financial-planning.ts(408,26): error TS2345: Argument of type '{ category: string; currentCost: number; potential: number; recommendation: string; priority: "low"; }' is not assignable to parameter of type 'CostOptimization'.
  Type '{ category: string; currentCost: number; potential: number; recommendation: string; priority: "low"; }' is missing the following properties from type 'CostOptimization': analyzeCosts, identifyReductionOpportunities, estimateSavings, prioritizeReductions
src/lib/followers/followers.ts(141,30): error TS2339: Property 'rows' does not exist on type 'any[] | { rowCount: number; streamed: boolean; }'.
  Property 'rows' does not exist on type 'any[]'.
src/lib/followers/followers.ts(194,30): error TS2339: Property 'rows' does not exist on type 'any[] | { rowCount: number; streamed: boolean; }'.
  Property 'rows' does not exist on type 'any[]'.
src/lib/followers/followers.ts(253,28): error TS2339: Property 'rows' does not exist on type 'any[] | { rowCount: number; streamed: boolean; }'.
  Property 'rows' does not exist on type 'any[]'.
src/lib/following/following.ts(135,45): error TS2339: Property 'rows' does not exist on type 'any[] | { rowCount: number; streamed: boolean; }'.
  Property 'rows' does not exist on type 'any[]'.
src/lib/following/following.ts(187,45): error TS2339: Property 'rows' does not exist on type 'any[] | { rowCount: number; streamed: boolean; }'.
  Property 'rows' does not exist on type 'any[]'.
src/lib/gamification/gamification.ts(58,5): error TS2322: Type 'any[] | { rowCount: number; streamed: boolean; }' is not assignable to type 'any[]'.
  Type '{ rowCount: number; streamed: boolean; }' is missing the following properties from type 'any[]': length, pop, push, concat, and 35 more.
src/lib/gamification/gamification.ts(177,5): error TS2322: Type 'any[] | { rowCount: number; streamed: boolean; }' is not assignable to type 'any[]'.
  Type '{ rowCount: number; streamed: boolean; }' is missing the following properties from type 'any[]': length, pop, push, concat, and 35 more.
src/lib/gamification/gamification.ts(323,5): error TS2322: Type 'any[] | { rowCount: number; streamed: boolean; }' is not assignable to type 'any[]'.
  Type '{ rowCount: number; streamed: boolean; }' is missing the following properties from type 'any[]': length, pop, push, concat, and 35 more.
src/lib/graceful/graceful-shutdown.ts(129,38): error TS2307: Cannot find module './redis' or its corresponding type declarations.
src/lib/graceful/graceful-shutdown.ts(142,15): error TS2339: Property 'messageBroker' does not exist on type 'typeof import("D:/sanliurfa.com/sanliurfa/src/lib/graceful/index")'.
src/lib/graceful/graceful-shutdown.ts(155,15): error TS2339: Property 'websocketManager' does not exist on type 'typeof import("D:/sanliurfa.com/sanliurfa/src/lib/graceful/index")'.
src/lib/graphql/graphql-engine.ts(141,47): error TS2353: Object literal may only specify known properties, and 'error' does not exist in type 'Error'.
src/lib/in/invoicing-billing.ts(120,11): error TS2741: Property 'cycles' is missing in type '{ id: string; amount: number; customerId: string; nextBillingDate: number; frequency: "daily" | "weekly" | "monthly" | "quarterly" | "yearly"; createCycle: (cycle: Omit<BillingCycle, "id">) => BillingCycle; getCycle: (cycleId: string) => BillingCycle | null; listCycles: (customerId: string) => BillingCycle[]; update...' but required in type 'BillingCycle'.
src/lib/index/index.ts(97,14): error TS2300: Duplicate identifier 'AnomalyDetector'.
src/lib/index/index.ts(101,36): error TS2449: Class 'AnomalyDetector' used before its declaration.
src/lib/index/index.ts(270,14): error TS2300: Duplicate identifier 'AnomalyDetector'.
src/lib/infrastructure/index.ts(7,1): error TS2308: Module './infrastructure-automation' has already exported a member named 'autoScaler'. Consider explicitly re-exporting to resolve the ambiguity.
src/lib/jobs/background-jobs.ts(199,11): error TS2353: Object literal may only specify known properties, and 'jobId' does not exist in type 'Error'.
src/lib/jobs/background-jobs.ts(222,25): error TS2345: Argument of type 'unknown' is not assignable to parameter of type 'string'.
src/lib/jobs/background-jobs.ts(329,53): error TS2307: Cannot find module './email-automation' or its corresponding type declarations.
src/lib/jobs/background-jobs.ts(342,50): error TS2307: Cannot find module './postgres' or its corresponding type declarations.
src/lib/jobs/background-jobs.ts(353,49): error TS2307: Cannot find module './email-campaigns' or its corresponding type declarations.
src/lib/jobs/runbook-automation.ts(196,7): error TS2741: Property 'result' is missing in type '{ success: false; error: string; }' but required in type '{ success: boolean; result: any; error?: string; }'.
src/lib/jobs/runbook-automation.ts(198,7): error TS2741: Property 'result' is missing in type '{ success: false; error: string; }' but required in type '{ success: boolean; result: any; error?: string; }'.
src/lib/leaderboards/leaderboards.ts(25,5): error TS2322: Type 'any[] | { rowCount: number; streamed: boolean; }' is not assignable to type 'any[]'.
  Type '{ rowCount: number; streamed: boolean; }' is missing the following properties from type 'any[]': length, pop, push, concat, and 35 more.
src/lib/leaderboards/leaderboards.ts(94,38): error TS2345: Argument of type '{ user_id: any; leaderboard_type: string; period: string; }' is not assignable to parameter of type 'string'.
src/lib/leaderboards/leaderboards.ts(128,8): error TS2554: Expected 2 arguments, but got 3.
src/lib/llm/llm-integration.ts(105,35): error TS2345: Argument of type 'Promise<string>' is not assignable to parameter of type 'string'.
src/lib/loyalty-points.ts(36,64): error TS2739: Type '{}' is missing the following properties from type 'LoyaltyPoints': currentBalance, lifetimeEarned, lifetimeSpent
src/lib/loyalty-points.ts(65,49): error TS2353: Object literal may only specify known properties, and 'userId' does not exist in type 'Error'.
src/lib/loyalty-points.ts(112,46): error TS2353: Object literal may only specify known properties, and 'userId' does not exist in type 'Error'.
src/lib/loyalty-points.ts(157,46): error TS2353: Object literal may only specify known properties, and 'userId' does not exist in type 'Error'.
src/lib/loyalty-points.ts(185,57): error TS2353: Object literal may only specify known properties, and 'userId' does not exist in type 'Error'.
src/lib/loyalty-points.ts(209,49): error TS2353: Object literal may only specify known properties, and 'error' does not exist in type 'Error'.
src/lib/loyalty/index.ts(3,1): error TS2308: Module './loyalty-points' has already exported a member named 'awardPoints'. Consider explicitly re-exporting to resolve the ambiguity.
src/lib/loyalty/loyalty-points.ts(63,36): error TS2345: Argument of type '{ user_id: string; }' is not assignable to parameter of type 'string'.
src/lib/loyalty/loyalty-points.ts(106,36): error TS2345: Argument of type '{ user_id: string; }' is not assignable to parameter of type 'string'.
src/lib/loyalty/loyalty-points.ts(140,5): error TS2322: Type 'any[] | { rowCount: number; streamed: boolean; }' is not assignable to type 'any[]'.
  Type '{ rowCount: number; streamed: boolean; }' is missing the following properties from type 'any[]': length, pop, push, concat, and 35 more.
src/lib/loyalty/loyalty-points.ts(154,5): error TS2322: Type 'any[] | { rowCount: number; streamed: boolean; }' is not assignable to type 'any[]'.
  Type '{ rowCount: number; streamed: boolean; }' is missing the following properties from type 'any[]': length, pop, push, concat, and 35 more.
src/lib/loyalty/loyalty-system.ts(123,7): error TS2345: Argument of type '{ user_id: string; }' is not assignable to parameter of type 'string'.
src/lib/loyalty/loyalty-system.ts(178,7): error TS2345: Argument of type '{ user_id: string; }' is not assignable to parameter of type 'string'.
src/lib/loyalty/loyalty-system.ts(225,36): error TS2339: Property 'rows' does not exist on type 'any[]'.
src/lib/loyalty/loyalty-system.ts(226,18): error TS2339: Property 'rows' does not exist on type 'any[]'.
src/lib/loyalty/loyalty-system.ts(256,9): error TS2345: Argument of type '{ user_id: string; }' is not assignable to parameter of type 'string'.
src/lib/loyalty/loyalty-system.ts(309,34): error TS2339: Property 'rows' does not exist on type 'any[] | { rowCount: number; streamed: boolean; }'.
  Property 'rows' does not exist on type 'any[]'.
src/lib/loyalty/loyalty-system.ts(329,36): error TS2339: Property 'rows' does not exist on type 'any[]'.
src/lib/loyalty/loyalty-system.ts(330,18): error TS2339: Property 'rows' does not exist on type 'any[]'.
src/lib/loyalty/loyalty-system.ts(368,22): error TS2339: Property 'rows' does not exist on type 'any[] | { rowCount: number; streamed: boolean; }'.
  Property 'rows' does not exist on type 'any[]'.
src/lib/loyalty/loyalty-tiers.ts(88,9): error TS2345: Argument of type '{ user_id: string; }' is not assignable to parameter of type 'string'.
src/lib/loyalty/loyalty-tiers.ts(190,5): error TS2740: Type '{}' is missing the following properties from type 'any[]': length, pop, push, concat, and 35 more.
src/lib/loyalty/loyalty-tiers.ts(218,7): error TS2345: Argument of type '{ user_id: string; }' is not assignable to parameter of type 'string'.
src/lib/loyalty/loyalty-tiers.ts(279,9): error TS2345: Argument of type '{ user_id: string; }' is not assignable to parameter of type 'string'.
src/lib/loyalty/loyalty-tiers.ts(324,5): error TS2322: Type 'any[] | { rowCount: number; streamed: boolean; }' is not assignable to type 'any[]'.
  Type '{ rowCount: number; streamed: boolean; }' is missing the following properties from type 'any[]': length, pop, push, concat, and 35 more.
src/lib/map/maps.ts(60,8): error TS2339: Property 'map' does not exist on type 'any[] | { rowCount: number; streamed: boolean; }'.
  Property 'map' does not exist on type '{ rowCount: number; streamed: boolean; }'.
src/lib/map/maps.ts(102,5): error TS2322: Type 'any[] | { rowCount: number; streamed: boolean; }' is not assignable to type 'any[]'.
  Type '{ rowCount: number; streamed: boolean; }' is missing the following properties from type 'any[]': length, pop, push, concat, and 35 more.
src/lib/map/maps.ts(127,5): error TS2322: Type 'any[] | { rowCount: number; streamed: boolean; }' is not assignable to type 'any[]'.
  Type '{ rowCount: number; streamed: boolean; }' is missing the following properties from type 'any[]': length, pop, push, concat, and 35 more.
src/lib/marketing/marketing-campaigns.ts(124,40): error TS2339: Property 'rows' does not exist on type 'any[] | { rowCount: number; streamed: boolean; }'.
  Property 'rows' does not exist on type 'any[]'.
src/lib/marketing/marketing-campaigns.ts(125,22): error TS2339: Property 'rows' does not exist on type 'any[] | { rowCount: number; streamed: boolean; }'.
  Property 'rows' does not exist on type 'any[]'.
src/lib/marketing/marketing-campaigns.ts(152,57): error TS2345: Argument of type '{ id: string; }' is not assignable to parameter of type 'string'.
src/lib/marketing/marketing-campaigns.ts(183,7): error TS2345: Argument of type '{ id: string; }' is not assignable to parameter of type 'string'.
src/lib/marketing/marketing-campaigns.ts(214,57): error TS2345: Argument of type '{ id: string; }' is not assignable to parameter of type 'string'.
src/lib/marketing/marketing-campaigns.ts(235,22): error TS2339: Property 'rows' does not exist on type 'any[] | { rowCount: number; streamed: boolean; }'.
  Property 'rows' does not exist on type 'any[]'.
src/lib/marketing/marketing-campaigns.ts(326,13): error TS2339: Property 'rows' does not exist on type 'any[] | { rowCount: number; streamed: boolean; }'.
  Property 'rows' does not exist on type 'any[]'.
src/lib/marketing/marketing-campaigns.ts(346,30): error TS2339: Property 'rows' does not exist on type 'any[] | { rowCount: number; streamed: boolean; }'.
  Property 'rows' does not exist on type 'any[]'.
src/lib/message/message-broker.ts(60,11): error TS2339: Property 'expire' does not exist on type '{ setex(key: string, seconds: number, value: string): Promise<string>; lpush(key: string, value: string): Promise<number>; ltrim(key: string, start: number, stop: number): Promise<...>; get(key: string): Promise<...>; del(key: string): Promise<...>; }'.
src/lib/message/message-broker.ts(100,9): error TS2740: Type '{ topic: string; messageCount: number; throughput: number; consumerCount: number; lag: {}; }' is missing the following properties from type 'StreamMetrics': metrics, recordMessage, getThroughput, getLag, and 2 more.
src/lib/message/messages.ts(24,33): error TS2345: Argument of type 'unknown' is not assignable to parameter of type 'string'.
src/lib/message/messages.ts(52,33): error TS2345: Argument of type '{ id: string; }' is not assignable to parameter of type 'string'.
src/lib/moderation/moderation.ts(155,19): error TS2339: Property 'rows' does not exist on type 'any[]'.
src/lib/moderation/moderation.ts(193,20): error TS2345: Argument of type 'string' is not assignable to parameter of type '"pending" | "under_review" | "resolved" | "dismissed"'.
src/lib/moderation/moderation.ts(194,20): error TS2345: Argument of type 'string' is not assignable to parameter of type '"pending" | "under_review" | "resolved" | "dismissed"'.
src/lib/moderation/moderation.ts(198,18): error TS2345: Argument of type 'string' is not assignable to parameter of type '"pending" | "under_review" | "resolved" | "dismissed"'.
src/lib/moderation/moderation.ts(337,19): error TS2339: Property 'rows' does not exist on type 'any[] | { rowCount: number; streamed: boolean; }'.
  Property 'rows' does not exist on type 'any[]'.
src/lib/moderation/moderation.ts(385,19): error TS2339: Property 'rows' does not exist on type 'any[]'.
src/lib/monitoring/apm.ts(259,5): error TS2739: Type '{ mean: number; p50: number; p95: number; p99: number; sampleCount: number; }' is missing the following properties from type 'PerformanceBaseline': samples, recordSample, getBaseline, detectRegression, clearSamples
src/lib/monitoring/index.ts(7,1): error TS2308: Module './sentry' has already exported a member named 'captureException'. Consider explicitly re-exporting to resolve the ambiguity.
src/lib/monitoring/index.ts(7,1): error TS2308: Module './sentry' has already exported a member named 'captureMessage'. Consider explicitly re-exporting to resolve the ambiguity.
src/lib/monitoring/rum.ts(96,42): error TS2304: Cannot find name 'LayoutShift'.
src/lib/monitoring/rum.ts(139,66): error TS2339: Property 'domLoading' does not exist on type 'PerformanceNavigationTiming'.
src/lib/monitoring/sentry-init.ts(64,12): error TS2341: Property 'log' is private and only accessible within class 'Logger'.
src/lib/monitoring/sentry-init.ts(64,16): error TS2345: Argument of type 'string' is not assignable to parameter of type 'LogEntry'.
src/lib/monitoring/sentry.ts(7,32): error TS2339: Property 'env' does not exist on type 'ImportMeta'.
src/lib/monitoring/sentry.ts(8,33): error TS2339: Property 'env' does not exist on type 'ImportMeta'.
src/lib/monitoring/sentry.ts(19,26): error TS2339: Property 'env' does not exist on type 'ImportMeta'.
src/lib/monitoring/sentry.ts(131,86): error TS2339: Property 'startTransaction' does not exist on type 'typeof import("D:/sanliurfa.com/sanliurfa/node_modules/@sentry/astro/build/types/index.types")'.
src/lib/monitoring/sentry.ts(132,17): error TS2339: Property 'startTransaction' does not exist on type 'typeof import("D:/sanliurfa.com/sanliurfa/node_modules/@sentry/astro/build/types/index.types")'.
src/lib/multi/multi-level-cache.ts(95,34): error TS2345: Argument of type 'unknown' is not assignable to parameter of type 'string'.
src/lib/multi/multi-tenant.ts(59,25): error TS2345: Argument of type 'unknown' is not assignable to parameter of type 'string'.
src/lib/multi/multi-tenant.ts(87,25): error TS2345: Argument of type 'unknown' is not assignable to parameter of type 'string'.
src/lib/multi/multi-tenant.ts(166,25): error TS2345: Argument of type 'unknown' is not assignable to parameter of type 'string'.
src/lib/multi/multi-tenant.ts(193,37): error TS2345: Argument of type '{ tenant_id: string; }' is not assignable to parameter of type 'string'.
src/lib/multi/multi-tenant.ts(210,5): error TS2322: Type 'any[] | { rowCount: number; streamed: boolean; }' is not assignable to type 'TenantMember[]'.
  Type '{ rowCount: number; streamed: boolean; }' is missing the following properties from type 'TenantMember[]': length, pop, push, concat, and 35 more.
src/lib/multi/multi-tenant.ts(312,9): error TS2345: Argument of type '{ tenant_id: string; feature_key: string; }' is not assignable to parameter of type 'string'.
src/lib/multi/multi-tenant.ts(386,39): error TS2345: Argument of type '{ key_hash: string; }' is not assignable to parameter of type 'string'.
src/lib/multi/multi-tenant.ts(438,5): error TS2322: Type 'any[] | { rowCount: number; streamed: boolean; }' is not assignable to type 'any[]'.
  Type '{ rowCount: number; streamed: boolean; }' is missing the following properties from type 'any[]': length, pop, push, concat, and 35 more.
src/lib/notification/notification-channels.ts(60,25): error TS2345: Argument of type 'unknown' is not assignable to parameter of type 'string'.
src/lib/notification/notification-channels.ts(162,25): error TS2345: Argument of type 'unknown' is not assignable to parameter of type 'string'.
src/lib/notification/notification-channels.ts(202,25): error TS2345: Argument of type 'unknown' is not assignable to parameter of type 'string'.
src/lib/notification/notification-channels.ts(304,5): error TS2322: Type 'any[] | { rowCount: number; streamed: boolean; }' is not assignable to type 'any[]'.
  Type '{ rowCount: number; streamed: boolean; }' is missing the following properties from type 'any[]': length, pop, push, concat, and 35 more.
src/lib/notification/notification-channels.ts(323,33): error TS2345: Argument of type '{ id: string; }' is not assignable to parameter of type 'string'.
src/lib/notification/notification-channels.ts(342,35): error TS2345: Argument of type '{ id: string; }' is not assignable to parameter of type 'string'.
src/lib/notification/notification-channels.ts(348,35): error TS2345: Argument of type '{ id: string; }' is not assignable to parameter of type 'string'.
src/lib/notification/notification-channels.ts(372,25): error TS2345: Argument of type 'unknown' is not assignable to parameter of type 'string'.
src/lib/notification/notification-channels.ts(405,48): error TS2345: Argument of type '{ user_id: string; }' is not assignable to parameter of type 'string'.
src/lib/notification/notification-delivery.ts(73,49): error TS2345: Argument of type '{ user_id: string; }' is not assignable to parameter of type 'string'.
src/lib/notification/notification-delivery.ts(117,42): error TS2345: Argument of type '{ id: string; }' is not assignable to parameter of type 'string'.
src/lib/notification/notification-delivery.ts(133,42): error TS2345: Argument of type '{ id: string; }' is not assignable to parameter of type 'string'.
src/lib/notification/notification-delivery.ts(152,5): error TS2322: Type 'any[] | { rowCount: number; streamed: boolean; }' is not assignable to type 'any[]'.
  Type '{ rowCount: number; streamed: boolean; }' is missing the following properties from type 'any[]': length, pop, push, concat, and 35 more.
src/lib/notification/notification-delivery.ts(213,53): error TS2345: Argument of type '{ user_id: string; notification_type: string; }' is not assignable to parameter of type 'string'.
src/lib/notification/notification-delivery.ts(240,5): error TS2322: Type 'any[] | { rowCount: number; streamed: boolean; }' is not assignable to type 'any[]'.
  Type '{ rowCount: number; streamed: boolean; }' is missing the following properties from type 'any[]': length, pop, push, concat, and 35 more.
src/lib/notification/notifications-queue.ts(95,7): error TS2740: Type '{}' is missing the following properties from type 'Notification[]': length, pop, push, concat, and 35 more.
src/lib/oauth/oauth.ts(44,25): error TS2345: Argument of type 'unknown' is not assignable to parameter of type 'string'.
src/lib/oauth/oauth.ts(69,25): error TS2345: Argument of type 'unknown' is not assignable to parameter of type 'string'.
src/lib/oauth/oauth.ts(78,5): error TS2322: Type 'any[] | { rowCount: number; streamed: boolean; }' is not assignable to type 'OAuthProvider[]'.
  Type '{ rowCount: number; streamed: boolean; }' is missing the following properties from type 'OAuthProvider[]': length, pop, push, concat, and 35 more.
src/lib/oauth/oauth.ts(116,36): error TS2345: Argument of type '{ state_token: string; }' is not assignable to parameter of type 'string'.
src/lib/oauth/oauth.ts(157,25): error TS2345: Argument of type 'unknown' is not assignable to parameter of type 'string'.
src/lib/oauth/oauth.ts(166,5): error TS2322: Type 'any[] | { rowCount: number; streamed: boolean; }' is not assignable to type 'OAuthAccount[]'.
  Type '{ rowCount: number; streamed: boolean; }' is missing the following properties from type 'OAuthAccount[]': length, pop, push, concat, and 35 more.
src/lib/oauth/oauth.ts(228,41): error TS2345: Argument of type '{ id: string; }' is not assignable to parameter of type 'string'.
src/lib/oauth/oauth.ts(240,41): error TS2345: Argument of type '{ id: string; }' is not assignable to parameter of type 'string'.
src/lib/performance/performance-monitor.ts(32,33): error TS2339: Property 'navigationStart' does not exist on type 'PerformanceNavigationTiming'.
src/lib/performance/performance-monitor.ts(47,56): error TS2339: Property 'navigationStart' does not exist on type 'PerformanceNavigationTiming'.
src/lib/performance/performance-monitor.ts(48,66): error TS2339: Property 'navigationStart' does not exist on type 'PerformanceNavigationTiming'.
src/lib/performance/performance-optimizations.ts(100,25): error TS2345: Argument of type 'unknown' is not assignable to parameter of type 'string'.
src/lib/performance/performance-optimizations.ts(145,9): error TS2353: Object literal may only specify known properties, and 'waiting' does not exist in type 'Error'.
src/lib/performance/performance-optimizer.ts(106,25): error TS2345: Argument of type 'unknown' is not assignable to parameter of type 'string'.
src/lib/performance/performance-optimizer.ts(178,3): error TS2322: Type 'any[] | { rowCount: number; streamed: boolean; }' is not assignable to type 'any[]'.
  Type '{ rowCount: number; streamed: boolean; }' is missing the following properties from type 'any[]': length, pop, push, concat, and 35 more.
src/lib/performance/performance-optimizer.ts(224,3): error TS2322: Type 'any[] | { rowCount: number; streamed: boolean; }' is not assignable to type 'any[]'.
  Type '{ rowCount: number; streamed: boolean; }' is missing the following properties from type 'any[]': length, pop, push, concat, and 35 more.
src/lib/photo/photos.ts(51,25): error TS2345: Argument of type 'unknown' is not assignable to parameter of type 'string'.
src/lib/photo/photos.ts(67,5): error TS2322: Type 'any[] | { rowCount: number; streamed: boolean; }' is not assignable to type 'any[]'.
  Type '{ rowCount: number; streamed: boolean; }' is missing the following properties from type 'any[]': length, pop, push, concat, and 35 more.
src/lib/photo/photos.ts(247,5): error TS2322: Type 'any[] | { rowCount: number; streamed: boolean; }' is not assignable to type 'any[]'.
  Type '{ rowCount: number; streamed: boolean; }' is missing the following properties from type 'any[]': length, pop, push, concat, and 35 more.
src/lib/place/place-followers.ts(93,25): error TS2345: Argument of type 'unknown' is not assignable to parameter of type 'string'.
src/lib/place/place-followers.ts(106,28): error TS2339: Property 'map' does not exist on type 'any[] | { rowCount: number; streamed: boolean; }'.
  Property 'map' does not exist on type '{ rowCount: number; streamed: boolean; }'.
src/lib/place/place-followers.ts(134,25): error TS2345: Argument of type 'unknown' is not assignable to parameter of type 'string'.
src/lib/place/place-followers.ts(147,31): error TS2339: Property 'map' does not exist on type 'any[] | { rowCount: number; streamed: boolean; }'.
  Property 'map' does not exist on type '{ rowCount: number; streamed: boolean; }'.
src/lib/place/place-followers.ts(190,25): error TS2345: Argument of type 'unknown' is not assignable to parameter of type 'string'.
src/lib/place/place-followers.ts(202,28): error TS2339: Property 'map' does not exist on type 'any[] | { rowCount: number; streamed: boolean; }'.
  Property 'map' does not exist on type '{ rowCount: number; streamed: boolean; }'.
src/lib/place/place-verification.ts(94,25): error TS2345: Argument of type 'unknown' is not assignable to parameter of type 'string'.
src/lib/place/place-verification.ts(270,25): error TS2345: Argument of type 'unknown' is not assignable to parameter of type 'string'.
src/lib/place/place-verification.ts(282,42): error TS2339: Property 'map' does not exist on type 'any[] | { rowCount: number; streamed: boolean; }'.
  Property 'map' does not exist on type '{ rowCount: number; streamed: boolean; }'.
src/lib/place/place-verification.ts(311,25): error TS2345: Argument of type 'unknown' is not assignable to parameter of type 'string'.
src/lib/place/place-verification.ts(319,52): error TS2339: Property 'map' does not exist on type 'any[] | { rowCount: number; streamed: boolean; }'.
  Property 'map' does not exist on type '{ rowCount: number; streamed: boolean; }'.
src/lib/place/place-verification.ts(354,20): error TS2339: Property 'map' does not exist on type 'any[] | { rowCount: number; streamed: boolean; }'.
  Property 'map' does not exist on type '{ rowCount: number; streamed: boolean; }'.
src/lib/place/place-visits.ts(81,25): error TS2345: Argument of type 'unknown' is not assignable to parameter of type 'string'.
src/lib/place/place-visits.ts(93,42): error TS2339: Property 'map' does not exist on type 'any[] | { rowCount: number; streamed: boolean; }'.
  Property 'map' does not exist on type '{ rowCount: number; streamed: boolean; }'.
src/lib/place/place-visits.ts(124,25): error TS2345: Argument of type 'unknown' is not assignable to parameter of type 'string'.
src/lib/place/place-visits.ts(265,20): error TS2339: Property 'map' does not exist on type 'any[] | { rowCount: number; streamed: boolean; }'.
  Property 'map' does not exist on type '{ rowCount: number; streamed: boolean; }'.
src/lib/place/place-visits.ts(299,20): error TS2339: Property 'map' does not exist on type 'any[] | { rowCount: number; streamed: boolean; }'.
  Property 'map' does not exist on type '{ rowCount: number; streamed: boolean; }'.
src/lib/points/points.ts(136,25): error TS2345: Argument of type 'unknown' is not assignable to parameter of type 'string'.
src/lib/points/points.ts(180,20): error TS2339: Property 'map' does not exist on type 'any[] | { rowCount: number; streamed: boolean; }'.
  Property 'map' does not exist on type '{ rowCount: number; streamed: boolean; }'.
src/lib/points/points.ts(204,25): error TS2345: Argument of type 'unknown' is not assignable to parameter of type 'string'.
src/lib/points/points.ts(214,43): error TS2339: Property 'map' does not exist on type 'any[] | { rowCount: number; streamed: boolean; }'.
  Property 'map' does not exist on type '{ rowCount: number; streamed: boolean; }'.
src/lib/points/points.ts(242,25): error TS2345: Argument of type 'unknown' is not assignable to parameter of type 'string'.
src/lib/points/points.ts(254,44): error TS2339: Property 'map' does not exist on type 'any[] | { rowCount: number; streamed: boolean; }'.
  Property 'map' does not exist on type '{ rowCount: number; streamed: boolean; }'.
src/lib/points/points.ts(322,25): error TS2345: Argument of type 'unknown' is not assignable to parameter of type 'string'.
src/lib/points/points.ts(334,33): error TS2339: Property 'map' does not exist on type 'any[] | { rowCount: number; streamed: boolean; }'.
  Property 'map' does not exist on type '{ rowCount: number; streamed: boolean; }'.
src/lib/policy/index.ts(36,1): error TS2308: Module './policy-conflict-resolution' has already exported a member named 'PolicyRule'. Consider explicitly re-exporting to resolve the ambiguity.
src/lib/policy/policy-assurance-drift-harmonizer.ts(6,63): error TS2307: Cannot find module './governance-kit' or its corresponding type declarations.
src/lib/policy/policy-assurance-recovery-engine-v12.ts(5,86): error TS2307: Cannot find module './governance-kit' or its corresponding type declarations.
src/lib/policy/policy-assurance-recovery-engine-v15.ts(5,86): error TS2307: Cannot find module './governance-kit' or its corresponding type declarations.
src/lib/policy/policy-assurance-recovery-harmonizer-v16.ts(5,86): error TS2307: Cannot find module './governance-kit' or its corresponding type declarations.
src/lib/policy/policy-assurance-recovery-harmonizer-v3.ts(5,86): error TS2307: Cannot find module './governance-kit' or its corresponding type declarations.
src/lib/policy/policy-assurance-resilience-engine-v5.ts(5,86): error TS2307: Cannot find module './governance-kit' or its corresponding type declarations.
src/lib/policy/policy-assurance-resilience-engine.ts(6,63): error TS2307: Cannot find module './governance-kit' or its corresponding type declarations.
src/lib/policy/policy-confidence-continuity-engine.ts(5,86): error TS2307: Cannot find module './governance-kit' or its corresponding type declarations.
src/lib/policy/policy-continuity-assurance-engine-v3.ts(5,86): error TS2307: Cannot find module './governance-kit' or its corresponding type declarations.
src/lib/policy/policy-continuity-assurance-harmonizer-v13.ts(5,86): error TS2307: Cannot find module './governance-kit' or its corresponding type declarations.
src/lib/policy/policy-continuity-assurance-harmonizer-v9.ts(5,86): error TS2307: Cannot find module './governance-kit' or its corresponding type declarations.
src/lib/policy/policy-continuity-assurance-router.ts(5,92): error TS2307: Cannot find module './governance-kit' or its corresponding type declarations.
src/lib/policy/policy-continuity-confidence-router.ts(6,63): error TS2307: Cannot find module './governance-kit' or its corresponding type declarations.
src/lib/policy/policy-continuity-recovery-engine-v11.ts(5,86): error TS2307: Cannot find module './governance-kit' or its corresponding type declarations.
src/lib/policy/policy-continuity-recovery-engine-v16.ts(5,86): error TS2307: Cannot find module './governance-kit' or its corresponding type declarations.
src/lib/policy/policy-continuity-recovery-harmonizer-v7.ts(5,86): error TS2307: Cannot find module './governance-kit' or its corresponding type declarations.
src/lib/policy/policy-continuity-resilience-engine-v4.ts(5,86): error TS2307: Cannot find module './governance-kit' or its corresponding type declarations.
src/lib/policy/policy-continuity-stability-engine-v13.ts(5,86): error TS2307: Cannot find module './governance-kit' or its corresponding type declarations.
src/lib/policy/policy-continuity-stability-engine-v9.ts(5,86): error TS2307: Cannot find module './governance-kit' or its corresponding type declarations.
src/lib/policy/policy-continuity-stability-engine.ts(5,86): error TS2307: Cannot find module './governance-kit' or its corresponding type declarations.
src/lib/policy/policy-continuity-stability-harmonizer-v11.ts(5,86): error TS2307: Cannot find module './governance-kit' or its corresponding type declarations.
src/lib/policy/policy-drift-stability-optimizer.ts(6,63): error TS2307: Cannot find module './governance-kit' or its corresponding type declarations.
src/lib/policy/policy-recovery-confidence-engine.ts(6,63): error TS2307: Cannot find module './governance-kit' or its corresponding type declarations.
src/lib/policy/policy-recovery-stability-engine-v10.ts(5,86): error TS2307: Cannot find module './governance-kit' or its corresponding type declarations.
src/lib/policy/policy-recovery-stability-engine-v14.ts(5,86): error TS2307: Cannot find module './governance-kit' or its corresponding type declarations.
src/lib/policy/policy-recovery-stability-harmonizer-v12.ts(5,86): error TS2307: Cannot find module './governance-kit' or its corresponding type declarations.
src/lib/policy/policy-recovery-stability-harmonizer-v15.ts(5,86): error TS2307: Cannot find module './governance-kit' or its corresponding type declarations.
src/lib/policy/policy-recovery-stability-harmonizer-v5.ts(5,86): error TS2307: Cannot find module './governance-kit' or its corresponding type declarations.
src/lib/policy/policy-resilience-assurance-engine-v6.ts(5,86): error TS2307: Cannot find module './governance-kit' or its corresponding type declarations.
src/lib/policy/policy-resilience-continuity-engine.ts(6,63): error TS2307: Cannot find module './governance-kit' or its corresponding type declarations.
src/lib/policy/policy-resilience-stability-engine-v8.ts(5,86): error TS2307: Cannot find module './governance-kit' or its corresponding type declarations.
src/lib/policy/policy-resilience-trust-engine.ts(5,86): error TS2307: Cannot find module './governance-kit' or its corresponding type declarations.
src/lib/policy/policy-stability-assurance-engine-v7.ts(5,86): error TS2307: Cannot find module './governance-kit' or its corresponding type declarations.
src/lib/policy/policy-stability-assurance-harmonizer-v10.ts(5,86): error TS2307: Cannot find module './governance-kit' or its corresponding type declarations.
src/lib/policy/policy-stability-assurance-harmonizer-v14.ts(5,86): error TS2307: Cannot find module './governance-kit' or its corresponding type declarations.
src/lib/policy/policy-stability-continuity-harmonizer-v4.ts(5,86): error TS2307: Cannot find module './governance-kit' or its corresponding type declarations.
src/lib/policy/policy-stability-continuity-harmonizer-v8.ts(5,86): error TS2307: Cannot find module './governance-kit' or its corresponding type declarations.
src/lib/policy/policy-stability-recovery-harmonizer-v6.ts(5,86): error TS2307: Cannot find module './governance-kit' or its corresponding type declarations.
src/lib/policy/policy-stability-recovery-router.ts(6,63): error TS2307: Cannot find module './governance-kit' or its corresponding type declarations.
src/lib/policy/policy-stability-resilience-engine.ts(6,63): error TS2307: Cannot find module './governance-kit' or its corresponding type declarations.
src/lib/policy/policy-stability-trust-router.ts(5,92): error TS2307: Cannot find module './governance-kit' or its corresponding type declarations.
src/lib/policy/policy-trust-continuity-harmonizer.ts(5,86): error TS2307: Cannot find module './governance-kit' or its corresponding type declarations.
src/lib/postgres/postgres.ts(89,7): error TS2345: Argument of type '"pool"' is not assignable to parameter of type '"query" | "request" | "cache"'.
src/lib/postgres/postgres.ts(124,9): error TS2353: Object literal may only specify known properties, and 'waiting' does not exist in type 'Error'.
src/lib/postgres/postgres.ts(154,91): error TS2554: Expected 2-4 arguments, but got 5.
src/lib/postgres/postgres.ts(194,71): error TS2554: Expected 2-4 arguments, but got 5.
src/lib/predictive/predictive-analytics.ts(16,25): error TS2345: Argument of type 'unknown' is not assignable to parameter of type 'string'.
src/lib/predictive/predictive-analytics.ts(50,40): error TS2345: Argument of type '{ user_id: string; }' is not assignable to parameter of type 'string'.
src/lib/predictive/predictive-analytics.ts(96,38): error TS2345: Argument of type '{ user_id: string; }' is not assignable to parameter of type 'string'.
src/lib/predictive/predictive-analytics.ts(116,24): error TS2339: Property 'length' does not exist on type 'any[] | { rowCount: number; streamed: boolean; }'.
  Property 'length' does not exist on type '{ rowCount: number; streamed: boolean; }'.
src/lib/predictive/predictive-analytics.ts(121,39): error TS2339: Property 'slice' does not exist on type 'any[] | { rowCount: number; streamed: boolean; }'.
  Property 'slice' does not exist on type '{ rowCount: number; streamed: boolean; }'.
src/lib/predictive/predictive-analytics.ts(125,35): error TS2339: Property 'slice' does not exist on type 'any[] | { rowCount: number; streamed: boolean; }'.
  Property 'slice' does not exist on type '{ rowCount: number; streamed: boolean; }'.
src/lib/predictive/predictive-analytics.ts(154,14): error TS2339: Property 'length' does not exist on type 'any[] | { rowCount: number; streamed: boolean; }'.
  Property 'length' does not exist on type '{ rowCount: number; streamed: boolean; }'.
src/lib/predictive/predictive-analytics.ts(159,25): error TS2339: Property 'map' does not exist on type 'any[] | { rowCount: number; streamed: boolean; }'.
  Property 'map' does not exist on type '{ rowCount: number; streamed: boolean; }'.
src/lib/predictive/predictive-analytics.ts(195,25): error TS2345: Argument of type 'unknown' is not assignable to parameter of type 'string'.
src/lib/predictive/predictive-analytics.ts(204,5): error TS2322: Type 'any[] | { rowCount: number; streamed: boolean; }' is not assignable to type 'any[]'.
  Type '{ rowCount: number; streamed: boolean; }' is missing the following properties from type 'any[]': length, pop, push, concat, and 35 more.
src/lib/predictive/predictive-analytics.ts(217,42): error TS2345: Argument of type '{ id: string; }' is not assignable to parameter of type 'string'.
src/lib/predictive/predictive-analytics.ts(231,25): error TS2345: Argument of type 'unknown' is not assignable to parameter of type 'string'.
src/lib/predictive/predictive-analytics.ts(240,5): error TS2322: Type 'any[] | { rowCount: number; streamed: boolean; }' is not assignable to type 'any[]'.
  Type '{ rowCount: number; streamed: boolean; }' is missing the following properties from type 'any[]': length, pop, push, concat, and 35 more.
src/lib/privacy/privacy.ts(96,76): error TS2554: Expected 3 arguments, but got 4.
src/lib/privacy/privacy.ts(220,20): error TS2339: Property 'rows' does not exist on type 'any[] | { rowCount: number; streamed: boolean; }'.
  Property 'rows' does not exist on type 'any[]'.
src/lib/promotions/promotions-management.ts(46,25): error TS2345: Argument of type 'unknown' is not assignable to parameter of type 'string'.
src/lib/promotions/promotions-management.ts(96,25): error TS2345: Argument of type 'unknown' is not assignable to parameter of type 'string'.
src/lib/promotions/promotions-management.ts(106,45): error TS2339: Property 'map' does not exist on type 'any[] | { rowCount: number; streamed: boolean; }'.
  Property 'map' does not exist on type '{ rowCount: number; streamed: boolean; }'.
src/lib/promotions/promotions-management.ts(224,20): error TS2339: Property 'map' does not exist on type 'any[] | { rowCount: number; streamed: boolean; }'.
  Property 'map' does not exist on type '{ rowCount: number; streamed: boolean; }'.
src/lib/promotions/promotions-management.ts(299,25): error TS2345: Argument of type 'unknown' is not assignable to parameter of type 'string'.
src/lib/promotions/promotions-management.ts(352,25): error TS2345: Argument of type 'unknown' is not assignable to parameter of type 'string'.
src/lib/promotions/promotions-management.ts(365,45): error TS2339: Property 'map' does not exist on type 'any[] | { rowCount: number; streamed: boolean; }'.
  Property 'map' does not exist on type '{ rowCount: number; streamed: boolean; }'.
src/lib/push/push-notifications.ts(5,47): error TS1485: 'delete' resolves to a type-only declaration and must be imported using a type-only import when 'verbatimModuleSyntax' is enabled.
src/lib/push/push-notifications.ts(28,8): error TS2554: Expected 2 arguments, but got 3.
src/lib/push/push-notifications.ts(33,47): error TS2345: Argument of type '{ user_id: string; }' is not assignable to parameter of type 'string'.
src/lib/push/push-notifications.ts(34,141): error TS2339: Property 'length' does not exist on type 'any[] | { rowCount: number; streamed: boolean; }'.
  Property 'length' does not exist on type '{ rowCount: number; streamed: boolean; }'.
src/lib/push/push-notifications.ts(54,40): error TS2345: Argument of type '{ user_id: string; endpoint: string; }' is not assignable to parameter of type 'string'.
src/lib/push/push-notifications.ts(64,45): error TS2345: Argument of type '{ user_id: string; }' is not assignable to parameter of type 'string'.
src/lib/push/push-notifications.ts(97,40): error TS2345: Argument of type '{ id: string; }' is not assignable to parameter of type 'string'.
src/lib/push/push.ts(99,25): error TS2345: Argument of type 'unknown' is not assignable to parameter of type 'string'.
src/lib/pwa/pwa.ts(44,7): error TS2322: Type 'Uint8Array<ArrayBufferLike>' is not assignable to type 'string | BufferSource'.
  Type 'Uint8Array<ArrayBufferLike>' is not assignable to type 'ArrayBufferView<ArrayBuffer>'.
    Types of property 'buffer' are incompatible.
      Type 'ArrayBufferLike' is not assignable to type 'ArrayBuffer'.
        Type 'SharedArrayBuffer' is missing the following properties from type 'ArrayBuffer': resizable, resize, detached, transfer, transferToFixedLength
src/lib/rag/rag-system.ts(278,25): error TS2345: Argument of type 'Promise<string>' is not assignable to parameter of type 'string'.
src/lib/rag/rag-system.ts(317,5): error TS2739: Type 'Promise<AssembledContext>' is missing the following properties from type 'AssembledContext': content, chunks, citations, totalTokens, truncated
src/lib/rate/rate-limiting.ts(171,52): error TS2345: Argument of type 'unknown' is not assignable to parameter of type 'string'.
src/lib/rate/rate-limiting.ts(172,48): error TS2345: Argument of type 'unknown' is not assignable to parameter of type 'string'.
src/lib/rate/rate-limiting.ts(173,46): error TS2345: Argument of type 'unknown' is not assignable to parameter of type 'string'.
src/lib/rate/rate-limiting.ts(302,39): error TS2345: Argument of type '{ ip_address: string; }' is not assignable to parameter of type 'string'.
src/lib/rbac/rbac.ts(19,33): error TS2345: Argument of type 'unknown' is not assignable to parameter of type 'string'.
src/lib/realtime/index.ts(6,1): error TS2308: Module './realtime' has already exported a member named 'realtimeManager'. Consider explicitly re-exporting to resolve the ambiguity.
src/lib/report/report-engine.ts(91,26): error TS2339: Property 'map' does not exist on type 'any[] | { rowCount: number; streamed: boolean; }'.
  Property 'map' does not exist on type '{ rowCount: number; streamed: boolean; }'.
src/lib/report/report-engine.ts(132,26): error TS2339: Property 'map' does not exist on type 'any[] | { rowCount: number; streamed: boolean; }'.
  Property 'map' does not exist on type '{ rowCount: number; streamed: boolean; }'.
src/lib/report/report-engine.ts(162,24): error TS2339: Property 'map' does not exist on type 'any[] | { rowCount: number; streamed: boolean; }'.
  Property 'map' does not exist on type '{ rowCount: number; streamed: boolean; }'.
src/lib/report/report-engine.ts(191,25): error TS2339: Property 'map' does not exist on type 'any[] | { rowCount: number; streamed: boolean; }'.
  Property 'map' does not exist on type '{ rowCount: number; streamed: boolean; }'.
src/lib/report/report-engine.ts(224,26): error TS2339: Property 'map' does not exist on type 'any[] | { rowCount: number; streamed: boolean; }'.
  Property 'map' does not exist on type '{ rowCount: number; streamed: boolean; }'.
src/lib/report/report-engine.ts(298,63): error TS2554: Expected 2 arguments, but got 3.
src/lib/report/report-engine.ts(348,5): error TS2322: Type 'any[] | { rowCount: number; streamed: boolean; }' is not assignable to type 'any[]'.
  Type '{ rowCount: number; streamed: boolean; }' is missing the following properties from type 'any[]': length, pop, push, concat, and 35 more.
src/lib/reporting/reporting.ts(42,7): error TS2322: Type 'any[] | { rowCount: number; streamed: boolean; }' is not assignable to type 'any[]'.
  Type '{ rowCount: number; streamed: boolean; }' is missing the following properties from type 'any[]': length, pop, push, concat, and 35 more.
src/lib/reporting/reporting.ts(78,7): error TS2322: Type 'any[] | { rowCount: number; streamed: boolean; }' is not assignable to type 'any[]'.
  Type '{ rowCount: number; streamed: boolean; }' is missing the following properties from type 'any[]': length, pop, push, concat, and 35 more.
src/lib/reporting/reporting.ts(110,7): error TS2322: Type 'any[] | { rowCount: number; streamed: boolean; }' is not assignable to type 'any[]'.
  Type '{ rowCount: number; streamed: boolean; }' is missing the following properties from type 'any[]': length, pop, push, concat, and 35 more.
src/lib/reporting/reporting.ts(142,7): error TS2322: Type 'any[] | { rowCount: number; streamed: boolean; }' is not assignable to type 'any[]'.
  Type '{ rowCount: number; streamed: boolean; }' is missing the following properties from type 'any[]': length, pop, push, concat, and 35 more.
src/lib/reporting/reporting.ts(173,7): error TS2322: Type 'any[] | { rowCount: number; streamed: boolean; }' is not assignable to type 'any[]'.
  Type '{ rowCount: number; streamed: boolean; }' is missing the following properties from type 'any[]': length, pop, push, concat, and 35 more.
src/lib/reputation/reputation.ts(62,37): error TS2345: Argument of type '{ user_id: string; }' is not assignable to parameter of type 'string'.
src/lib/reputation/reputation.ts(70,61): error TS1064: The return type of an async function or method must be the global Promise<T> type. Did you mean to write 'Promise<string>'?
src/lib/reputation/reputation.ts(160,5): error TS2322: Type 'any[] | { rowCount: number; streamed: boolean; }' is not assignable to type 'any[]'.
  Type '{ rowCount: number; streamed: boolean; }' is missing the following properties from type 'any[]': length, pop, push, concat, and 35 more.
src/lib/review/review-management.ts(62,9): error TS2345: Argument of type '"comment"' is not assignable to parameter of type 'NotificationType'.
src/lib/review/review-management.ts(95,40): error TS2339: Property 'rows' does not exist on type 'any[] | { rowCount: number; streamed: boolean; }'.
  Property 'rows' does not exist on type 'any[]'.
src/lib/review/review-management.ts(96,22): error TS2339: Property 'rows' does not exist on type 'any[] | { rowCount: number; streamed: boolean; }'.
  Property 'rows' does not exist on type 'any[]'.
src/lib/review/review-management.ts(133,7): error TS2345: Argument of type '{ review_id: string; }' is not assignable to parameter of type 'string'.
src/lib/review/review-management.ts(249,20): error TS2339: Property 'rows' does not exist on type 'any[] | { rowCount: number; streamed: boolean; }'.
  Property 'rows' does not exist on type 'any[]'.
src/lib/review/review-management.ts(277,7): error TS2345: Argument of type '{ id: string; }' is not assignable to parameter of type 'string'.
src/lib/review/review-moderation.ts(78,20): error TS2339: Property 'rows' does not exist on type 'any[] | { rowCount: number; streamed: boolean; }'.
  Property 'rows' does not exist on type 'any[]'.
src/lib/review/review-moderation.ts(106,7): error TS2345: Argument of type '{ id: string; }' is not assignable to parameter of type 'string'.
src/lib/review/review-moderation.ts(218,20): error TS2339: Property 'rows' does not exist on type 'any[] | { rowCount: number; streamed: boolean; }'.
  Property 'rows' does not exist on type 'any[]'.
src/lib/review/review-moderation.ts(238,18): error TS2339: Property 'rows' does not exist on type 'any[] | { rowCount: number; streamed: boolean; }'.
  Property 'rows' does not exist on type 'any[]'.
src/lib/review/review-moderation.ts(262,9): error TS2345: Argument of type '{ review_id: string; }' is not assignable to parameter of type 'string'.
src/lib/rewards/rewards-catalog.ts(91,24): error TS2339: Property 'rows' does not exist on type 'any[]'.
src/lib/rewards/rewards-catalog.ts(165,9): error TS2345: Argument of type '{ id: string; }' is not assignable to parameter of type 'string'.
src/lib/rewards/rewards-catalog.ts(229,32): error TS2339: Property 'rows' does not exist on type 'any[]'.
src/lib/rewards/rewards-catalog.ts(256,38): error TS2339: Property 'rows' does not exist on type 'any[] | { rowCount: number; streamed: boolean; }'.
  Property 'rows' does not exist on type 'any[]'.
src/lib/rewards/rewards-catalog.ts(257,20): error TS2339: Property 'rows' does not exist on type 'any[] | { rowCount: number; streamed: boolean; }'.
  Property 'rows' does not exist on type 'any[]'.
src/lib/rewards/rewards-catalog.ts(285,38): error TS2339: Property 'rows' does not exist on type 'any[] | { rowCount: number; streamed: boolean; }'.
  Property 'rows' does not exist on type 'any[]'.
src/lib/rewards/rewards-catalog.ts(286,20): error TS2339: Property 'rows' does not exist on type 'any[] | { rowCount: number; streamed: boolean; }'.
  Property 'rows' does not exist on type 'any[]'.
src/lib/rewards/rewards-catalog.ts(348,7): error TS2345: Argument of type '{ code: string; }' is not assignable to parameter of type 'string'.
src/lib/rewards/rewards.ts(104,7): error TS2345: Argument of type '{ user_id: string; }' is not assignable to parameter of type 'string'.
src/lib/rewards/rewards.ts(115,9): error TS2345: Argument of type '{ reward_id: string; }' is not assignable to parameter of type 'string'.
src/lib/rewards/rewards.ts(148,5): error TS2322: Type 'any[] | { rowCount: number; streamed: boolean; }' is not assignable to type 'any[]'.
  Type '{ rowCount: number; streamed: boolean; }' is missing the following properties from type 'any[]': length, pop, push, concat, and 35 more.
src/lib/rewards/rewards.ts(186,5): error TS2740: Type '{}' is missing the following properties from type 'any[]': length, pop, push, concat, and 35 more.
src/lib/rewards/rewards.ts(203,9): error TS2345: Argument of type '{ reward_id: string; }' is not assignable to parameter of type 'string'.
src/lib/rewards/rewards.ts(234,7): error TS2345: Argument of type '{ id: string; }' is not assignable to parameter of type 'string'.
src/lib/risk/risk-management.ts(245,9): error TS2322: Type 'undefined[]' is not assignable to type 'number'.
src/lib/routes.ts(9,26): error TS2307: Cannot find module '../pages/admin/index.astro' or its corresponding type declarations.
src/lib/routes.ts(10,36): error TS2307: Cannot find module '../pages/admin/dashboard.astro' or its corresponding type declarations.
src/lib/routes.ts(11,36): error TS2307: Cannot find module '../pages/admin/analytics.astro' or its corresponding type declarations.
src/lib/routes.ts(12,32): error TS2307: Cannot find module '../pages/admin/users.astro' or its corresponding type declarations.
src/lib/routes.ts(13,33): error TS2307: Cannot find module '../pages/admin/places/index.astro' or its corresponding type declarations.
src/lib/routes.ts(14,37): error TS2307: Cannot find module '../pages/admin/places/add.astro' or its corresponding type declarations.
src/lib/routes.ts(15,31): error TS2307: Cannot find module '../pages/admin/blog/index.astro' or its corresponding type declarations.
src/lib/routes.ts(16,34): error TS2307: Cannot find module '../pages/admin/reviews.astro' or its corresponding type declarations.
src/lib/routes.ts(17,37): error TS2307: Cannot find module '../pages/admin/moderation.astro' or its corresponding type declarations.
src/lib/routes.ts(18,40): error TS2307: Cannot find module '../pages/admin/verifications.astro' or its corresponding type declarations.
src/lib/routes.ts(19,35): error TS2307: Cannot find module '../pages/admin/webhooks.astro' or its corresponding type declarations.
src/lib/routes.ts(22,28): error TS2307: Cannot find module '../pages/isletme/analytics.astro' or its corresponding type declarations.
src/lib/routes.ts(23,37): error TS2307: Cannot find module '../pages/vendor/dashboard.astro' or its corresponding type declarations.
src/lib/routes.ts(26,35): error TS2307: Cannot find module '../pages/canli-analitik/index.astro' or its corresponding type declarations.
src/lib/routes.ts(27,29): error TS2307: Cannot find module '../pages/raporlar/index.astro' or its corresponding type declarations.
src/lib/routes.ts(28,32): error TS2307: Cannot find module '../pages/veri-ambarı/index.astro' or its corresponding type declarations.
src/lib/routes.ts(31,27): error TS2307: Cannot find module '../pages/sosyal/index.astro' or its corresponding type declarations.
src/lib/routes.ts(32,27): error TS2307: Cannot find module '../pages/kesfet/index.astro' or its corresponding type declarations.
src/lib/routes.ts(33,26): error TS2307: Cannot find module '../pages/trend/index.astro' or its corresponding type declarations.
src/lib/routes.ts(34,32): error TS2307: Cannot find module '../pages/siralamalar/index.astro' or its corresponding type declarations.
src/lib/routes.ts(37,28): error TS2307: Cannot find module '../pages/loyalty/index.astro' or its corresponding type declarations.
src/lib/routes.ts(38,36): error TS2307: Cannot find module '../pages/loyalty/rewards.astro' or its corresponding type declarations.
src/lib/routes.ts(39,41): error TS2307: Cannot find module '../pages/loyalty/transactions.astro' or its corresponding type declarations.
src/lib/routes.ts(42,38): error TS2307: Cannot find module '../pages/kullanici/sadakat.astro' or its corresponding type declarations.
src/lib/routes.ts(43,34): error TS2307: Cannot find module '../pages/aktivitelerim/index.astro' or its corresponding type declarations.
src/lib/routes.ts(44,34): error TS2307: Cannot find module '../pages/koleksiyonlar/index.astro' or its corresponding type declarations.
src/lib/routes.ts(45,29): error TS2307: Cannot find module '../pages/mesajlar/index.astro' or its corresponding type declarations.
src/lib/routes.ts(46,32): error TS2307: Cannot find module '../pages/bildirimler/index.astro' or its corresponding type declarations.
src/lib/routes.ts(49,32): error TS2307: Cannot find module '../pages/places/ekle.astro' or its corresponding type declarations.
src/lib/routes.ts(52,25): error TS2307: Cannot find module '../pages/blog/index.astro' or its corresponding type declarations.
src/lib/routes.ts(53,32): error TS2307: Cannot find module '../pages/etkinlikler/index.astro' or its corresponding type declarations.
src/lib/routes.ts(54,31): error TS2307: Cannot find module '../pages/gastronomi/index.astro' or its corresponding type declarations.
src/lib/routes.ts(55,34): error TS2307: Cannot find module '../pages/tarihi-yerler/index.astro' or its corresponding type declarations.
src/lib/scheduler/scheduler.ts(7,37): error TS2307: Cannot find module './analytics' or its corresponding type declarations.
src/lib/scheduler/scheduler.ts(8,37): error TS2307: Cannot find module './audit' or its corresponding type declarations.
src/lib/scheduler/scheduler.ts(9,39): error TS2307: Cannot find module './webhooks' or its corresponding type declarations.
src/lib/search/index.ts(4,1): error TS2308: Module './elasticsearch' has already exported a member named 'SearchResult'. Consider explicitly re-exporting to resolve the ambiguity.
src/lib/search/index.ts(5,1): error TS2308: Module './search' has already exported a member named 'getTrendingSearches'. Consider explicitly re-exporting to resolve the ambiguity.
src/lib/search/index.ts(7,1): error TS2308: Module './elasticsearch' has already exported a member named 'SearchResult'. Consider explicitly re-exporting to resolve the ambiguity.
src/lib/search/index.ts(7,1): error TS2308: Module './search-engine' has already exported a member named 'recordSearchQuery'. Consider explicitly re-exporting to resolve the ambiguity.
src/lib/search/index.ts(8,1): error TS2308: Module './search' has already exported a member named 'getSearchSuggestions'. Consider explicitly re-exporting to resolve the ambiguity.
src/lib/search/search-engine.ts(215,40): error TS2345: Argument of type '{ search_query: string; search_type: string; }' is not assignable to parameter of type 'string'.
src/lib/search/search-engine.ts(249,5): error TS2322: Type 'any[] | { rowCount: number; streamed: boolean; }' is not assignable to type 'any[]'.
  Type '{ rowCount: number; streamed: boolean; }' is missing the following properties from type 'any[]': length, pop, push, concat, and 35 more.
src/lib/search/search-engine.ts(267,5): error TS2322: Type 'any[] | { rowCount: number; streamed: boolean; }' is not assignable to type 'any[]'.
  Type '{ rowCount: number; streamed: boolean; }' is missing the following properties from type 'any[]': length, pop, push, concat, and 35 more.
src/lib/search/search-history.ts(23,5): error TS2322: Type 'any[] | { rowCount: number; streamed: boolean; }' is not assignable to type 'any[]'.
  Type '{ rowCount: number; streamed: boolean; }' is missing the following properties from type 'any[]': length, pop, push, concat, and 35 more.
src/lib/search/search-history.ts(106,36): error TS2345: Argument of type '{ id: string; }' is not assignable to parameter of type 'string'.
src/lib/search/search-history.ts(135,36): error TS2345: Argument of type '{ id: string; }' is not assignable to parameter of type 'string'.
src/lib/search/search-history.ts(155,23): error TS2339: Property 'map' does not exist on type 'any[] | { rowCount: number; streamed: boolean; }'.
  Property 'map' does not exist on type '{ rowCount: number; streamed: boolean; }'.
src/lib/search/search-history.ts(164,19): error TS2339: Property 'map' does not exist on type 'any[] | { rowCount: number; streamed: boolean; }'.
  Property 'map' does not exist on type '{ rowCount: number; streamed: boolean; }'.
src/lib/search/search-suggestions.ts(22,24): error TS2339: Property 'map' does not exist on type 'any[] | { rowCount: number; streamed: boolean; }'.
  Property 'map' does not exist on type '{ rowCount: number; streamed: boolean; }'.
src/lib/search/search-suggestions.ts(42,5): error TS2322: Type 'any[] | { rowCount: number; streamed: boolean; }' is not assignable to type 'any[]'.
  Type '{ rowCount: number; streamed: boolean; }' is missing the following properties from type 'any[]': length, pop, push, concat, and 35 more.
src/lib/search/search-suggestions.ts(65,5): error TS2322: Type 'any[] | { rowCount: number; streamed: boolean; }' is not assignable to type 'any[]'.
  Type '{ rowCount: number; streamed: boolean; }' is missing the following properties from type 'any[]': length, pop, push, concat, and 35 more.
src/lib/search/search-suggestions.ts(84,42): error TS2345: Argument of type '{ suggestion_text: string; }' is not assignable to parameter of type 'string'.
src/lib/search/search-suggestions.ts(112,44): error TS2345: Argument of type '{ prefix: string; completion_text: string; search_type: string; }' is not assignable to parameter of type 'string'.
src/lib/search/search-suggestions.ts(146,44): error TS2345: Argument of type '{ search_query: string; search_type: string; }' is not assignable to parameter of type 'string'.
src/lib/search/search-suggestions.ts(182,5): error TS2322: Type 'any[] | { rowCount: number; streamed: boolean; }' is not assignable to type 'any[]'.
  Type '{ rowCount: number; streamed: boolean; }' is missing the following properties from type 'any[]': length, pop, push, concat, and 35 more.
src/lib/search/search.ts(203,23): error TS2345: Argument of type 'unknown' is not assignable to parameter of type 'string'.
src/lib/search/search.ts(242,120): error TS2339: Property 'length' does not exist on type 'string | number | any[]'.
  Property 'length' does not exist on type 'number'.
src/lib/search/search.ts(299,25): error TS2345: Argument of type 'unknown' is not assignable to parameter of type 'string'.
src/lib/security/index.ts(6,1): error TS2308: Module './security-audit' has already exported a member named 'SecurityCheckResult'. Consider explicitly re-exporting to resolve the ambiguity.
src/lib/security/security-compliance.ts(402,11): error TS2353: Object literal may only specify known properties, and 'testName' does not exist in type 'Error'.
src/lib/security/security.ts(96,34): error TS2339: Property 'map' does not exist on type 'any[] | { rowCount: number; streamed: boolean; }'.
  Property 'map' does not exist on type '{ rowCount: number; streamed: boolean; }'.
src/lib/security/security.ts(131,25): error TS2345: Argument of type 'unknown' is not assignable to parameter of type 'string'.
src/lib/security/security.ts(140,5): error TS2322: Type 'any[] | { rowCount: number; streamed: boolean; }' is not assignable to type 'SecurityEvent[]'.
  Type '{ rowCount: number; streamed: boolean; }' is missing the following properties from type 'SecurityEvent[]': length, pop, push, concat, and 35 more.
src/lib/security/security.ts(229,25): error TS2345: Argument of type 'unknown' is not assignable to parameter of type 'string'.
src/lib/security/security.ts(238,5): error TS2322: Type 'any[] | { rowCount: number; streamed: boolean; }' is not assignable to type 'UserSession[]'.
  Type '{ rowCount: number; streamed: boolean; }' is missing the following properties from type 'UserSession[]': length, pop, push, concat, and 35 more.
src/lib/security/security.ts(255,37): error TS2345: Argument of type '{ session_token: string; }' is not assignable to parameter of type 'string'.
src/lib/security/security.ts(277,35): error TS2345: Argument of type '{ session_token: string; }' is not assignable to parameter of type 'string'.
src/lib/security/security.ts(325,39): error TS2345: Argument of type '{ device_id: string; }' is not assignable to parameter of type 'string'.
src/lib/security/security.ts(342,25): error TS2345: Argument of type 'unknown' is not assignable to parameter of type 'string'.
src/lib/security/security.ts(466,5): error TS2322: Type 'any[] | { rowCount: number; streamed: boolean; }' is not assignable to type 'any[]'.
  Type '{ rowCount: number; streamed: boolean; }' is missing the following properties from type 'any[]': length, pop, push, concat, and 35 more.
src/lib/semantic/index.ts(4,1): error TS2308: Module './semantic-intelligence' has already exported a member named 'SearchResult'. Consider explicitly re-exporting to resolve the ambiguity.
src/lib/seo/index.ts(5,1): error TS2308: Module './seo' has already exported a member named 'generateSitemap'. Consider explicitly re-exporting to resolve the ambiguity.
src/lib/social/auth.ts(7,10): error TS2305: Module '"../auth"' has no exported member 'generateJWT'.
src/lib/social/index.ts(5,1): error TS2308: Module './social-features' has already exported a member named 'getTrendingPlaces'. Consider explicitly re-exporting to resolve the ambiguity.
src/lib/social/social-features.ts(44,25): error TS2345: Argument of type 'unknown' is not assignable to parameter of type 'string'.
src/lib/social/social-features.ts(53,5): error TS2322: Type 'any[] | { rowCount: number; streamed: boolean; }' is not assignable to type 'any[]'.
  Type '{ rowCount: number; streamed: boolean; }' is missing the following properties from type 'any[]': length, pop, push, concat, and 35 more.
src/lib/social/social-features.ts(76,30): error TS2345: Argument of type '{ id: string; }' is not assignable to parameter of type 'string'.
src/lib/social/social-features.ts(137,5): error TS2322: Type 'any[] | { rowCount: number; streamed: boolean; }' is not assignable to type 'any[]'.
  Type '{ rowCount: number; streamed: boolean; }' is missing the following properties from type 'any[]': length, pop, push, concat, and 35 more.
src/lib/social/social-features.ts(153,5): error TS2322: Type 'any[] | { rowCount: number; streamed: boolean; }' is not assignable to type 'any[]'.
  Type '{ rowCount: number; streamed: boolean; }' is missing the following properties from type 'any[]': length, pop, push, concat, and 35 more.
src/lib/social/social-features.ts(243,25): error TS2345: Argument of type 'unknown' is not assignable to parameter of type 'string'.
src/lib/social/social-features.ts(258,5): error TS2322: Type 'any[] | { rowCount: number; streamed: boolean; }' is not assignable to type 'any[]'.
  Type '{ rowCount: number; streamed: boolean; }' is missing the following properties from type 'any[]': length, pop, push, concat, and 35 more.
src/lib/social/social-features.ts(271,25): error TS2345: Argument of type 'unknown' is not assignable to parameter of type 'string'.
src/lib/social/social-features.ts(285,5): error TS2322: Type 'any[] | { rowCount: number; streamed: boolean; }' is not assignable to type 'any[]'.
  Type '{ rowCount: number; streamed: boolean; }' is missing the following properties from type 'any[]': length, pop, push, concat, and 35 more.
src/lib/social/social-features.ts(315,5): error TS2322: Type 'any[] | { rowCount: number; streamed: boolean; }' is not assignable to type 'any[]'.
  Type '{ rowCount: number; streamed: boolean; }' is missing the following properties from type 'any[]': length, pop, push, concat, and 35 more.
src/lib/social/social-features.ts(351,39): error TS2345: Argument of type '{ content_id: string; }' is not assignable to parameter of type 'string'.
src/lib/social/social-interactions.ts(75,13): error TS2339: Property 'forEach' does not exist on type 'any[] | { rowCount: number; streamed: boolean; }'.
  Property 'forEach' does not exist on type '{ rowCount: number; streamed: boolean; }'.
src/lib/social/social-interactions.ts(154,5): error TS2322: Type 'any[] | { rowCount: number; streamed: boolean; }' is not assignable to type 'any[]'.
  Type '{ rowCount: number; streamed: boolean; }' is missing the following properties from type 'any[]': length, pop, push, concat, and 35 more.
src/lib/stream/index.ts(4,1): error TS2308: Module './stream-analytics' has already exported a member named 'streamJoiner'. Consider explicitly re-exporting to resolve the ambiguity.
src/lib/stream/stream-processor.ts(74,51): error TS2353: Object literal may only specify known properties, and 'processor' does not exist in type 'Error'.
src/lib/stripe/stripe-client.ts(20,28): error TS2554: Expected 0 arguments, but got 1.
src/lib/stripe/stripe-client.ts(25,29): error TS2345: Argument of type 'EnvConfig' is not assignable to parameter of type 'string'.
src/lib/stripe/stripe-client.ts(167,34): error TS2554: Expected 0 arguments, but got 1.
src/lib/stripe/stripe-client.ts(178,70): error TS2345: Argument of type 'EnvConfig' is not assignable to parameter of type 'string'.
src/lib/stripe/stripe.ts(86,7): error TS2353: Object literal may only specify known properties, and 'expansion' does not exist in type 'SubscriptionCreateParams'.
src/lib/subscription/subscription-admin.ts(46,19): error TS2339: Property 'forEach' does not exist on type 'any[] | { rowCount: number; streamed: boolean; }'.
  Property 'forEach' does not exist on type '{ rowCount: number; streamed: boolean; }'.
src/lib/subscription/subscription-email-notifications.ts(50,25): error TS2345: Argument of type 'unknown' is not assignable to parameter of type 'string'.
src/lib/subscription/subscription-email-notifications.ts(468,39): error TS2345: Argument of type '{ user_id: string; }' is not assignable to parameter of type 'string'.
src/lib/subscription/subscription-email-notifications.ts(484,39): error TS2345: Argument of type '{ user_id: string; }' is not assignable to parameter of type 'string'.
src/lib/subscription/subscription-management.ts(53,25): error TS2345: Argument of type 'unknown' is not assignable to parameter of type 'string'.
src/lib/subscription/subscription-management.ts(64,47): error TS2339: Property 'map' does not exist on type 'any[] | { rowCount: number; streamed: boolean; }'.
  Property 'map' does not exist on type '{ rowCount: number; streamed: boolean; }'.
src/lib/subscription/subscription-management.ts(93,25): error TS2345: Argument of type 'unknown' is not assignable to parameter of type 'string'.
src/lib/subscription/subscription-management.ts(157,20): error TS2339: Property 'map' does not exist on type 'any[] | { rowCount: number; streamed: boolean; }'.
  Property 'map' does not exist on type '{ rowCount: number; streamed: boolean; }'.
src/lib/subscription/subscription-management.ts(200,20): error TS2339: Property 'map' does not exist on type 'any[] | { rowCount: number; streamed: boolean; }'.
  Property 'map' does not exist on type '{ rowCount: number; streamed: boolean; }'.
src/lib/subscription/subscription-management.ts(343,20): error TS2339: Property 'map' does not exist on type 'any[] | { rowCount: number; streamed: boolean; }'.
  Property 'map' does not exist on type '{ rowCount: number; streamed: boolean; }'.
src/lib/trust/trust-assurance-continuity-forecaster-v4.ts(5,86): error TS2307: Cannot find module './governance-kit' or its corresponding type declarations.
src/lib/trust/trust-assurance-continuity-forecaster-v8.ts(5,86): error TS2307: Cannot find module './governance-kit' or its corresponding type declarations.
src/lib/trust/trust-assurance-stability-forecaster-v6.ts(5,86): error TS2307: Cannot find module './governance-kit' or its corresponding type declarations.
src/lib/trust/trust-assurance-stability-forecaster.ts(5,86): error TS2307: Cannot find module './governance-kit' or its corresponding type declarations.
src/lib/trust/trust-continuity-recovery-forecaster.ts(5,86): error TS2307: Cannot find module './governance-kit' or its corresponding type declarations.
src/lib/trust/trust-continuity-stability-forecaster-v7.ts(5,86): error TS2307: Cannot find module './governance-kit' or its corresponding type declarations.
src/lib/trust/trust-recovery-assurance-forecaster-v16.ts(5,86): error TS2307: Cannot find module './governance-kit' or its corresponding type declarations.
src/lib/trust/trust-recovery-continuity-forecaster-v13.ts(5,86): error TS2307: Cannot find module './governance-kit' or its corresponding type declarations.
src/lib/trust/trust-recovery-continuity-forecaster-v9.ts(5,86): error TS2307: Cannot find module './governance-kit' or its corresponding type declarations.
src/lib/trust/trust-recovery-settlement-forecaster.ts(6,63): error TS2307: Cannot find module './governance-kit' or its corresponding type declarations.
src/lib/trust/trust-recovery-stability-forecaster-v11.ts(5,86): error TS2307: Cannot find module './governance-kit' or its corresponding type declarations.
src/lib/trust/trust-resilience-assurance-forecaster-v3.ts(5,86): error TS2307: Cannot find module './governance-kit' or its corresponding type declarations.
src/lib/trust/trust-settlement-confidence-coordinator.ts(6,63): error TS2307: Cannot find module './governance-kit' or its corresponding type declarations.
src/lib/trust/trust-settlement-recovery-coordinator.ts(6,63): error TS2307: Cannot find module './governance-kit' or its corresponding type declarations.
src/lib/trust/trust-settlement-resilience-forecaster.ts(6,63): error TS2307: Cannot find module './governance-kit' or its corresponding type declarations.
src/lib/trust/trust-settlement-stability-forecaster.ts(5,86): error TS2307: Cannot find module './governance-kit' or its corresponding type declarations.
src/lib/trust/trust-stability-assurance-forecaster-v12.ts(5,86): error TS2307: Cannot find module './governance-kit' or its corresponding type declarations.
src/lib/trust/trust-stability-assurance-forecaster-v15.ts(5,86): error TS2307: Cannot find module './governance-kit' or its corresponding type declarations.
src/lib/trust/trust-stability-assurance-forecaster-v5.ts(5,86): error TS2307: Cannot find module './governance-kit' or its corresponding type declarations.
src/lib/trust/trust-stability-recovery-forecaster-v10.ts(5,86): error TS2307: Cannot find module './governance-kit' or its corresponding type declarations.
src/lib/trust/trust-stability-recovery-forecaster-v14.ts(5,86): error TS2307: Cannot find module './governance-kit' or its corresponding type declarations.
src/lib/two-factor-auth.ts(166,25): error TS2345: Argument of type 'unknown' is not assignable to parameter of type 'string'.
src/lib/two-factor-auth.ts(175,5): error TS2322: Type 'any[] | { rowCount: number; streamed: boolean; }' is not assignable to type 'TwoFAMethod[]'.
  Type '{ rowCount: number; streamed: boolean; }' is missing the following properties from type 'TwoFAMethod[]': length, pop, push, concat, and 35 more.
src/lib/two-factor-auth.ts(194,42): error TS2345: Argument of type '{ id: string; }' is not assignable to parameter of type 'string'.
src/lib/two-factor-auth.ts(225,38): error TS2345: Argument of type '{ id: string; }' is not assignable to parameter of type 'string'.
src/lib/two-factor-auth.ts(308,41): error TS2345: Argument of type '{ session_token: string; }' is not assignable to parameter of type 'string'.
src/lib/two-factor-auth.ts(339,52): error TS2345: Argument of type '{ session_id: string; }' is not assignable to parameter of type 'string'.
src/lib/two-factor-auth.ts(400,43): error TS2345: Argument of type '{ id: any; }' is not assignable to parameter of type 'string'.
src/lib/usage/usage-tracking.ts(248,20): error TS2339: Property 'map' does not exist on type 'any[] | { rowCount: number; streamed: boolean; }'.
  Property 'map' does not exist on type '{ rowCount: number; streamed: boolean; }'.
src/lib/useApiError.ts(6,10): error TS1484: 'AppError' is a type and must be imported using a type-only import when 'verbatimModuleSyntax' is enabled.
src/lib/useApiError.ts(6,39): error TS2614: Module '"./error-handling"' has no exported member 'fetchWithErrorHandling'. Did you mean to use 'import fetchWithErrorHandling from "./error-handling"' instead?
src/lib/useApiError.ts(27,47): error TS2554: Expected 1 arguments, but got 2.
src/lib/useApiError.ts(32,22): error TS2339: Property 'userMessage' does not exist on type 'AppError'.
src/lib/useApiError.ts(32,49): error TS2339: Property 'type' does not exist on type 'AppError'.
src/lib/useApiError.ts(33,25): error TS2339: Property 'type' does not exist on type 'AppError'.
src/lib/user/user-onboarding.ts(64,42): error TS2345: Argument of type '{ id: string; }' is not assignable to parameter of type 'string'.
src/lib/user/user-onboarding.ts(101,42): error TS2345: Argument of type '{ id: string; }' is not assignable to parameter of type 'string'.
src/lib/user/user-onboarding.ts(120,42): error TS2345: Argument of type '{ id: string; }' is not assignable to parameter of type 'string'.
src/lib/user/user-stats.ts(200,20): error TS2339: Property 'rows' does not exist on type 'any[] | { rowCount: number; streamed: boolean; }'.
  Property 'rows' does not exist on type 'any[]'.
src/lib/validation/index.ts(71,61): error TS2769: No overload matches this call.
  Overload 1 of 2, '(def: number): ZodDefault<ZodPipe<ZodString, ZodTransform<number, string>>>', gave the following error.
    Argument of type 'string' is not assignable to parameter of type 'number'.
  Overload 2 of 2, '(def: () => number): ZodDefault<ZodPipe<ZodString, ZodTransform<number, string>>>', gave the following error.
    Argument of type 'string' is not assignable to parameter of type '() => number'.
src/lib/validation/index.ts(72,62): error TS2769: No overload matches this call.
  Overload 1 of 2, '(def: number): ZodDefault<ZodPipe<ZodString, ZodTransform<number, string>>>', gave the following error.
    Argument of type 'string' is not assignable to parameter of type 'number'.
  Overload 2 of 2, '(def: () => number): ZodDefault<ZodPipe<ZodString, ZodTransform<number, string>>>', gave the following error.
    Argument of type 'string' is not assignable to parameter of type '() => number'.
src/lib/validation/index.ts(108,31): error TS2339: Property 'errors' does not exist on type 'ZodError<T>'.
src/lib/validation/index.ts(117,32): error TS2339: Property 'partial' does not exist on type 'ZodType<T, unknown, $ZodTypeInternals<T, unknown>>'.
src/lib/vendor/index.ts(8,1): error TS2308: Module './vendor-management' has already exported a member named 'VendorProfile'. Consider explicitly re-exporting to resolve the ambiguity.
src/lib/vendor/vendor-onboarding.ts(163,52): error TS2345: Argument of type '{ id: string; }' is not assignable to parameter of type 'string'.
src/lib/vendor/vendor-onboarding.ts(231,20): error TS2339: Property 'map' does not exist on type 'any[] | { rowCount: number; streamed: boolean; }'.
  Property 'map' does not exist on type '{ rowCount: number; streamed: boolean; }'.
src/lib/vendor/vendor-onboarding.ts(290,20): error TS2339: Property 'map' does not exist on type 'any[] | { rowCount: number; streamed: boolean; }'.
  Property 'map' does not exist on type '{ rowCount: number; streamed: boolean; }'.
src/lib/vendor/vendor-onboarding.ts(323,52): error TS2345: Argument of type '{ id: string; }' is not assignable to parameter of type 'string'.
src/lib/vendor/vendor-onboarding.ts(346,52): error TS2345: Argument of type '{ id: string; }' is not assignable to parameter of type 'string'.
src/lib/video/video-processing.ts(39,25): error TS2345: Argument of type 'unknown' is not assignable to parameter of type 'string'.
src/lib/video/video-processing.ts(80,5): error TS2322: Type 'any[] | { rowCount: number; streamed: boolean; }' is not assignable to type 'any[]'.
  Type '{ rowCount: number; streamed: boolean; }' is missing the following properties from type 'any[]': length, pop, push, concat, and 35 more.
src/lib/video/video-processing.ts(108,38): error TS2345: Argument of type '{ id: string; }' is not assignable to parameter of type 'string'.
src/lib/video/video-processing.ts(118,38): error TS2345: Argument of type '{ id: string; }' is not assignable to parameter of type 'string'.
src/lib/video/video-processing.ts(155,25): error TS2345: Argument of type 'unknown' is not assignable to parameter of type 'string'.
src/lib/video/video-processing.ts(164,5): error TS2322: Type 'any[] | { rowCount: number; streamed: boolean; }' is not assignable to type 'any[]'.
  Type '{ rowCount: number; streamed: boolean; }' is missing the following properties from type 'any[]': length, pop, push, concat, and 35 more.
src/lib/video/video-processing.ts(195,25): error TS2345: Argument of type 'unknown' is not assignable to parameter of type 'string'.
src/lib/video/video-processing.ts(204,5): error TS2322: Type 'any[] | { rowCount: number; streamed: boolean; }' is not assignable to type 'any[]'.
  Type '{ rowCount: number; streamed: boolean; }' is missing the following properties from type 'any[]': length, pop, push, concat, and 35 more.
src/lib/webhook/webhook-analytics.ts(41,23): error TS2345: Argument of type 'unknown' is not assignable to parameter of type 'string'.
src/lib/webhook/webhook-filters.ts(199,25): error TS2345: Argument of type 'unknown' is not assignable to parameter of type 'string'.
src/lib/webhook/webhook-queue.ts(288,27): error TS2345: Argument of type 'unknown' is not assignable to parameter of type 'string'.
src/lib/webhook/webhook-templates.ts(76,25): error TS2345: Argument of type 'unknown' is not assignable to parameter of type 'string'.
src/lib/webhook/webhook-templates.ts(213,25): error TS2345: Argument of type 'unknown' is not assignable to parameter of type 'string'.
src/lib/webhook/webhooks.ts(71,18): error TS2339: Property 'rows' does not exist on type 'any[] | { rowCount: number; streamed: boolean; }'.
  Property 'rows' does not exist on type 'any[]'.
src/lib/webhook/webhooks.ts(76,36): error TS2339: Property 'rows' does not exist on type 'any[] | { rowCount: number; streamed: boolean; }'.
  Property 'rows' does not exist on type 'any[]'.
src/lib/webhook/webhooks.ts(86,66): error TS2339: Property 'rows' does not exist on type 'any[] | { rowCount: number; streamed: boolean; }'.
  Property 'rows' does not exist on type 'any[]'.
src/lib/webhook/webhooks.ts(110,39): error TS2339: Property 'rows' does not exist on type 'any[] | { rowCount: number; streamed: boolean; }'.
  Property 'rows' does not exist on type 'any[]'.
src/lib/webhook/webhooks.ts(130,7): error TS2769: No overload matches this call.
  Overload 1 of 2, '(input: string | URL | Request, init?: RequestInit): Promise<Response>', gave the following error.
    Object literal may only specify known properties, and 'timeout' does not exist in type 'RequestInit'.
  Overload 2 of 2, '(input: URL | RequestInfo, init?: RequestInit): Promise<Response>', gave the following error.
    Object literal may only specify known properties, and 'timeout' does not exist in type 'RequestInit'.
src/lib/webhook/webhooks.ts(153,103): error TS2554: Expected 1-2 arguments, but got 3.
src/lib/webhook/webhooks.ts(183,21): error TS2339: Property 'rows' does not exist on type 'any[] | { rowCount: number; streamed: boolean; }'.
  Property 'rows' does not exist on type 'any[]'.
src/middleware.ts(2,34): error TS2307: Cannot find module 'astro:middleware' or its corresponding type declarations.
src/middleware/index.ts(1,34): error TS2307: Cannot find module 'astro:middleware' or its corresponding type declarations.
src/middleware/index.ts(16,45): error TS2345: Argument of type '(ctx: RewritePayload) => Promise<void | Response>' is not assignable to parameter of type 'MiddlewareNext'.
  Type 'Promise<void | Response>' is not assignable to type 'Promise<Response>'.
    Type 'void | Response' is not assignable to type 'Response'.
      Type 'void' is not assignable to type 'Response'.
src/middleware/index.ts(17,30): error TS2345: Argument of type 'RewritePayload' is not assignable to parameter of type 'APIContext<Record<string, any>, Record<string, string>>'.
  Type 'string' is not assignable to type 'APIContext<Record<string, any>, Record<string, string>>'.
src/middleware/index.ts(18,41): error TS2345: Argument of type 'RewritePayload' is not assignable to parameter of type 'APIContext<Record<string, any>, Record<string, string>>'.
  Type 'string' is not assignable to type 'APIContext<Record<string, any>, Record<string, string>>'.
src/middleware/index.ts(24,39): error TS2345: Argument of type '(ctx: RewritePayload) => Promise<void | Response>' is not assignable to parameter of type 'MiddlewareNext'.
  Type 'Promise<void | Response>' is not assignable to type 'Promise<Response>'.
    Type 'void | Response' is not assignable to type 'Response'.
      Type 'void' is not assignable to type 'Response'.
src/middleware/index.ts(25,28): error TS2345: Argument of type 'RewritePayload' is not assignable to parameter of type 'APIContext<Record<string, any>, Record<string, string>>'.
  Type 'string' is not assignable to type 'APIContext<Record<string, any>, Record<string, string>>'.
src/middleware/index.ts(26,39): error TS2345: Argument of type 'RewritePayload' is not assignable to parameter of type 'APIContext<Record<string, any>, Record<string, string>>'.
  Type 'string' is not assignable to type 'APIContext<Record<string, any>, Record<string, string>>'.
src/middleware/request-id.ts(23,23): error TS2347: Untyped function calls may not accept type arguments.
src/migrations/001_initial_schema.ts(6,32): error TS2307: Cannot find module '../lib/migrations' or its corresponding type declarations.
src/migrations/002_audit_logging.ts(6,32): error TS2307: Cannot find module '../lib/migrations' or its corresponding type declarations.
src/migrations/003_fulltext_search.ts(6,32): error TS2307: Cannot find module '../lib/migrations' or its corresponding type declarations.
src/migrations/004_webhooks.ts(6,32): error TS2307: Cannot find module '../lib/migrations' or its corresponding type declarations.
src/migrations/005_analytics.ts(6,32): error TS2307: Cannot find module '../lib/migrations' or its corresponding type declarations.
src/migrations/006_roles_permissions.ts(6,32): error TS2307: Cannot find module '../lib/migrations' or its corresponding type declarations.
src/migrations/007_api_keys.ts(6,32): error TS2307: Cannot find module '../lib/migrations' or its corresponding type declarations.
src/migrations/008_push_subscriptions.ts(6,32): error TS2307: Cannot find module '../lib/migrations' or its corresponding type declarations.
src/migrations/009_notifications.ts(6,32): error TS2307: Cannot find module '../lib/migrations' or its corresponding type declarations.
src/migrations/010_saved_searches.ts(1,32): error TS2307: Cannot find module '../lib/migrations' or its corresponding type declarations.
src/migrations/011_vendor_and_community.ts(1,32): error TS2307: Cannot find module '../lib/migrations' or its corresponding type declarations.
src/migrations/012_premium_and_content.ts(1,32): error TS2307: Cannot find module '../lib/migrations' or its corresponding type declarations.
src/migrations/030_user_settings.ts(9,32): error TS2307: Cannot find module '../lib/migrations' or its corresponding type declarations.
src/migrations/031_content_moderation.ts(6,32): error TS2307: Cannot find module '../lib/migrations' or its corresponding type declarations.
src/migrations/032_user_blocking.ts(6,32): error TS2307: Cannot find module '../lib/migrations' or its corresponding type declarations.
src/migrations/033_email_verification.ts(6,32): error TS2307: Cannot find module '../lib/migrations' or its corresponding type declarations.
src/migrations/034_account_deletion.ts(6,32): error TS2307: Cannot find module '../lib/migrations' or its corresponding type declarations.
src/migrations/035_place_collections.ts(6,32): error TS2307: Cannot find module '../lib/migrations' or its corresponding type declarations.
src/migrations/036_collection_indexes.ts(8,32): error TS2307: Cannot find module '../lib/migrations' or its corresponding type declarations.
src/migrations/040_place_photos.ts(6,32): error TS2307: Cannot find module '../lib/migrations' or its corresponding type declarations.
src/migrations/047_badge_indexes.ts(8,32): error TS2307: Cannot find module '../lib/migrations' or its corresponding type declarations.
src/migrations/127_performance_indexes.ts(9,32): error TS2307: Cannot find module '../lib/migrations' or its corresponding type declarations.
src/pages/api/achievements/index.ts(33,33): error TS2339: Property 'AUTH_REQUIRED' does not exist on type '{ readonly VALIDATION_ERROR: "VALIDATION_ERROR"; readonly UNAUTHORIZED: "UNAUTHORIZED"; readonly FORBIDDEN: "FORBIDDEN"; readonly NOT_FOUND: "NOT_FOUND"; readonly CONFLICT: "CONFLICT"; readonly RATE_LIMITED: "RATE_LIMITED"; readonly INTERNAL_ERROR: "INTERNAL_ERROR"; readonly INVALID_INPUT: "INVALID_INPUT"; readonly ...'.
src/pages/api/achievements/index.ts(82,33): error TS2339: Property 'AUTH_REQUIRED' does not exist on type '{ readonly VALIDATION_ERROR: "VALIDATION_ERROR"; readonly UNAUTHORIZED: "UNAUTHORIZED"; readonly FORBIDDEN: "FORBIDDEN"; readonly NOT_FOUND: "NOT_FOUND"; readonly CONFLICT: "CONFLICT"; readonly RATE_LIMITED: "RATE_LIMITED"; readonly INTERNAL_ERROR: "INTERNAL_ERROR"; readonly INVALID_INPUT: "INVALID_INPUT"; readonly ...'.
src/pages/api/activity.ts(28,19): error TS2339: Property 'AUTH_REQUIRED' does not exist on type '{ readonly VALIDATION_ERROR: "VALIDATION_ERROR"; readonly UNAUTHORIZED: "UNAUTHORIZED"; readonly FORBIDDEN: "FORBIDDEN"; readonly NOT_FOUND: "NOT_FOUND"; readonly CONFLICT: "CONFLICT"; readonly RATE_LIMITED: "RATE_LIMITED"; readonly INTERNAL_ERROR: "INTERNAL_ERROR"; readonly INVALID_INPUT: "INVALID_INPUT"; readonly ...'.
src/pages/api/admin/badges/award.ts(101,24): error TS2345: Argument of type '"award"' is not assignable to parameter of type '"create" | "update" | "delete"'.
src/pages/api/admin/loyalty/rewards.ts(37,38): error TS2339: Property 'rows' does not exist on type 'any[] | { rowCount: number; streamed: boolean; }'.
  Property 'rows' does not exist on type 'any[]'.
src/pages/api/admin/loyalty/rewards.ts(42,55): error TS2339: Property 'rows' does not exist on type 'any[] | { rowCount: number; streamed: boolean; }'.
  Property 'rows' does not exist on type 'any[]'.
src/pages/api/admin/moderation/actions.ts(50,24): error TS2339: Property 'isAdmin' does not exist on type '{ id: string; email: string; fullName: string; role: "user" | "admin" | "moderator"; avatar: string; points: number; }'.
src/pages/api/admin/moderation/actions.ts(133,24): error TS2339: Property 'isAdmin' does not exist on type '{ id: string; email: string; fullName: string; role: "user" | "admin" | "moderator"; avatar: string; points: number; }'.
src/pages/api/admin/moderation/reports.ts(36,24): error TS2339: Property 'isAdmin' does not exist on type '{ id: string; email: string; fullName: string; role: "user" | "admin" | "moderator"; avatar: string; points: number; }'.
src/pages/api/admin/moderation/reports.ts(89,24): error TS2339: Property 'isAdmin' does not exist on type '{ id: string; email: string; fullName: string; role: "user" | "admin" | "moderator"; avatar: string; points: number; }'.
src/pages/api/admin/moderation/stats.ts(20,24): error TS2339: Property 'isAdmin' does not exist on type '{ id: string; email: string; fullName: string; role: "user" | "admin" | "moderator"; avatar: string; points: number; }'.
src/pages/api/admin/performance/optimization.ts(31,45): error TS2339: Property 'getAggregated' does not exist on type 'MetricsCollector'.
src/pages/api/admin/performance/optimization.ts(90,27): error TS2339: Property 'operation' does not exist on type 'SlowOperationMetric'.
src/pages/api/admin/performance/recommendations.ts(43,25): error TS2339: Property 'rows' does not exist on type 'any[] | { rowCount: number; streamed: boolean; }'.
  Property 'rows' does not exist on type 'any[]'.
src/pages/api/admin/performance/recommendations.ts(43,47): error TS2339: Property 'rows' does not exist on type 'any[] | { rowCount: number; streamed: boolean; }'.
  Property 'rows' does not exist on type 'any[]'.
src/pages/api/admin/performance/recommendations.ts(47,35): error TS2339: Property 'rows' does not exist on type 'any[] | { rowCount: number; streamed: boolean; }'.
  Property 'rows' does not exist on type 'any[]'.
src/pages/api/admin/performance/recommendations.ts(48,47): error TS2339: Property 'rows' does not exist on type 'any[] | { rowCount: number; streamed: boolean; }'.
  Property 'rows' does not exist on type 'any[]'.
src/pages/api/admin/performance/recommendations.ts(50,57): error TS2339: Property 'rows' does not exist on type 'any[] | { rowCount: number; streamed: boolean; }'.
  Property 'rows' does not exist on type 'any[]'.
src/pages/api/admin/performance/recommendations.ts(70,32): error TS2339: Property 'rows' does not exist on type 'any[] | { rowCount: number; streamed: boolean; }'.
  Property 'rows' does not exist on type 'any[]'.
src/pages/api/admin/performance/recommendations.ts(70,61): error TS2339: Property 'rows' does not exist on type 'any[] | { rowCount: number; streamed: boolean; }'.
  Property 'rows' does not exist on type 'any[]'.
src/pages/api/admin/performance/recommendations.ts(119,23): error TS2339: Property 'rows' does not exist on type 'any[] | { rowCount: number; streamed: boolean; }'.
  Property 'rows' does not exist on type 'any[]'.
src/pages/api/admin/performance/recommendations.ts(119,43): error TS2339: Property 'rows' does not exist on type 'any[] | { rowCount: number; streamed: boolean; }'.
  Property 'rows' does not exist on type 'any[]'.
src/pages/api/admin/performance/recommendations.ts(120,37): error TS2339: Property 'rows' does not exist on type 'any[] | { rowCount: number; streamed: boolean; }'.
  Property 'rows' does not exist on type 'any[]'.
src/pages/api/admin/performance/recommendations.ts(120,110): error TS2339: Property 'rows' does not exist on type 'any[] | { rowCount: number; streamed: boolean; }'.
  Property 'rows' does not exist on type 'any[]'.
src/pages/api/admin/performance/recommendations.ts(124,33): error TS2339: Property 'rows' does not exist on type 'any[] | { rowCount: number; streamed: boolean; }'.
  Property 'rows' does not exist on type 'any[]'.
src/pages/api/admin/performance/recommendations.ts(125,45): error TS2339: Property 'rows' does not exist on type 'any[] | { rowCount: number; streamed: boolean; }'.
  Property 'rows' does not exist on type 'any[]'.
src/pages/api/admin/performance/summary.ts(100,25): error TS2339: Property 'rows' does not exist on type 'any[] | { rowCount: number; streamed: boolean; } | { rows: any[]; }'.
  Property 'rows' does not exist on type 'any[]'.
src/pages/api/admin/performance/summary.ts(101,47): error TS2339: Property 'rows' does not exist on type 'any[] | { rowCount: number; streamed: boolean; } | { rows: any[]; }'.
  Property 'rows' does not exist on type 'any[]'.
src/pages/api/admin/performance/summary.ts(110,36): error TS2339: Property 'rows' does not exist on type 'any[] | { rowCount: number; streamed: boolean; } | { rows: any[]; }'.
  Property 'rows' does not exist on type 'any[]'.
src/pages/api/admin/performance/summary.ts(111,46): error TS2339: Property 'rows' does not exist on type 'any[] | { rowCount: number; streamed: boolean; } | { rows: any[]; }'.
  Property 'rows' does not exist on type 'any[]'.
src/pages/api/admin/quotas/[userId].ts(124,26): error TS2345: Argument of type '"reset_quotas"' is not assignable to parameter of type '"create" | "update" | "delete"'.
src/pages/api/admin/quotas/[userId].ts(157,26): error TS2345: Argument of type '"reset_features"' is not assignable to parameter of type '"create" | "update" | "delete"'.
src/pages/api/admin/reports/schedule.ts(58,60): error TS2339: Property 'length' does not exist on type 'any[] | { rowCount: number; streamed: boolean; }'.
  Property 'length' does not exist on type '{ rowCount: number; streamed: boolean; }'.
src/pages/api/admin/reports/schedule.ts(155,54): error TS2345: Argument of type '{ id: string; }' is not assignable to parameter of type 'string'.
src/pages/api/admin/revenue.ts(18,33): error TS2339: Property 'AUTH_REQUIRED' does not exist on type '{ readonly VALIDATION_ERROR: "VALIDATION_ERROR"; readonly UNAUTHORIZED: "UNAUTHORIZED"; readonly FORBIDDEN: "FORBIDDEN"; readonly NOT_FOUND: "NOT_FOUND"; readonly CONFLICT: "CONFLICT"; readonly RATE_LIMITED: "RATE_LIMITED"; readonly INTERNAL_ERROR: "INTERNAL_ERROR"; readonly INVALID_INPUT: "INVALID_INPUT"; readonly ...'.
src/pages/api/admin/revenue.ts(24,33): error TS2339: Property 'AUTH_REQUIRED' does not exist on type '{ readonly VALIDATION_ERROR: "VALIDATION_ERROR"; readonly UNAUTHORIZED: "UNAUTHORIZED"; readonly FORBIDDEN: "FORBIDDEN"; readonly NOT_FOUND: "NOT_FOUND"; readonly CONFLICT: "CONFLICT"; readonly RATE_LIMITED: "RATE_LIMITED"; readonly INTERNAL_ERROR: "INTERNAL_ERROR"; readonly INVALID_INPUT: "INVALID_INPUT"; readonly ...'.
src/pages/api/admin/revenue.ts(125,38): error TS2339: Property 'map' does not exist on type 'any[] | { rowCount: number; streamed: boolean; }'.
  Property 'map' does not exist on type '{ rowCount: number; streamed: boolean; }'.
src/pages/api/admin/subscriptions/users.ts(84,24): error TS2339: Property 'length' does not exist on type 'any[] | { rowCount: number; streamed: boolean; }'.
  Property 'length' does not exist on type '{ rowCount: number; streamed: boolean; }'.
src/pages/api/admin/subscriptions/users.ts(172,21): error TS2339: Property 'BAD_REQUEST' does not exist on type '{ readonly VALIDATION_ERROR: "VALIDATION_ERROR"; readonly UNAUTHORIZED: "UNAUTHORIZED"; readonly FORBIDDEN: "FORBIDDEN"; readonly NOT_FOUND: "NOT_FOUND"; readonly CONFLICT: "CONFLICT"; readonly RATE_LIMITED: "RATE_LIMITED"; readonly INTERNAL_ERROR: "INTERNAL_ERROR"; readonly INVALID_INPUT: "INVALID_INPUT"; readonly ...'.
src/pages/api/admin/subscriptions/users.ts(221,17): error TS2339: Property 'BAD_REQUEST' does not exist on type '{ readonly VALIDATION_ERROR: "VALIDATION_ERROR"; readonly UNAUTHORIZED: "UNAUTHORIZED"; readonly FORBIDDEN: "FORBIDDEN"; readonly NOT_FOUND: "NOT_FOUND"; readonly CONFLICT: "CONFLICT"; readonly RATE_LIMITED: "RATE_LIMITED"; readonly INTERNAL_ERROR: "INTERNAL_ERROR"; readonly INVALID_INPUT: "INVALID_INPUT"; readonly ...'.
src/pages/api/admin/verifications/[id]/approve.ts(76,24): error TS2345: Argument of type '"approve"' is not assignable to parameter of type '"create" | "update" | "delete"'.
src/pages/api/admin/verifications/[id]/reject.ts(77,24): error TS2345: Argument of type '"reject"' is not assignable to parameter of type '"create" | "update" | "delete"'.
src/pages/api/analytics.ts(6,23): error TS2339: Property 'isAdmin' does not exist on type '{ id: string; email: string; fullName: string; role: "user" | "admin" | "moderator"; avatar: string; points: number; }'.
src/pages/api/analytics.ts(39,30): error TS2339: Property 'rows' does not exist on type 'any[] | { rowCount: number; streamed: boolean; }'.
  Property 'rows' does not exist on type 'any[]'.
src/pages/api/analytics.ts(40,28): error TS2339: Property 'rows' does not exist on type 'any[] | { rowCount: number; streamed: boolean; }'.
  Property 'rows' does not exist on type 'any[]'.
src/pages/api/analytics/dashboard.ts(16,33): error TS2339: Property 'AUTH_REQUIRED' does not exist on type '{ readonly VALIDATION_ERROR: "VALIDATION_ERROR"; readonly UNAUTHORIZED: "UNAUTHORIZED"; readonly FORBIDDEN: "FORBIDDEN"; readonly NOT_FOUND: "NOT_FOUND"; readonly CONFLICT: "CONFLICT"; readonly RATE_LIMITED: "RATE_LIMITED"; readonly INTERNAL_ERROR: "INTERNAL_ERROR"; readonly INVALID_INPUT: "INVALID_INPUT"; readonly ...'.
src/pages/api/auth/2fa/disable.ts(20,33): error TS2339: Property 'AUTH_REQUIRED' does not exist on type '{ readonly VALIDATION_ERROR: "VALIDATION_ERROR"; readonly UNAUTHORIZED: "UNAUTHORIZED"; readonly FORBIDDEN: "FORBIDDEN"; readonly NOT_FOUND: "NOT_FOUND"; readonly CONFLICT: "CONFLICT"; readonly RATE_LIMITED: "RATE_LIMITED"; readonly INTERNAL_ERROR: "INTERNAL_ERROR"; readonly INVALID_INPUT: "INVALID_INPUT"; readonly ...'.
src/pages/api/auth/2fa/verify.ts(31,33): error TS2339: Property 'AUTH_ERROR' does not exist on type '{ readonly VALIDATION_ERROR: "VALIDATION_ERROR"; readonly UNAUTHORIZED: "UNAUTHORIZED"; readonly FORBIDDEN: "FORBIDDEN"; readonly NOT_FOUND: "NOT_FOUND"; readonly CONFLICT: "CONFLICT"; readonly RATE_LIMITED: "RATE_LIMITED"; readonly INTERNAL_ERROR: "INTERNAL_ERROR"; readonly INVALID_INPUT: "INVALID_INPUT"; readonly ...'.
src/pages/api/auth/forgot-password.ts(38,11): error TS2554: Expected 3 arguments, but got 1.
src/pages/api/auth/forgot-password.ts(41,70): error TS2345: Argument of type 'string' is not assignable to parameter of type 'number'.
src/pages/api/auth/login.ts(45,57): error TS2554: Expected 1 arguments, but got 3.
src/pages/api/auth/login.ts(70,29): error TS2339: Property 'env' does not exist on type 'ImportMeta'.
src/pages/api/auth/login/verify-2fa.ts(89,49): error TS2554: Expected 1 arguments, but got 3.
src/pages/api/auth/login/verify-2fa.ts(95,27): error TS2339: Property 'env' does not exist on type 'ImportMeta'.
src/pages/api/auth/login/verify-2fa.ts(104,20): error TS2345: Argument of type '"login_2fa"' is not assignable to parameter of type '"login" | "logout" | "register" | "password_change"'.
src/pages/api/auth/oauth/callback.ts(24,33): error TS2339: Property 'AUTH_ERROR' does not exist on type '{ readonly VALIDATION_ERROR: "VALIDATION_ERROR"; readonly UNAUTHORIZED: "UNAUTHORIZED"; readonly FORBIDDEN: "FORBIDDEN"; readonly NOT_FOUND: "NOT_FOUND"; readonly CONFLICT: "CONFLICT"; readonly RATE_LIMITED: "RATE_LIMITED"; readonly INTERNAL_ERROR: "INTERNAL_ERROR"; readonly INVALID_INPUT: "INVALID_INPUT"; readonly ...'.
src/pages/api/auth/oauth/callback.ts(34,33): error TS2339: Property 'AUTH_ERROR' does not exist on type '{ readonly VALIDATION_ERROR: "VALIDATION_ERROR"; readonly UNAUTHORIZED: "UNAUTHORIZED"; readonly FORBIDDEN: "FORBIDDEN"; readonly NOT_FOUND: "NOT_FOUND"; readonly CONFLICT: "CONFLICT"; readonly RATE_LIMITED: "RATE_LIMITED"; readonly INTERNAL_ERROR: "INTERNAL_ERROR"; readonly INVALID_INPUT: "INVALID_INPUT"; readonly ...'.
src/pages/api/auth/oauth/callback.ts(46,33): error TS2339: Property 'AUTH_ERROR' does not exist on type '{ readonly VALIDATION_ERROR: "VALIDATION_ERROR"; readonly UNAUTHORIZED: "UNAUTHORIZED"; readonly FORBIDDEN: "FORBIDDEN"; readonly NOT_FOUND: "NOT_FOUND"; readonly CONFLICT: "CONFLICT"; readonly RATE_LIMITED: "RATE_LIMITED"; readonly INTERNAL_ERROR: "INTERNAL_ERROR"; readonly INVALID_INPUT: "INVALID_INPUT"; readonly ...'.
src/pages/api/auth/oauth/callback.ts(52,33): error TS2339: Property 'AUTH_ERROR' does not exist on type '{ readonly VALIDATION_ERROR: "VALIDATION_ERROR"; readonly UNAUTHORIZED: "UNAUTHORIZED"; readonly FORBIDDEN: "FORBIDDEN"; readonly NOT_FOUND: "NOT_FOUND"; readonly CONFLICT: "CONFLICT"; readonly RATE_LIMITED: "RATE_LIMITED"; readonly INTERNAL_ERROR: "INTERNAL_ERROR"; readonly INVALID_INPUT: "INVALID_INPUT"; readonly ...'.
src/pages/api/auth/oauth/callback.ts(70,35): error TS2339: Property 'AUTH_ERROR' does not exist on type '{ readonly VALIDATION_ERROR: "VALIDATION_ERROR"; readonly UNAUTHORIZED: "UNAUTHORIZED"; readonly FORBIDDEN: "FORBIDDEN"; readonly NOT_FOUND: "NOT_FOUND"; readonly CONFLICT: "CONFLICT"; readonly RATE_LIMITED: "RATE_LIMITED"; readonly INTERNAL_ERROR: "INTERNAL_ERROR"; readonly INVALID_INPUT: "INVALID_INPUT"; readonly ...'.
src/pages/api/auth/oauth/unlink.ts(20,33): error TS2339: Property 'AUTH_REQUIRED' does not exist on type '{ readonly VALIDATION_ERROR: "VALIDATION_ERROR"; readonly UNAUTHORIZED: "UNAUTHORIZED"; readonly FORBIDDEN: "FORBIDDEN"; readonly NOT_FOUND: "NOT_FOUND"; readonly CONFLICT: "CONFLICT"; readonly RATE_LIMITED: "RATE_LIMITED"; readonly INTERNAL_ERROR: "INTERNAL_ERROR"; readonly INVALID_INPUT: "INVALID_INPUT"; readonly ...'.
src/pages/api/auth/oauth/unlink.ts(27,33): error TS2339: Property 'BAD_REQUEST' does not exist on type '{ readonly VALIDATION_ERROR: "VALIDATION_ERROR"; readonly UNAUTHORIZED: "UNAUTHORIZED"; readonly FORBIDDEN: "FORBIDDEN"; readonly NOT_FOUND: "NOT_FOUND"; readonly CONFLICT: "CONFLICT"; readonly RATE_LIMITED: "RATE_LIMITED"; readonly INTERNAL_ERROR: "INTERNAL_ERROR"; readonly INVALID_INPUT: "INVALID_INPUT"; readonly ...'.
src/pages/api/auth/oauth/unlink.ts(52,19): error TS2339: Property 'BAD_REQUEST' does not exist on type '{ readonly VALIDATION_ERROR: "VALIDATION_ERROR"; readonly UNAUTHORIZED: "UNAUTHORIZED"; readonly FORBIDDEN: "FORBIDDEN"; readonly NOT_FOUND: "NOT_FOUND"; readonly CONFLICT: "CONFLICT"; readonly RATE_LIMITED: "RATE_LIMITED"; readonly INTERNAL_ERROR: "INTERNAL_ERROR"; readonly INVALID_INPUT: "INVALID_INPUT"; readonly ...'.
src/pages/api/auth/register.ts(53,29): error TS2339: Property 'env' does not exist on type 'ImportMeta'.
src/pages/api/badges/definitions.ts(26,33): error TS2345: Argument of type 'unknown' is not assignable to parameter of type 'string'.
src/pages/api/billing/checkout.ts(34,33): error TS2339: Property 'AUTH_REQUIRED' does not exist on type '{ readonly VALIDATION_ERROR: "VALIDATION_ERROR"; readonly UNAUTHORIZED: "UNAUTHORIZED"; readonly FORBIDDEN: "FORBIDDEN"; readonly NOT_FOUND: "NOT_FOUND"; readonly CONFLICT: "CONFLICT"; readonly RATE_LIMITED: "RATE_LIMITED"; readonly INTERNAL_ERROR: "INTERNAL_ERROR"; readonly INVALID_INPUT: "INVALID_INPUT"; readonly ...'.
src/pages/api/blocking/check.ts(23,19): error TS2339: Property 'AUTH_REQUIRED' does not exist on type '{ readonly VALIDATION_ERROR: "VALIDATION_ERROR"; readonly UNAUTHORIZED: "UNAUTHORIZED"; readonly FORBIDDEN: "FORBIDDEN"; readonly NOT_FOUND: "NOT_FOUND"; readonly CONFLICT: "CONFLICT"; readonly RATE_LIMITED: "RATE_LIMITED"; readonly INTERNAL_ERROR: "INTERNAL_ERROR"; readonly INVALID_INPUT: "INVALID_INPUT"; readonly ...'.
src/pages/api/blocking/index.ts(39,19): error TS2339: Property 'AUTH_REQUIRED' does not exist on type '{ readonly VALIDATION_ERROR: "VALIDATION_ERROR"; readonly UNAUTHORIZED: "UNAUTHORIZED"; readonly FORBIDDEN: "FORBIDDEN"; readonly NOT_FOUND: "NOT_FOUND"; readonly CONFLICT: "CONFLICT"; readonly RATE_LIMITED: "RATE_LIMITED"; readonly INTERNAL_ERROR: "INTERNAL_ERROR"; readonly INVALID_INPUT: "INVALID_INPUT"; readonly ...'.
src/pages/api/blocking/index.ts(91,19): error TS2339: Property 'AUTH_REQUIRED' does not exist on type '{ readonly VALIDATION_ERROR: "VALIDATION_ERROR"; readonly UNAUTHORIZED: "UNAUTHORIZED"; readonly FORBIDDEN: "FORBIDDEN"; readonly NOT_FOUND: "NOT_FOUND"; readonly CONFLICT: "CONFLICT"; readonly RATE_LIMITED: "RATE_LIMITED"; readonly INTERNAL_ERROR: "INTERNAL_ERROR"; readonly INVALID_INPUT: "INVALID_INPUT"; readonly ...'.
src/pages/api/blocking/index.ts(164,19): error TS2339: Property 'AUTH_REQUIRED' does not exist on type '{ readonly VALIDATION_ERROR: "VALIDATION_ERROR"; readonly UNAUTHORIZED: "UNAUTHORIZED"; readonly FORBIDDEN: "FORBIDDEN"; readonly NOT_FOUND: "NOT_FOUND"; readonly CONFLICT: "CONFLICT"; readonly RATE_LIMITED: "RATE_LIMITED"; readonly INTERNAL_ERROR: "INTERNAL_ERROR"; readonly INVALID_INPUT: "INVALID_INPUT"; readonly ...'.
src/pages/api/blog/analytics.ts(135,30): error TS2339: Property 'map' does not exist on type 'any[] | { rowCount: number; streamed: boolean; }'.
  Property 'map' does not exist on type '{ rowCount: number; streamed: boolean; }'.
src/pages/api/blog/analytics.ts(143,36): error TS2339: Property 'map' does not exist on type 'any[] | { rowCount: number; streamed: boolean; }'.
  Property 'map' does not exist on type '{ rowCount: number; streamed: boolean; }'.
src/pages/api/blog/analytics.ts(150,37): error TS2339: Property 'map' does not exist on type 'any[] | { rowCount: number; streamed: boolean; }'.
  Property 'map' does not exist on type '{ rowCount: number; streamed: boolean; }'.
src/pages/api/blog/comments.ts(123,51): error TS2345: Argument of type 'number' is not assignable to parameter of type 'string'.
src/pages/api/blog/comments/[id].ts(62,51): error TS2345: Argument of type 'number' is not assignable to parameter of type 'string'.
src/pages/api/blog/comments/[id]/approve.ts(33,35): error TS2345: Argument of type '{ id: number; }' is not assignable to parameter of type 'string'.
src/pages/api/blog/comments/[id]/approve.ts(37,24): error TS2345: Argument of type '"approve"' is not assignable to parameter of type '"create" | "update" | "delete"'.
src/pages/api/blog/comments/[id]/reject.ts(33,35): error TS2345: Argument of type '{ id: number; }' is not assignable to parameter of type 'string'.
src/pages/api/blog/comments/[id]/reject.ts(37,24): error TS2345: Argument of type '"reject"' is not assignable to parameter of type '"create" | "update" | "delete"'.
src/pages/api/blog/posts/[id]/revisions.ts(63,33): error TS2339: Property 'AUTH_REQUIRED' does not exist on type '{ readonly VALIDATION_ERROR: "VALIDATION_ERROR"; readonly UNAUTHORIZED: "UNAUTHORIZED"; readonly FORBIDDEN: "FORBIDDEN"; readonly NOT_FOUND: "NOT_FOUND"; readonly CONFLICT: "CONFLICT"; readonly RATE_LIMITED: "RATE_LIMITED"; readonly INTERNAL_ERROR: "INTERNAL_ERROR"; readonly INVALID_INPUT: "INVALID_INPUT"; readonly ...'.
src/pages/api/blog/posts/index.ts(123,39): error TS2345: Argument of type '{ title: any; content: any; excerpt: any; categoryId: any; featuredImage: any; thumbnail: any; status: any; isFeatured: any; seoTitle: any; seoDescription: any; seoKeywords: any; tags: any; authorId: string; }' is not assignable to parameter of type 'Omit<BlogPost, "id" | "likeCount" | "createdAt" | "updatedAt" | "viewCount">'.
  Property 'slug' is missing in type '{ title: any; content: any; excerpt: any; categoryId: any; featuredImage: any; thumbnail: any; status: any; isFeatured: any; seoTitle: any; seoDescription: any; seoKeywords: any; tags: any; authorId: string; }' but required in type 'Omit<BlogPost, "id" | "likeCount" | "createdAt" | "updatedAt" | "viewCount">'.
src/pages/api/blog/posts/index.ts(145,48): error TS2345: Argument of type 'number' is not assignable to parameter of type 'string'.
src/pages/api/blog/reading-history.ts(131,26): error TS2339: Property 'map' does not exist on type 'any[] | { rowCount: number; streamed: boolean; }'.
  Property 'map' does not exist on type '{ rowCount: number; streamed: boolean; }'.
src/pages/api/blog/reading-history.ts(140,26): error TS2339: Property 'length' does not exist on type 'any[] | { rowCount: number; streamed: boolean; }'.
  Property 'length' does not exist on type '{ rowCount: number; streamed: boolean; }'.
src/pages/api/blog/scheduled-posts.ts(49,29): error TS2339: Property 'filter' does not exist on type 'any[] | { rowCount: number; streamed: boolean; }'.
  Property 'filter' does not exist on type '{ rowCount: number; streamed: boolean; }'.
src/pages/api/blog/scheduled-posts.ts(52,36): error TS2345: Argument of type '{ id: any; }' is not assignable to parameter of type 'string'.
src/pages/api/blog/scheduled-posts.ts(65,32): error TS2339: Property 'filter' does not exist on type 'any[] | { rowCount: number; streamed: boolean; }'.
  Property 'filter' does not exist on type '{ rowCount: number; streamed: boolean; }'.
src/pages/api/blog/scheduled-posts.ts(67,28): error TS2339: Property 'length' does not exist on type 'any[] | { rowCount: number; streamed: boolean; }'.
  Property 'length' does not exist on type '{ rowCount: number; streamed: boolean; }'.
src/pages/api/blog/scheduled-posts.ts(114,32): error TS2345: Argument of type '{ id: any; }' is not assignable to parameter of type 'string'.
src/pages/api/blog/scheduled-posts.ts(118,24): error TS2345: Argument of type '"schedule"' is not assignable to parameter of type '"create" | "update" | "delete"'.
src/pages/api/business-metrics/index.ts(37,19): error TS2339: Property 'AUTH_REQUIRED' does not exist on type '{ readonly VALIDATION_ERROR: "VALIDATION_ERROR"; readonly UNAUTHORIZED: "UNAUTHORIZED"; readonly FORBIDDEN: "FORBIDDEN"; readonly NOT_FOUND: "NOT_FOUND"; readonly CONFLICT: "CONFLICT"; readonly RATE_LIMITED: "RATE_LIMITED"; readonly INTERNAL_ERROR: "INTERNAL_ERROR"; readonly INVALID_INPUT: "INVALID_INPUT"; readonly ...'.
src/pages/api/business-metrics/index.ts(101,19): error TS2339: Property 'AUTH_REQUIRED' does not exist on type '{ readonly VALIDATION_ERROR: "VALIDATION_ERROR"; readonly UNAUTHORIZED: "UNAUTHORIZED"; readonly FORBIDDEN: "FORBIDDEN"; readonly NOT_FOUND: "NOT_FOUND"; readonly CONFLICT: "CONFLICT"; readonly RATE_LIMITED: "RATE_LIMITED"; readonly INTERNAL_ERROR: "INTERNAL_ERROR"; readonly INVALID_INPUT: "INVALID_INPUT"; readonly ...'.
src/pages/api/business/insights.ts(102,9): error TS2345: Argument of type '{ id: any; }' is not assignable to parameter of type 'string'.
src/pages/api/business/insights.ts(109,24): error TS2345: Argument of type '"insight_action"' is not assignable to parameter of type '"create" | "update" | "delete"'.
src/pages/api/collections/[id].ts(27,48): error TS2345: Argument of type '{ success: boolean; data: { collection: PlaceCollection; items: CollectionItem[]; }; }' is not assignable to parameter of type 'string'.
src/pages/api/collections/[id].ts(59,48): error TS2345: Argument of type '{ success: boolean; message: string; }' is not assignable to parameter of type 'string'.
src/pages/api/collections/[id].ts(92,48): error TS2345: Argument of type '{ success: boolean; message: string; }' is not assignable to parameter of type 'string'.
src/pages/api/collections/[id]/follow.ts(54,48): error TS2345: Argument of type '{ success: boolean; message: string; following: boolean; }' is not assignable to parameter of type 'string'.
src/pages/api/collections/[id]/items.ts(38,53): error TS2345: Argument of type '{ success: boolean; message: string; itemId: string; }' is not assignable to parameter of type 'string'.
src/pages/api/collections/[id]/items.ts(81,48): error TS2345: Argument of type '{ success: boolean; message: string; }' is not assignable to parameter of type 'string'.
src/pages/api/collections/index.ts(19,50): error TS2345: Argument of type '{ success: boolean; data: PlaceCollection[]; count: number; }' is not assignable to parameter of type 'string'.
src/pages/api/collections/index.ts(29,50): error TS2345: Argument of type '{ success: boolean; data: PlaceCollection[]; count: number; }' is not assignable to parameter of type 'string'.
src/pages/api/collections/index.ts(39,50): error TS2345: Argument of type '{ success: boolean; data: PlaceCollection[]; count: number; }' is not assignable to parameter of type 'string'.
src/pages/api/collections/index.ts(79,53): error TS2345: Argument of type '{ success: boolean; message: string; data: PlaceCollection; }' is not assignable to parameter of type 'string'.
src/pages/api/comments/[id].ts(22,33): error TS2339: Property 'AUTH_REQUIRED' does not exist on type '{ readonly VALIDATION_ERROR: "VALIDATION_ERROR"; readonly UNAUTHORIZED: "UNAUTHORIZED"; readonly FORBIDDEN: "FORBIDDEN"; readonly NOT_FOUND: "NOT_FOUND"; readonly CONFLICT: "CONFLICT"; readonly RATE_LIMITED: "RATE_LIMITED"; readonly INTERNAL_ERROR: "INTERNAL_ERROR"; readonly INVALID_INPUT: "INVALID_INPUT"; readonly ...'.
src/pages/api/comments/[id].ts(67,33): error TS2339: Property 'AUTH_REQUIRED' does not exist on type '{ readonly VALIDATION_ERROR: "VALIDATION_ERROR"; readonly UNAUTHORIZED: "UNAUTHORIZED"; readonly FORBIDDEN: "FORBIDDEN"; readonly NOT_FOUND: "NOT_FOUND"; readonly CONFLICT: "CONFLICT"; readonly RATE_LIMITED: "RATE_LIMITED"; readonly INTERNAL_ERROR: "INTERNAL_ERROR"; readonly INVALID_INPUT: "INVALID_INPUT"; readonly ...'.
src/pages/api/comments/[id]/vote.ts(24,19): error TS2339: Property 'AUTH_REQUIRED' does not exist on type '{ readonly VALIDATION_ERROR: "VALIDATION_ERROR"; readonly UNAUTHORIZED: "UNAUTHORIZED"; readonly FORBIDDEN: "FORBIDDEN"; readonly NOT_FOUND: "NOT_FOUND"; readonly CONFLICT: "CONFLICT"; readonly RATE_LIMITED: "RATE_LIMITED"; readonly INTERNAL_ERROR: "INTERNAL_ERROR"; readonly INVALID_INPUT: "INVALID_INPUT"; readonly ...'.
src/pages/api/comments/index.ts(76,19): error TS2339: Property 'AUTH_REQUIRED' does not exist on type '{ readonly VALIDATION_ERROR: "VALIDATION_ERROR"; readonly UNAUTHORIZED: "UNAUTHORIZED"; readonly FORBIDDEN: "FORBIDDEN"; readonly NOT_FOUND: "NOT_FOUND"; readonly CONFLICT: "CONFLICT"; readonly RATE_LIMITED: "RATE_LIMITED"; readonly INTERNAL_ERROR: "INTERNAL_ERROR"; readonly INVALID_INPUT: "INVALID_INPUT"; readonly ...'.
src/pages/api/contact.ts(44,11): error TS2554: Expected 3 arguments, but got 1.
src/pages/api/contact.ts(59,11): error TS2554: Expected 3 arguments, but got 1.
src/pages/api/content/[contentId].ts(111,35): error TS2345: Argument of type '{ id: string; }' is not assignable to parameter of type 'string'.
src/pages/api/dashboards/[dashboardId]/widgets.ts(31,19): error TS2339: Property 'AUTH_REQUIRED' does not exist on type '{ readonly VALIDATION_ERROR: "VALIDATION_ERROR"; readonly UNAUTHORIZED: "UNAUTHORIZED"; readonly FORBIDDEN: "FORBIDDEN"; readonly NOT_FOUND: "NOT_FOUND"; readonly CONFLICT: "CONFLICT"; readonly RATE_LIMITED: "RATE_LIMITED"; readonly INTERNAL_ERROR: "INTERNAL_ERROR"; readonly INVALID_INPUT: "INVALID_INPUT"; readonly ...'.
src/pages/api/dashboards/index.ts(29,19): error TS2339: Property 'AUTH_REQUIRED' does not exist on type '{ readonly VALIDATION_ERROR: "VALIDATION_ERROR"; readonly UNAUTHORIZED: "UNAUTHORIZED"; readonly FORBIDDEN: "FORBIDDEN"; readonly NOT_FOUND: "NOT_FOUND"; readonly CONFLICT: "CONFLICT"; readonly RATE_LIMITED: "RATE_LIMITED"; readonly INTERNAL_ERROR: "INTERNAL_ERROR"; readonly INVALID_INPUT: "INVALID_INPUT"; readonly ...'.
src/pages/api/dashboards/index.ts(77,19): error TS2339: Property 'AUTH_REQUIRED' does not exist on type '{ readonly VALIDATION_ERROR: "VALIDATION_ERROR"; readonly UNAUTHORIZED: "UNAUTHORIZED"; readonly FORBIDDEN: "FORBIDDEN"; readonly NOT_FOUND: "NOT_FOUND"; readonly CONFLICT: "CONFLICT"; readonly RATE_LIMITED: "RATE_LIMITED"; readonly INTERNAL_ERROR: "INTERNAL_ERROR"; readonly INVALID_INPUT: "INVALID_INPUT"; readonly ...'.
src/pages/api/discovery/recommendations.ts(15,33): error TS2339: Property 'AUTH_REQUIRED' does not exist on type '{ readonly VALIDATION_ERROR: "VALIDATION_ERROR"; readonly UNAUTHORIZED: "UNAUTHORIZED"; readonly FORBIDDEN: "FORBIDDEN"; readonly NOT_FOUND: "NOT_FOUND"; readonly CONFLICT: "CONFLICT"; readonly RATE_LIMITED: "RATE_LIMITED"; readonly INTERNAL_ERROR: "INTERNAL_ERROR"; readonly INVALID_INPUT: "INVALID_INPUT"; readonly ...'.
src/pages/api/discovery/recommendations.ts(41,33): error TS2339: Property 'AUTH_REQUIRED' does not exist on type '{ readonly VALIDATION_ERROR: "VALIDATION_ERROR"; readonly UNAUTHORIZED: "UNAUTHORIZED"; readonly FORBIDDEN: "FORBIDDEN"; readonly NOT_FOUND: "NOT_FOUND"; readonly CONFLICT: "CONFLICT"; readonly RATE_LIMITED: "RATE_LIMITED"; readonly INTERNAL_ERROR: "INTERNAL_ERROR"; readonly INVALID_INPUT: "INVALID_INPUT"; readonly ...'.
src/pages/api/email/campaigns/[id].ts(29,33): error TS2339: Property 'AUTH_REQUIRED' does not exist on type '{ readonly VALIDATION_ERROR: "VALIDATION_ERROR"; readonly UNAUTHORIZED: "UNAUTHORIZED"; readonly FORBIDDEN: "FORBIDDEN"; readonly NOT_FOUND: "NOT_FOUND"; readonly CONFLICT: "CONFLICT"; readonly RATE_LIMITED: "RATE_LIMITED"; readonly INTERNAL_ERROR: "INTERNAL_ERROR"; readonly INVALID_INPUT: "INVALID_INPUT"; readonly ...'.
src/pages/api/email/campaigns/[id].ts(84,33): error TS2339: Property 'AUTH_REQUIRED' does not exist on type '{ readonly VALIDATION_ERROR: "VALIDATION_ERROR"; readonly UNAUTHORIZED: "UNAUTHORIZED"; readonly FORBIDDEN: "FORBIDDEN"; readonly NOT_FOUND: "NOT_FOUND"; readonly CONFLICT: "CONFLICT"; readonly RATE_LIMITED: "RATE_LIMITED"; readonly INTERNAL_ERROR: "INTERNAL_ERROR"; readonly INVALID_INPUT: "INVALID_INPUT"; readonly ...'.
src/pages/api/email/campaigns/[id].ts(148,33): error TS2339: Property 'AUTH_REQUIRED' does not exist on type '{ readonly VALIDATION_ERROR: "VALIDATION_ERROR"; readonly UNAUTHORIZED: "UNAUTHORIZED"; readonly FORBIDDEN: "FORBIDDEN"; readonly NOT_FOUND: "NOT_FOUND"; readonly CONFLICT: "CONFLICT"; readonly RATE_LIMITED: "RATE_LIMITED"; readonly INTERNAL_ERROR: "INTERNAL_ERROR"; readonly INVALID_INPUT: "INVALID_INPUT"; readonly ...'.
src/pages/api/email/campaigns/[id]/analytics.ts(29,33): error TS2339: Property 'AUTH_REQUIRED' does not exist on type '{ readonly VALIDATION_ERROR: "VALIDATION_ERROR"; readonly UNAUTHORIZED: "UNAUTHORIZED"; readonly FORBIDDEN: "FORBIDDEN"; readonly NOT_FOUND: "NOT_FOUND"; readonly CONFLICT: "CONFLICT"; readonly RATE_LIMITED: "RATE_LIMITED"; readonly INTERNAL_ERROR: "INTERNAL_ERROR"; readonly INVALID_INPUT: "INVALID_INPUT"; readonly ...'.
src/pages/api/email/campaigns/[id]/subscribers.ts(22,33): error TS2339: Property 'AUTH_REQUIRED' does not exist on type '{ readonly VALIDATION_ERROR: "VALIDATION_ERROR"; readonly UNAUTHORIZED: "UNAUTHORIZED"; readonly FORBIDDEN: "FORBIDDEN"; readonly NOT_FOUND: "NOT_FOUND"; readonly CONFLICT: "CONFLICT"; readonly RATE_LIMITED: "RATE_LIMITED"; readonly INTERNAL_ERROR: "INTERNAL_ERROR"; readonly INVALID_INPUT: "INVALID_INPUT"; readonly ...'.
src/pages/api/email/campaigns/[id]/subscribers.ts(83,33): error TS2339: Property 'AUTH_REQUIRED' does not exist on type '{ readonly VALIDATION_ERROR: "VALIDATION_ERROR"; readonly UNAUTHORIZED: "UNAUTHORIZED"; readonly FORBIDDEN: "FORBIDDEN"; readonly NOT_FOUND: "NOT_FOUND"; readonly CONFLICT: "CONFLICT"; readonly RATE_LIMITED: "RATE_LIMITED"; readonly INTERNAL_ERROR: "INTERNAL_ERROR"; readonly INVALID_INPUT: "INVALID_INPUT"; readonly ...'.
src/pages/api/email/campaigns/index.ts(22,33): error TS2339: Property 'AUTH_REQUIRED' does not exist on type '{ readonly VALIDATION_ERROR: "VALIDATION_ERROR"; readonly UNAUTHORIZED: "UNAUTHORIZED"; readonly FORBIDDEN: "FORBIDDEN"; readonly NOT_FOUND: "NOT_FOUND"; readonly CONFLICT: "CONFLICT"; readonly RATE_LIMITED: "RATE_LIMITED"; readonly INTERNAL_ERROR: "INTERNAL_ERROR"; readonly INVALID_INPUT: "INVALID_INPUT"; readonly ...'.
src/pages/api/email/campaigns/index.ts(55,26): error TS2339: Property 'length' does not exist on type 'any[] | { rowCount: number; streamed: boolean; }'.
  Property 'length' does not exist on type '{ rowCount: number; streamed: boolean; }'.
src/pages/api/email/campaigns/index.ts(84,33): error TS2339: Property 'AUTH_REQUIRED' does not exist on type '{ readonly VALIDATION_ERROR: "VALIDATION_ERROR"; readonly UNAUTHORIZED: "UNAUTHORIZED"; readonly FORBIDDEN: "FORBIDDEN"; readonly NOT_FOUND: "NOT_FOUND"; readonly CONFLICT: "CONFLICT"; readonly RATE_LIMITED: "RATE_LIMITED"; readonly INTERNAL_ERROR: "INTERNAL_ERROR"; readonly INVALID_INPUT: "INVALID_INPUT"; readonly ...'.
src/pages/api/email/preferences.ts(30,33): error TS2339: Property 'AUTH_REQUIRED' does not exist on type '{ readonly VALIDATION_ERROR: "VALIDATION_ERROR"; readonly UNAUTHORIZED: "UNAUTHORIZED"; readonly FORBIDDEN: "FORBIDDEN"; readonly NOT_FOUND: "NOT_FOUND"; readonly CONFLICT: "CONFLICT"; readonly RATE_LIMITED: "RATE_LIMITED"; readonly INTERNAL_ERROR: "INTERNAL_ERROR"; readonly INVALID_INPUT: "INVALID_INPUT"; readonly ...'.
src/pages/api/email/preferences.ts(61,33): error TS2339: Property 'AUTH_REQUIRED' does not exist on type '{ readonly VALIDATION_ERROR: "VALIDATION_ERROR"; readonly UNAUTHORIZED: "UNAUTHORIZED"; readonly FORBIDDEN: "FORBIDDEN"; readonly NOT_FOUND: "NOT_FOUND"; readonly CONFLICT: "CONFLICT"; readonly RATE_LIMITED: "RATE_LIMITED"; readonly INTERNAL_ERROR: "INTERNAL_ERROR"; readonly INVALID_INPUT: "INVALID_INPUT"; readonly ...'.
src/pages/api/email/queue.ts(20,33): error TS2339: Property 'AUTH_REQUIRED' does not exist on type '{ readonly VALIDATION_ERROR: "VALIDATION_ERROR"; readonly UNAUTHORIZED: "UNAUTHORIZED"; readonly FORBIDDEN: "FORBIDDEN"; readonly NOT_FOUND: "NOT_FOUND"; readonly CONFLICT: "CONFLICT"; readonly RATE_LIMITED: "RATE_LIMITED"; readonly INTERNAL_ERROR: "INTERNAL_ERROR"; readonly INVALID_INPUT: "INVALID_INPUT"; readonly ...'.
src/pages/api/email/send-reset.ts(50,45): error TS2554: Expected 1 arguments, but got 3.
src/pages/api/email/send-reset.ts(53,75): error TS2345: Argument of type 'string' is not assignable to parameter of type 'number'.
src/pages/api/email/send-reset.ts(55,24): error TS2554: Expected 3 arguments, but got 1.
src/pages/api/email/send-review-response.ts(28,33): error TS2339: Property 'AUTH_REQUIRED' does not exist on type '{ readonly VALIDATION_ERROR: "VALIDATION_ERROR"; readonly UNAUTHORIZED: "UNAUTHORIZED"; readonly FORBIDDEN: "FORBIDDEN"; readonly NOT_FOUND: "NOT_FOUND"; readonly CONFLICT: "CONFLICT"; readonly RATE_LIMITED: "RATE_LIMITED"; readonly INTERNAL_ERROR: "INTERNAL_ERROR"; readonly INVALID_INPUT: "INVALID_INPUT"; readonly ...'.
src/pages/api/email/send-review-response.ts(57,24): error TS2554: Expected 3 arguments, but got 1.
src/pages/api/email/send-subscription-notification.ts(153,23): error TS2339: Property 'BAD_REQUEST' does not exist on type '{ readonly VALIDATION_ERROR: "VALIDATION_ERROR"; readonly UNAUTHORIZED: "UNAUTHORIZED"; readonly FORBIDDEN: "FORBIDDEN"; readonly NOT_FOUND: "NOT_FOUND"; readonly CONFLICT: "CONFLICT"; readonly RATE_LIMITED: "RATE_LIMITED"; readonly INTERNAL_ERROR: "INTERNAL_ERROR"; readonly INVALID_INPUT: "INVALID_INPUT"; readonly ...'.
src/pages/api/email/send-subscription-notification.ts(172,23): error TS2339: Property 'BAD_REQUEST' does not exist on type '{ readonly VALIDATION_ERROR: "VALIDATION_ERROR"; readonly UNAUTHORIZED: "UNAUTHORIZED"; readonly FORBIDDEN: "FORBIDDEN"; readonly NOT_FOUND: "NOT_FOUND"; readonly CONFLICT: "CONFLICT"; readonly RATE_LIMITED: "RATE_LIMITED"; readonly INTERNAL_ERROR: "INTERNAL_ERROR"; readonly INVALID_INPUT: "INVALID_INPUT"; readonly ...'.
src/pages/api/email/send-subscription-notification.ts(191,23): error TS2339: Property 'BAD_REQUEST' does not exist on type '{ readonly VALIDATION_ERROR: "VALIDATION_ERROR"; readonly UNAUTHORIZED: "UNAUTHORIZED"; readonly FORBIDDEN: "FORBIDDEN"; readonly NOT_FOUND: "NOT_FOUND"; readonly CONFLICT: "CONFLICT"; readonly RATE_LIMITED: "RATE_LIMITED"; readonly INTERNAL_ERROR: "INTERNAL_ERROR"; readonly INVALID_INPUT: "INVALID_INPUT"; readonly ...'.
src/pages/api/email/send-subscription-notification.ts(209,23): error TS2339: Property 'BAD_REQUEST' does not exist on type '{ readonly VALIDATION_ERROR: "VALIDATION_ERROR"; readonly UNAUTHORIZED: "UNAUTHORIZED"; readonly FORBIDDEN: "FORBIDDEN"; readonly NOT_FOUND: "NOT_FOUND"; readonly CONFLICT: "CONFLICT"; readonly RATE_LIMITED: "RATE_LIMITED"; readonly INTERNAL_ERROR: "INTERNAL_ERROR"; readonly INVALID_INPUT: "INVALID_INPUT"; readonly ...'.
src/pages/api/email/send-subscription-notification.ts(228,23): error TS2339: Property 'BAD_REQUEST' does not exist on type '{ readonly VALIDATION_ERROR: "VALIDATION_ERROR"; readonly UNAUTHORIZED: "UNAUTHORIZED"; readonly FORBIDDEN: "FORBIDDEN"; readonly NOT_FOUND: "NOT_FOUND"; readonly CONFLICT: "CONFLICT"; readonly RATE_LIMITED: "RATE_LIMITED"; readonly INTERNAL_ERROR: "INTERNAL_ERROR"; readonly INVALID_INPUT: "INVALID_INPUT"; readonly ...'.
src/pages/api/email/send-subscription-notification.ts(247,23): error TS2339: Property 'BAD_REQUEST' does not exist on type '{ readonly VALIDATION_ERROR: "VALIDATION_ERROR"; readonly UNAUTHORIZED: "UNAUTHORIZED"; readonly FORBIDDEN: "FORBIDDEN"; readonly NOT_FOUND: "NOT_FOUND"; readonly CONFLICT: "CONFLICT"; readonly RATE_LIMITED: "RATE_LIMITED"; readonly INTERNAL_ERROR: "INTERNAL_ERROR"; readonly INVALID_INPUT: "INVALID_INPUT"; readonly ...'.
src/pages/api/email/send-subscription-notification.ts(265,21): error TS2339: Property 'BAD_REQUEST' does not exist on type '{ readonly VALIDATION_ERROR: "VALIDATION_ERROR"; readonly UNAUTHORIZED: "UNAUTHORIZED"; readonly FORBIDDEN: "FORBIDDEN"; readonly NOT_FOUND: "NOT_FOUND"; readonly CONFLICT: "CONFLICT"; readonly RATE_LIMITED: "RATE_LIMITED"; readonly INTERNAL_ERROR: "INTERNAL_ERROR"; readonly INVALID_INPUT: "INVALID_INPUT"; readonly ...'.
src/pages/api/email/send-subscription-notification.ts(286,24): error TS2345: Argument of type '"send"' is not assignable to parameter of type '"create" | "update" | "delete"'.
src/pages/api/email/send-subscription.ts(28,33): error TS2339: Property 'AUTH_REQUIRED' does not exist on type '{ readonly VALIDATION_ERROR: "VALIDATION_ERROR"; readonly UNAUTHORIZED: "UNAUTHORIZED"; readonly FORBIDDEN: "FORBIDDEN"; readonly NOT_FOUND: "NOT_FOUND"; readonly CONFLICT: "CONFLICT"; readonly RATE_LIMITED: "RATE_LIMITED"; readonly INTERNAL_ERROR: "INTERNAL_ERROR"; readonly INVALID_INPUT: "INVALID_INPUT"; readonly ...'.
src/pages/api/email/send-subscription.ts(55,74): error TS2554: Expected 1 arguments, but got 3.
src/pages/api/email/send-subscription.ts(57,24): error TS2554: Expected 3 arguments, but got 1.
src/pages/api/email/send-test.ts(11,23): error TS2339: Property 'isAdmin' does not exist on type '{ id: string; email: string; fullName: string; role: "user" | "admin" | "moderator"; avatar: string; points: number; }'.
src/pages/api/email/send-test.ts(12,33): error TS2339: Property 'AUTH_REQUIRED' does not exist on type '{ readonly VALIDATION_ERROR: "VALIDATION_ERROR"; readonly UNAUTHORIZED: "UNAUTHORIZED"; readonly FORBIDDEN: "FORBIDDEN"; readonly NOT_FOUND: "NOT_FOUND"; readonly CONFLICT: "CONFLICT"; readonly RATE_LIMITED: "RATE_LIMITED"; readonly INTERNAL_ERROR: "INTERNAL_ERROR"; readonly INVALID_INPUT: "INVALID_INPUT"; readonly ...'.
src/pages/api/email/send-test.ts(22,27): error TS2554: Expected 3 arguments, but got 1.
src/pages/api/email/send-verification.ts(27,33): error TS2339: Property 'AUTH_REQUIRED' does not exist on type '{ readonly VALIDATION_ERROR: "VALIDATION_ERROR"; readonly UNAUTHORIZED: "UNAUTHORIZED"; readonly FORBIDDEN: "FORBIDDEN"; readonly NOT_FOUND: "NOT_FOUND"; readonly CONFLICT: "CONFLICT"; readonly RATE_LIMITED: "RATE_LIMITED"; readonly INTERNAL_ERROR: "INTERNAL_ERROR"; readonly INVALID_INPUT: "INVALID_INPUT"; readonly ...'.
src/pages/api/email/send-verification.ts(55,46): error TS2554: Expected 1 arguments, but got 3.
src/pages/api/email/send-verification.ts(58,74): error TS2554: Expected 1 arguments, but got 2.
src/pages/api/email/send-verification.ts(60,24): error TS2554: Expected 3 arguments, but got 1.
src/pages/api/email/send-welcome.ts(44,44): error TS2554: Expected 1 arguments, but got 2.
src/pages/api/email/send-welcome.ts(46,24): error TS2554: Expected 3 arguments, but got 1.
src/pages/api/email/templates/[id].ts(71,33): error TS2339: Property 'AUTH_REQUIRED' does not exist on type '{ readonly VALIDATION_ERROR: "VALIDATION_ERROR"; readonly UNAUTHORIZED: "UNAUTHORIZED"; readonly FORBIDDEN: "FORBIDDEN"; readonly NOT_FOUND: "NOT_FOUND"; readonly CONFLICT: "CONFLICT"; readonly RATE_LIMITED: "RATE_LIMITED"; readonly INTERNAL_ERROR: "INTERNAL_ERROR"; readonly INVALID_INPUT: "INVALID_INPUT"; readonly ...'.
src/pages/api/email/templates/[id].ts(90,53): error TS2345: Argument of type '{ id: string; }' is not assignable to parameter of type 'string'.
src/pages/api/email/templates/[id].ts(135,33): error TS2339: Property 'AUTH_REQUIRED' does not exist on type '{ readonly VALIDATION_ERROR: "VALIDATION_ERROR"; readonly UNAUTHORIZED: "UNAUTHORIZED"; readonly FORBIDDEN: "FORBIDDEN"; readonly NOT_FOUND: "NOT_FOUND"; readonly CONFLICT: "CONFLICT"; readonly RATE_LIMITED: "RATE_LIMITED"; readonly INTERNAL_ERROR: "INTERNAL_ERROR"; readonly INVALID_INPUT: "INVALID_INPUT"; readonly ...'.
src/pages/api/email/templates/index.ts(21,33): error TS2339: Property 'AUTH_REQUIRED' does not exist on type '{ readonly VALIDATION_ERROR: "VALIDATION_ERROR"; readonly UNAUTHORIZED: "UNAUTHORIZED"; readonly FORBIDDEN: "FORBIDDEN"; readonly NOT_FOUND: "NOT_FOUND"; readonly CONFLICT: "CONFLICT"; readonly RATE_LIMITED: "RATE_LIMITED"; readonly INTERNAL_ERROR: "INTERNAL_ERROR"; readonly INVALID_INPUT: "INVALID_INPUT"; readonly ...'.
src/pages/api/email/templates/index.ts(39,26): error TS2339: Property 'length' does not exist on type 'any[] | { rowCount: number; streamed: boolean; }'.
  Property 'length' does not exist on type '{ rowCount: number; streamed: boolean; }'.
src/pages/api/email/templates/index.ts(66,33): error TS2339: Property 'AUTH_REQUIRED' does not exist on type '{ readonly VALIDATION_ERROR: "VALIDATION_ERROR"; readonly UNAUTHORIZED: "UNAUTHORIZED"; readonly FORBIDDEN: "FORBIDDEN"; readonly NOT_FOUND: "NOT_FOUND"; readonly CONFLICT: "CONFLICT"; readonly RATE_LIMITED: "RATE_LIMITED"; readonly INTERNAL_ERROR: "INTERNAL_ERROR"; readonly INVALID_INPUT: "INVALID_INPUT"; readonly ...'.
src/pages/api/emails/process.ts(16,33): error TS2339: Property 'AUTH_REQUIRED' does not exist on type '{ readonly VALIDATION_ERROR: "VALIDATION_ERROR"; readonly UNAUTHORIZED: "UNAUTHORIZED"; readonly FORBIDDEN: "FORBIDDEN"; readonly NOT_FOUND: "NOT_FOUND"; readonly CONFLICT: "CONFLICT"; readonly RATE_LIMITED: "RATE_LIMITED"; readonly INTERNAL_ERROR: "INTERNAL_ERROR"; readonly INVALID_INPUT: "INVALID_INPUT"; readonly ...'.
src/pages/api/events/[id]/rsvp.ts(42,24): error TS2345: Argument of type '"rsvp_toggle"' is not assignable to parameter of type '"create" | "update" | "delete"'.
src/pages/api/export-templates/index.ts(28,19): error TS2339: Property 'AUTH_REQUIRED' does not exist on type '{ readonly VALIDATION_ERROR: "VALIDATION_ERROR"; readonly UNAUTHORIZED: "UNAUTHORIZED"; readonly FORBIDDEN: "FORBIDDEN"; readonly NOT_FOUND: "NOT_FOUND"; readonly CONFLICT: "CONFLICT"; readonly RATE_LIMITED: "RATE_LIMITED"; readonly INTERNAL_ERROR: "INTERNAL_ERROR"; readonly INVALID_INPUT: "INVALID_INPUT"; readonly ...'.
src/pages/api/export-templates/index.ts(76,19): error TS2339: Property 'AUTH_REQUIRED' does not exist on type '{ readonly VALIDATION_ERROR: "VALIDATION_ERROR"; readonly UNAUTHORIZED: "UNAUTHORIZED"; readonly FORBIDDEN: "FORBIDDEN"; readonly NOT_FOUND: "NOT_FOUND"; readonly CONFLICT: "CONFLICT"; readonly RATE_LIMITED: "RATE_LIMITED"; readonly INTERNAL_ERROR: "INTERNAL_ERROR"; readonly INVALID_INPUT: "INVALID_INPUT"; readonly ...'.
src/pages/api/export/analytics.ts(12,23): error TS2339: Property 'isAdmin' does not exist on type '{ id: string; email: string; fullName: string; role: "user" | "admin" | "moderator"; avatar: string; points: number; }'.
src/pages/api/export/analytics.ts(13,33): error TS2339: Property 'AUTH_REQUIRED' does not exist on type '{ readonly VALIDATION_ERROR: "VALIDATION_ERROR"; readonly UNAUTHORIZED: "UNAUTHORIZED"; readonly FORBIDDEN: "FORBIDDEN"; readonly NOT_FOUND: "NOT_FOUND"; readonly CONFLICT: "CONFLICT"; readonly RATE_LIMITED: "RATE_LIMITED"; readonly INTERNAL_ERROR: "INTERNAL_ERROR"; readonly INVALID_INPUT: "INVALID_INPUT"; readonly ...'.
src/pages/api/export/analytics.ts(60,51): error TS2345: Argument of type '{ exportDate: string; period: { days: number; startDate: string; endDate: string; }; popularPlaces: { placeId: any; viewCount: any; }[]; dailyStats: { date: any; totalEvents: any; uniqueUsers: any; }[]; }' is not assignable to parameter of type 'any[]'.
  Type '{ exportDate: string; period: { days: number; startDate: string; endDate: string; }; popularPlaces: { placeId: any; viewCount: any; }[]; dailyStats: { date: any; totalEvents: any; uniqueUsers: any; }[]; }' is missing the following properties from type 'any[]': length, pop, push, concat, and 35 more.
src/pages/api/export/analytics.ts(60,78): error TS2345: Argument of type '{ exportDate: string; period: { days: number; startDate: string; endDate: string; }; popularPlaces: { placeId: any; viewCount: any; }[]; dailyStats: { date: any; totalEvents: any; uniqueUsers: any; }[]; }' is not assignable to parameter of type 'any[]'.
  Type '{ exportDate: string; period: { days: number; startDate: string; endDate: string; }; popularPlaces: { placeId: any; viewCount: any; }[]; dailyStats: { date: any; totalEvents: any; uniqueUsers: any; }[]; }' is missing the following properties from type 'any[]': length, pop, push, concat, and 35 more.
src/pages/api/export/audit-logs.ts(13,23): error TS2339: Property 'isAdmin' does not exist on type '{ id: string; email: string; fullName: string; role: "user" | "admin" | "moderator"; avatar: string; points: number; }'.
src/pages/api/export/audit-logs.ts(14,33): error TS2339: Property 'AUTH_REQUIRED' does not exist on type '{ readonly VALIDATION_ERROR: "VALIDATION_ERROR"; readonly UNAUTHORIZED: "UNAUTHORIZED"; readonly FORBIDDEN: "FORBIDDEN"; readonly NOT_FOUND: "NOT_FOUND"; readonly CONFLICT: "CONFLICT"; readonly RATE_LIMITED: "RATE_LIMITED"; readonly INTERNAL_ERROR: "INTERNAL_ERROR"; readonly INVALID_INPUT: "INVALID_INPUT"; readonly ...'.
src/pages/api/export/user-data.ts(13,33): error TS2339: Property 'AUTH_REQUIRED' does not exist on type '{ readonly VALIDATION_ERROR: "VALIDATION_ERROR"; readonly UNAUTHORIZED: "UNAUTHORIZED"; readonly FORBIDDEN: "FORBIDDEN"; readonly NOT_FOUND: "NOT_FOUND"; readonly CONFLICT: "CONFLICT"; readonly RATE_LIMITED: "RATE_LIMITED"; readonly INTERNAL_ERROR: "INTERNAL_ERROR"; readonly INVALID_INPUT: "INVALID_INPUT"; readonly ...'.
src/pages/api/export/user-data.ts(69,51): error TS2345: Argument of type '{ exportDate: string; user: { id: any; email: any; fullName: any; role: any; createdAt: any; }; reviews: { id: any; placeId: any; rating: any; text: any; createdAt: any; }[]; favorites: { placeId: any; addedAt: any; }[]; activity: { ...; }[]; }' is not assignable to parameter of type 'any[]'.
  Type '{ exportDate: string; user: { id: any; email: any; fullName: any; role: any; createdAt: any; }; reviews: { id: any; placeId: any; rating: any; text: any; createdAt: any; }[]; favorites: { placeId: any; addedAt: any; }[]; activity: { ...; }[]; }' is missing the following properties from type 'any[]': length, pop, push, concat, and 35 more.
src/pages/api/export/user-data.ts(69,80): error TS2345: Argument of type '{ exportDate: string; user: { id: any; email: any; fullName: any; role: any; createdAt: any; }; reviews: { id: any; placeId: any; rating: any; text: any; createdAt: any; }[]; favorites: { placeId: any; addedAt: any; }[]; activity: { ...; }[]; }' is not assignable to parameter of type 'any[]'.
  Type '{ exportDate: string; user: { id: any; email: any; fullName: any; role: any; createdAt: any; }; reviews: { id: any; placeId: any; rating: any; text: any; createdAt: any; }[]; favorites: { placeId: any; addedAt: any; }[]; activity: { ...; }[]; }' is missing the following properties from type 'any[]': length, pop, push, concat, and 35 more.
src/pages/api/favorites/bulk.ts(17,33): error TS2339: Property 'AUTH_REQUIRED' does not exist on type '{ readonly VALIDATION_ERROR: "VALIDATION_ERROR"; readonly UNAUTHORIZED: "UNAUTHORIZED"; readonly FORBIDDEN: "FORBIDDEN"; readonly NOT_FOUND: "NOT_FOUND"; readonly CONFLICT: "CONFLICT"; readonly RATE_LIMITED: "RATE_LIMITED"; readonly INTERNAL_ERROR: "INTERNAL_ERROR"; readonly INVALID_INPUT: "INVALID_INPUT"; readonly ...'.
src/pages/api/featured-listings/[id].ts(75,33): error TS2339: Property 'AUTH_REQUIRED' does not exist on type '{ readonly VALIDATION_ERROR: "VALIDATION_ERROR"; readonly UNAUTHORIZED: "UNAUTHORIZED"; readonly FORBIDDEN: "FORBIDDEN"; readonly NOT_FOUND: "NOT_FOUND"; readonly CONFLICT: "CONFLICT"; readonly RATE_LIMITED: "RATE_LIMITED"; readonly INTERNAL_ERROR: "INTERNAL_ERROR"; readonly INVALID_INPUT: "INVALID_INPUT"; readonly ...'.
src/pages/api/featured-listings/[id].ts(119,33): error TS2339: Property 'AUTH_REQUIRED' does not exist on type '{ readonly VALIDATION_ERROR: "VALIDATION_ERROR"; readonly UNAUTHORIZED: "UNAUTHORIZED"; readonly FORBIDDEN: "FORBIDDEN"; readonly NOT_FOUND: "NOT_FOUND"; readonly CONFLICT: "CONFLICT"; readonly RATE_LIMITED: "RATE_LIMITED"; readonly INTERNAL_ERROR: "INTERNAL_ERROR"; readonly INVALID_INPUT: "INVALID_INPUT"; readonly ...'.
src/pages/api/featured-listings/[id]/analytics.ts(20,33): error TS2339: Property 'AUTH_REQUIRED' does not exist on type '{ readonly VALIDATION_ERROR: "VALIDATION_ERROR"; readonly UNAUTHORIZED: "UNAUTHORIZED"; readonly FORBIDDEN: "FORBIDDEN"; readonly NOT_FOUND: "NOT_FOUND"; readonly CONFLICT: "CONFLICT"; readonly RATE_LIMITED: "RATE_LIMITED"; readonly INTERNAL_ERROR: "INTERNAL_ERROR"; readonly INVALID_INPUT: "INVALID_INPUT"; readonly ...'.
src/pages/api/featured-listings/index.ts(33,35): error TS2339: Property 'AUTH_REQUIRED' does not exist on type '{ readonly VALIDATION_ERROR: "VALIDATION_ERROR"; readonly UNAUTHORIZED: "UNAUTHORIZED"; readonly FORBIDDEN: "FORBIDDEN"; readonly NOT_FOUND: "NOT_FOUND"; readonly CONFLICT: "CONFLICT"; readonly RATE_LIMITED: "RATE_LIMITED"; readonly INTERNAL_ERROR: "INTERNAL_ERROR"; readonly INVALID_INPUT: "INVALID_INPUT"; readonly ...'.
src/pages/api/featured-listings/index.ts(71,33): error TS2339: Property 'AUTH_REQUIRED' does not exist on type '{ readonly VALIDATION_ERROR: "VALIDATION_ERROR"; readonly UNAUTHORIZED: "UNAUTHORIZED"; readonly FORBIDDEN: "FORBIDDEN"; readonly NOT_FOUND: "NOT_FOUND"; readonly CONFLICT: "CONFLICT"; readonly RATE_LIMITED: "RATE_LIMITED"; readonly INTERNAL_ERROR: "INTERNAL_ERROR"; readonly INVALID_INPUT: "INVALID_INPUT"; readonly ...'.
src/pages/api/feed/activity.ts(24,19): error TS2339: Property 'AUTH_REQUIRED' does not exist on type '{ readonly VALIDATION_ERROR: "VALIDATION_ERROR"; readonly UNAUTHORIZED: "UNAUTHORIZED"; readonly FORBIDDEN: "FORBIDDEN"; readonly NOT_FOUND: "NOT_FOUND"; readonly CONFLICT: "CONFLICT"; readonly RATE_LIMITED: "RATE_LIMITED"; readonly INTERNAL_ERROR: "INTERNAL_ERROR"; readonly INVALID_INPUT: "INVALID_INPUT"; readonly ...'.
src/pages/api/feed/activity.ts(55,9): error TS2554: Expected 1-3 arguments, but got 4.
src/pages/api/feed/activity.ts(105,31): error TS2339: Property 'rows' does not exist on type 'any[] | { rowCount: number; streamed: boolean; }'.
  Property 'rows' does not exist on type 'any[]'.
src/pages/api/feed/index.ts(16,33): error TS2339: Property 'AUTH_REQUIRED' does not exist on type '{ readonly VALIDATION_ERROR: "VALIDATION_ERROR"; readonly UNAUTHORIZED: "UNAUTHORIZED"; readonly FORBIDDEN: "FORBIDDEN"; readonly NOT_FOUND: "NOT_FOUND"; readonly CONFLICT: "CONFLICT"; readonly RATE_LIMITED: "RATE_LIMITED"; readonly INTERNAL_ERROR: "INTERNAL_ERROR"; readonly INVALID_INPUT: "INVALID_INPUT"; readonly ...'.
src/pages/api/feed/users/[userId].ts(30,48): error TS2345: Argument of type '{ success: boolean; data: { description: string; icon: string; timeAgo: string; id: number; userId: string; userName: string; userAvatar?: string; actionType: string; referenceType?: string; referenceId?: string; metadata?: Record<string, any>; createdAt: string; }[]; count: number; userId: string; }' is not assignable to parameter of type 'string'.
src/pages/api/files/access.ts(28,24): error TS2339: Property 'uploaded_by_user_id' does not exist on type 'S3File'.
src/pages/api/followers/index.ts(101,19): error TS2339: Property 'AUTH_REQUIRED' does not exist on type '{ readonly VALIDATION_ERROR: "VALIDATION_ERROR"; readonly UNAUTHORIZED: "UNAUTHORIZED"; readonly FORBIDDEN: "FORBIDDEN"; readonly NOT_FOUND: "NOT_FOUND"; readonly CONFLICT: "CONFLICT"; readonly RATE_LIMITED: "RATE_LIMITED"; readonly INTERNAL_ERROR: "INTERNAL_ERROR"; readonly INVALID_INPUT: "INVALID_INPUT"; readonly ...'.
src/pages/api/followers/index.ts(163,19): error TS2339: Property 'AUTH_REQUIRED' does not exist on type '{ readonly VALIDATION_ERROR: "VALIDATION_ERROR"; readonly UNAUTHORIZED: "UNAUTHORIZED"; readonly FORBIDDEN: "FORBIDDEN"; readonly NOT_FOUND: "NOT_FOUND"; readonly CONFLICT: "CONFLICT"; readonly RATE_LIMITED: "RATE_LIMITED"; readonly INTERNAL_ERROR: "INTERNAL_ERROR"; readonly INVALID_INPUT: "INVALID_INPUT"; readonly ...'.
src/pages/api/followers/stats.ts(48,9): error TS2554: Expected 1-3 arguments, but got 4.
src/pages/api/following/index.ts(24,19): error TS2339: Property 'AUTH_REQUIRED' does not exist on type '{ readonly VALIDATION_ERROR: "VALIDATION_ERROR"; readonly UNAUTHORIZED: "UNAUTHORIZED"; readonly FORBIDDEN: "FORBIDDEN"; readonly NOT_FOUND: "NOT_FOUND"; readonly CONFLICT: "CONFLICT"; readonly RATE_LIMITED: "RATE_LIMITED"; readonly INTERNAL_ERROR: "INTERNAL_ERROR"; readonly INVALID_INPUT: "INVALID_INPUT"; readonly ...'.
src/pages/api/following/index.ts(80,19): error TS2339: Property 'AUTH_REQUIRED' does not exist on type '{ readonly VALIDATION_ERROR: "VALIDATION_ERROR"; readonly UNAUTHORIZED: "UNAUTHORIZED"; readonly FORBIDDEN: "FORBIDDEN"; readonly NOT_FOUND: "NOT_FOUND"; readonly CONFLICT: "CONFLICT"; readonly RATE_LIMITED: "RATE_LIMITED"; readonly INTERNAL_ERROR: "INTERNAL_ERROR"; readonly INVALID_INPUT: "INVALID_INPUT"; readonly ...'.
src/pages/api/following/unfollow.ts(23,19): error TS2339: Property 'AUTH_REQUIRED' does not exist on type '{ readonly VALIDATION_ERROR: "VALIDATION_ERROR"; readonly UNAUTHORIZED: "UNAUTHORIZED"; readonly FORBIDDEN: "FORBIDDEN"; readonly NOT_FOUND: "NOT_FOUND"; readonly CONFLICT: "CONFLICT"; readonly RATE_LIMITED: "RATE_LIMITED"; readonly INTERNAL_ERROR: "INTERNAL_ERROR"; readonly INVALID_INPUT: "INVALID_INPUT"; readonly ...'.
src/pages/api/hashtags/[slug].ts(28,37): error TS2345: Argument of type 'unknown' is not assignable to parameter of type 'string'.
src/pages/api/hashtags/[slug].ts(90,28): error TS2339: Property 'length' does not exist on type 'any[] | { rowCount: number; streamed: boolean; }'.
  Property 'length' does not exist on type '{ rowCount: number; streamed: boolean; }'.
src/pages/api/hashtags/[slug].ts(91,30): error TS2339: Property 'length' does not exist on type 'any[] | { rowCount: number; streamed: boolean; }'.
  Property 'length' does not exist on type '{ rowCount: number; streamed: boolean; }'.
src/pages/api/hashtags/index.ts(44,28): error TS2345: Argument of type 'unknown' is not assignable to parameter of type 'string'.
src/pages/api/kpi/[kpiId]/values.ts(29,19): error TS2339: Property 'AUTH_REQUIRED' does not exist on type '{ readonly VALIDATION_ERROR: "VALIDATION_ERROR"; readonly UNAUTHORIZED: "UNAUTHORIZED"; readonly FORBIDDEN: "FORBIDDEN"; readonly NOT_FOUND: "NOT_FOUND"; readonly CONFLICT: "CONFLICT"; readonly RATE_LIMITED: "RATE_LIMITED"; readonly INTERNAL_ERROR: "INTERNAL_ERROR"; readonly INVALID_INPUT: "INVALID_INPUT"; readonly ...'.
src/pages/api/kpi/[kpiId]/values.ts(94,19): error TS2339: Property 'AUTH_REQUIRED' does not exist on type '{ readonly VALIDATION_ERROR: "VALIDATION_ERROR"; readonly UNAUTHORIZED: "UNAUTHORIZED"; readonly FORBIDDEN: "FORBIDDEN"; readonly NOT_FOUND: "NOT_FOUND"; readonly CONFLICT: "CONFLICT"; readonly RATE_LIMITED: "RATE_LIMITED"; readonly INTERNAL_ERROR: "INTERNAL_ERROR"; readonly INVALID_INPUT: "INVALID_INPUT"; readonly ...'.
src/pages/api/kpi/index.ts(33,19): error TS2339: Property 'AUTH_REQUIRED' does not exist on type '{ readonly VALIDATION_ERROR: "VALIDATION_ERROR"; readonly UNAUTHORIZED: "UNAUTHORIZED"; readonly FORBIDDEN: "FORBIDDEN"; readonly NOT_FOUND: "NOT_FOUND"; readonly CONFLICT: "CONFLICT"; readonly RATE_LIMITED: "RATE_LIMITED"; readonly INTERNAL_ERROR: "INTERNAL_ERROR"; readonly INVALID_INPUT: "INVALID_INPUT"; readonly ...'.
src/pages/api/kpi/index.ts(84,19): error TS2339: Property 'AUTH_REQUIRED' does not exist on type '{ readonly VALIDATION_ERROR: "VALIDATION_ERROR"; readonly UNAUTHORIZED: "UNAUTHORIZED"; readonly FORBIDDEN: "FORBIDDEN"; readonly NOT_FOUND: "NOT_FOUND"; readonly CONFLICT: "CONFLICT"; readonly RATE_LIMITED: "RATE_LIMITED"; readonly INTERNAL_ERROR: "INTERNAL_ERROR"; readonly INVALID_INPUT: "INVALID_INPUT"; readonly ...'.
src/pages/api/leaderboards/badges.ts(36,9): error TS2554: Expected 1-3 arguments, but got 4.
src/pages/api/leaderboards/badges.ts(65,32): error TS2339: Property 'rows' does not exist on type 'any[] | { rowCount: number; streamed: boolean; }'.
  Property 'rows' does not exist on type 'any[]'.
src/pages/api/leaderboards/users.ts(50,9): error TS2554: Expected 1-3 arguments, but got 4.
src/pages/api/leaderboards/users.ts(96,32): error TS2339: Property 'rows' does not exist on type 'any[] | { rowCount: number; streamed: boolean; }'.
  Property 'rows' does not exist on type 'any[]'.
src/pages/api/legacy/search.ts(44,56): error TS2345: Argument of type 'unknown' is not assignable to parameter of type 'string'.
src/pages/api/legacy/search.ts(80,7): error TS2322: Type 'any[] | { rowCount: number; streamed: boolean; }' is not assignable to type 'any[]'.
  Type '{ rowCount: number; streamed: boolean; }' is missing the following properties from type 'any[]': length, pop, push, concat, and 35 more.
src/pages/api/legacy/search.ts(89,7): error TS2322: Type 'any[] | { rowCount: number; streamed: boolean; }' is not assignable to type 'any[]'.
  Type '{ rowCount: number; streamed: boolean; }' is missing the following properties from type 'any[]': length, pop, push, concat, and 35 more.
src/pages/api/legacy/search.ts(98,7): error TS2322: Type 'any[] | { rowCount: number; streamed: boolean; }' is not assignable to type 'any[]'.
  Type '{ rowCount: number; streamed: boolean; }' is missing the following properties from type 'any[]': length, pop, push, concat, and 35 more.
src/pages/api/legacy/trending.ts(30,20): error TS2339: Property 'rows' does not exist on type 'any[] | { rowCount: number; streamed: boolean; }'.
  Property 'rows' does not exist on type 'any[]'.
src/pages/api/loyalty/points.ts(70,7): error TS2345: Argument of type '{ user_id: any; }' is not assignable to parameter of type 'string'.
src/pages/api/loyalty/points.ts(80,24): error TS2345: Argument of type '"award_points"' is not assignable to parameter of type '"create" | "update" | "delete"'.
src/pages/api/loyalty/rewards.ts(27,45): error TS2345: Argument of type '{ category: string; tier: string; }' is not assignable to parameter of type 'number'.
src/pages/api/loyalty/rewards.ts(71,26): error TS2554: Expected 3 arguments, but got 2.
src/pages/api/loyalty/rewards.ts(73,17): error TS2339: Property 'success' does not exist on type 'RewardRedemption'.
src/pages/api/loyalty/rewards.ts(75,33): error TS2339: Property 'BAD_REQUEST' does not exist on type '{ readonly VALIDATION_ERROR: "VALIDATION_ERROR"; readonly UNAUTHORIZED: "UNAUTHORIZED"; readonly FORBIDDEN: "FORBIDDEN"; readonly NOT_FOUND: "NOT_FOUND"; readonly CONFLICT: "CONFLICT"; readonly RATE_LIMITED: "RATE_LIMITED"; readonly INTERNAL_ERROR: "INTERNAL_ERROR"; readonly INVALID_INPUT: "INVALID_INPUT"; readonly ...'.
src/pages/api/loyalty/rewards.ts(75,53): error TS2339: Property 'error' does not exist on type 'RewardRedemption'.
src/pages/api/loyalty/rewards.ts(80,24): error TS2345: Argument of type '"redeem_reward"' is not assignable to parameter of type '"create" | "update" | "delete"'.
src/pages/api/loyalty/rewards.ts(86,34): error TS2551: Property 'redemptionCode' does not exist on type 'RewardRedemption'. Did you mean 'redemption_code'?
src/pages/api/marketing-campaigns/[id].ts(74,33): error TS2339: Property 'AUTH_REQUIRED' does not exist on type '{ readonly VALIDATION_ERROR: "VALIDATION_ERROR"; readonly UNAUTHORIZED: "UNAUTHORIZED"; readonly FORBIDDEN: "FORBIDDEN"; readonly NOT_FOUND: "NOT_FOUND"; readonly CONFLICT: "CONFLICT"; readonly RATE_LIMITED: "RATE_LIMITED"; readonly INTERNAL_ERROR: "INTERNAL_ERROR"; readonly INVALID_INPUT: "INVALID_INPUT"; readonly ...'.
src/pages/api/marketing-campaigns/[id].ts(128,33): error TS2339: Property 'AUTH_REQUIRED' does not exist on type '{ readonly VALIDATION_ERROR: "VALIDATION_ERROR"; readonly UNAUTHORIZED: "UNAUTHORIZED"; readonly FORBIDDEN: "FORBIDDEN"; readonly NOT_FOUND: "NOT_FOUND"; readonly CONFLICT: "CONFLICT"; readonly RATE_LIMITED: "RATE_LIMITED"; readonly INTERNAL_ERROR: "INTERNAL_ERROR"; readonly INVALID_INPUT: "INVALID_INPUT"; readonly ...'.
src/pages/api/marketing-campaigns/[id]/analytics.ts(20,33): error TS2339: Property 'AUTH_REQUIRED' does not exist on type '{ readonly VALIDATION_ERROR: "VALIDATION_ERROR"; readonly UNAUTHORIZED: "UNAUTHORIZED"; readonly FORBIDDEN: "FORBIDDEN"; readonly NOT_FOUND: "NOT_FOUND"; readonly CONFLICT: "CONFLICT"; readonly RATE_LIMITED: "RATE_LIMITED"; readonly INTERNAL_ERROR: "INTERNAL_ERROR"; readonly INVALID_INPUT: "INVALID_INPUT"; readonly ...'.
src/pages/api/marketing-campaigns/[id]/targeting.ts(24,33): error TS2339: Property 'AUTH_REQUIRED' does not exist on type '{ readonly VALIDATION_ERROR: "VALIDATION_ERROR"; readonly UNAUTHORIZED: "UNAUTHORIZED"; readonly FORBIDDEN: "FORBIDDEN"; readonly NOT_FOUND: "NOT_FOUND"; readonly CONFLICT: "CONFLICT"; readonly RATE_LIMITED: "RATE_LIMITED"; readonly INTERNAL_ERROR: "INTERNAL_ERROR"; readonly INVALID_INPUT: "INVALID_INPUT"; readonly ...'.
src/pages/api/marketing-campaigns/[id]/targeting.ts(65,33): error TS2339: Property 'AUTH_REQUIRED' does not exist on type '{ readonly VALIDATION_ERROR: "VALIDATION_ERROR"; readonly UNAUTHORIZED: "UNAUTHORIZED"; readonly FORBIDDEN: "FORBIDDEN"; readonly NOT_FOUND: "NOT_FOUND"; readonly CONFLICT: "CONFLICT"; readonly RATE_LIMITED: "RATE_LIMITED"; readonly INTERNAL_ERROR: "INTERNAL_ERROR"; readonly INVALID_INPUT: "INVALID_INPUT"; readonly ...'.
src/pages/api/marketing-campaigns/index.ts(24,33): error TS2339: Property 'AUTH_REQUIRED' does not exist on type '{ readonly VALIDATION_ERROR: "VALIDATION_ERROR"; readonly UNAUTHORIZED: "UNAUTHORIZED"; readonly FORBIDDEN: "FORBIDDEN"; readonly NOT_FOUND: "NOT_FOUND"; readonly CONFLICT: "CONFLICT"; readonly RATE_LIMITED: "RATE_LIMITED"; readonly INTERNAL_ERROR: "INTERNAL_ERROR"; readonly INVALID_INPUT: "INVALID_INPUT"; readonly ...'.
src/pages/api/marketing-campaigns/index.ts(59,33): error TS2339: Property 'AUTH_REQUIRED' does not exist on type '{ readonly VALIDATION_ERROR: "VALIDATION_ERROR"; readonly UNAUTHORIZED: "UNAUTHORIZED"; readonly FORBIDDEN: "FORBIDDEN"; readonly NOT_FOUND: "NOT_FOUND"; readonly CONFLICT: "CONFLICT"; readonly RATE_LIMITED: "RATE_LIMITED"; readonly INTERNAL_ERROR: "INTERNAL_ERROR"; readonly INVALID_INPUT: "INVALID_INPUT"; readonly ...'.
src/pages/api/marketing/campaigns/[id]/send.ts(23,23): error TS2339: Property 'isAdmin' does not exist on type '{ id: string; email: string; fullName: string; role: "user" | "admin" | "moderator"; avatar: string; points: number; }'.
src/pages/api/marketing/campaigns/[id]/send.ts(70,24): error TS2345: Argument of type '"send"' is not assignable to parameter of type '"create" | "update" | "delete"'.
src/pages/api/messages/[conversationId].ts(29,19): error TS2339: Property 'AUTH_REQUIRED' does not exist on type '{ readonly VALIDATION_ERROR: "VALIDATION_ERROR"; readonly UNAUTHORIZED: "UNAUTHORIZED"; readonly FORBIDDEN: "FORBIDDEN"; readonly NOT_FOUND: "NOT_FOUND"; readonly CONFLICT: "CONFLICT"; readonly RATE_LIMITED: "RATE_LIMITED"; readonly INTERNAL_ERROR: "INTERNAL_ERROR"; readonly INVALID_INPUT: "INVALID_INPUT"; readonly ...'.
src/pages/api/messages/[conversationId].ts(43,72): error TS2554: Expected 2-3 arguments, but got 4.
src/pages/api/messages/[conversationId].ts(55,25): error TS2339: Property 'length' does not exist on type 'any[] | { rowCount: number; streamed: boolean; }'.
  Property 'length' does not exist on type '{ rowCount: number; streamed: boolean; }'.
src/pages/api/messages/[conversationId].ts(109,19): error TS2339: Property 'AUTH_REQUIRED' does not exist on type '{ readonly VALIDATION_ERROR: "VALIDATION_ERROR"; readonly UNAUTHORIZED: "UNAUTHORIZED"; readonly FORBIDDEN: "FORBIDDEN"; readonly NOT_FOUND: "NOT_FOUND"; readonly CONFLICT: "CONFLICT"; readonly RATE_LIMITED: "RATE_LIMITED"; readonly INTERNAL_ERROR: "INTERNAL_ERROR"; readonly INVALID_INPUT: "INVALID_INPUT"; readonly ...'.
src/pages/api/messages/[conversationId].ts(250,19): error TS2339: Property 'AUTH_REQUIRED' does not exist on type '{ readonly VALIDATION_ERROR: "VALIDATION_ERROR"; readonly UNAUTHORIZED: "UNAUTHORIZED"; readonly FORBIDDEN: "FORBIDDEN"; readonly NOT_FOUND: "NOT_FOUND"; readonly CONFLICT: "CONFLICT"; readonly RATE_LIMITED: "RATE_LIMITED"; readonly INTERNAL_ERROR: "INTERNAL_ERROR"; readonly INVALID_INPUT: "INVALID_INPUT"; readonly ...'.
src/pages/api/messages/[conversationId]/read.ts(25,19): error TS2339: Property 'AUTH_REQUIRED' does not exist on type '{ readonly VALIDATION_ERROR: "VALIDATION_ERROR"; readonly UNAUTHORIZED: "UNAUTHORIZED"; readonly FORBIDDEN: "FORBIDDEN"; readonly NOT_FOUND: "NOT_FOUND"; readonly CONFLICT: "CONFLICT"; readonly RATE_LIMITED: "RATE_LIMITED"; readonly INTERNAL_ERROR: "INTERNAL_ERROR"; readonly INVALID_INPUT: "INVALID_INPUT"; readonly ...'.
src/pages/api/messages/index.ts(16,33): error TS2339: Property 'AUTH_REQUIRED' does not exist on type '{ readonly VALIDATION_ERROR: "VALIDATION_ERROR"; readonly UNAUTHORIZED: "UNAUTHORIZED"; readonly FORBIDDEN: "FORBIDDEN"; readonly NOT_FOUND: "NOT_FOUND"; readonly CONFLICT: "CONFLICT"; readonly RATE_LIMITED: "RATE_LIMITED"; readonly INTERNAL_ERROR: "INTERNAL_ERROR"; readonly INVALID_INPUT: "INVALID_INPUT"; readonly ...'.
src/pages/api/messages/index.ts(43,33): error TS2339: Property 'AUTH_REQUIRED' does not exist on type '{ readonly VALIDATION_ERROR: "VALIDATION_ERROR"; readonly UNAUTHORIZED: "UNAUTHORIZED"; readonly FORBIDDEN: "FORBIDDEN"; readonly NOT_FOUND: "NOT_FOUND"; readonly CONFLICT: "CONFLICT"; readonly RATE_LIMITED: "RATE_LIMITED"; readonly INTERNAL_ERROR: "INTERNAL_ERROR"; readonly INVALID_INPUT: "INVALID_INPUT"; readonly ...'.
src/pages/api/messages/unread-count.ts(15,33): error TS2339: Property 'AUTH_REQUIRED' does not exist on type '{ readonly VALIDATION_ERROR: "VALIDATION_ERROR"; readonly UNAUTHORIZED: "UNAUTHORIZED"; readonly FORBIDDEN: "FORBIDDEN"; readonly NOT_FOUND: "NOT_FOUND"; readonly CONFLICT: "CONFLICT"; readonly RATE_LIMITED: "RATE_LIMITED"; readonly INTERNAL_ERROR: "INTERNAL_ERROR"; readonly INVALID_INPUT: "INVALID_INPUT"; readonly ...'.
src/pages/api/notifications/[id].ts(15,33): error TS2339: Property 'AUTH_REQUIRED' does not exist on type '{ readonly VALIDATION_ERROR: "VALIDATION_ERROR"; readonly UNAUTHORIZED: "UNAUTHORIZED"; readonly FORBIDDEN: "FORBIDDEN"; readonly NOT_FOUND: "NOT_FOUND"; readonly CONFLICT: "CONFLICT"; readonly RATE_LIMITED: "RATE_LIMITED"; readonly INTERNAL_ERROR: "INTERNAL_ERROR"; readonly INVALID_INPUT: "INVALID_INPUT"; readonly ...'.
src/pages/api/notifications/[id].ts(44,33): error TS2339: Property 'AUTH_REQUIRED' does not exist on type '{ readonly VALIDATION_ERROR: "VALIDATION_ERROR"; readonly UNAUTHORIZED: "UNAUTHORIZED"; readonly FORBIDDEN: "FORBIDDEN"; readonly NOT_FOUND: "NOT_FOUND"; readonly CONFLICT: "CONFLICT"; readonly RATE_LIMITED: "RATE_LIMITED"; readonly INTERNAL_ERROR: "INTERNAL_ERROR"; readonly INVALID_INPUT: "INVALID_INPUT"; readonly ...'.
src/pages/api/notifications/center.ts(21,33): error TS2339: Property 'AUTH_REQUIRED' does not exist on type '{ readonly VALIDATION_ERROR: "VALIDATION_ERROR"; readonly UNAUTHORIZED: "UNAUTHORIZED"; readonly FORBIDDEN: "FORBIDDEN"; readonly NOT_FOUND: "NOT_FOUND"; readonly CONFLICT: "CONFLICT"; readonly RATE_LIMITED: "RATE_LIMITED"; readonly INTERNAL_ERROR: "INTERNAL_ERROR"; readonly INVALID_INPUT: "INVALID_INPUT"; readonly ...'.
src/pages/api/notifications/center.ts(71,33): error TS2339: Property 'AUTH_REQUIRED' does not exist on type '{ readonly VALIDATION_ERROR: "VALIDATION_ERROR"; readonly UNAUTHORIZED: "UNAUTHORIZED"; readonly FORBIDDEN: "FORBIDDEN"; readonly NOT_FOUND: "NOT_FOUND"; readonly CONFLICT: "CONFLICT"; readonly RATE_LIMITED: "RATE_LIMITED"; readonly INTERNAL_ERROR: "INTERNAL_ERROR"; readonly INVALID_INPUT: "INVALID_INPUT"; readonly ...'.
src/pages/api/notifications/index.ts(15,33): error TS2339: Property 'AUTH_REQUIRED' does not exist on type '{ readonly VALIDATION_ERROR: "VALIDATION_ERROR"; readonly UNAUTHORIZED: "UNAUTHORIZED"; readonly FORBIDDEN: "FORBIDDEN"; readonly NOT_FOUND: "NOT_FOUND"; readonly CONFLICT: "CONFLICT"; readonly RATE_LIMITED: "RATE_LIMITED"; readonly INTERNAL_ERROR: "INTERNAL_ERROR"; readonly INVALID_INPUT: "INVALID_INPUT"; readonly ...'.
src/pages/api/notifications/preferences.ts(21,33): error TS2339: Property 'AUTH_REQUIRED' does not exist on type '{ readonly VALIDATION_ERROR: "VALIDATION_ERROR"; readonly UNAUTHORIZED: "UNAUTHORIZED"; readonly FORBIDDEN: "FORBIDDEN"; readonly NOT_FOUND: "NOT_FOUND"; readonly CONFLICT: "CONFLICT"; readonly RATE_LIMITED: "RATE_LIMITED"; readonly INTERNAL_ERROR: "INTERNAL_ERROR"; readonly INVALID_INPUT: "INVALID_INPUT"; readonly ...'.
src/pages/api/notifications/preferences.ts(76,33): error TS2339: Property 'AUTH_REQUIRED' does not exist on type '{ readonly VALIDATION_ERROR: "VALIDATION_ERROR"; readonly UNAUTHORIZED: "UNAUTHORIZED"; readonly FORBIDDEN: "FORBIDDEN"; readonly NOT_FOUND: "NOT_FOUND"; readonly CONFLICT: "CONFLICT"; readonly RATE_LIMITED: "RATE_LIMITED"; readonly INTERNAL_ERROR: "INTERNAL_ERROR"; readonly INVALID_INPUT: "INVALID_INPUT"; readonly ...'.
src/pages/api/notifications/push/subscribe.ts(21,19): error TS2339: Property 'AUTH_REQUIRED' does not exist on type '{ readonly VALIDATION_ERROR: "VALIDATION_ERROR"; readonly UNAUTHORIZED: "UNAUTHORIZED"; readonly FORBIDDEN: "FORBIDDEN"; readonly NOT_FOUND: "NOT_FOUND"; readonly CONFLICT: "CONFLICT"; readonly RATE_LIMITED: "RATE_LIMITED"; readonly INTERNAL_ERROR: "INTERNAL_ERROR"; readonly INVALID_INPUT: "INVALID_INPUT"; readonly ...'.
src/pages/api/notifications/push/subscribe.ts(99,19): error TS2339: Property 'AUTH_REQUIRED' does not exist on type '{ readonly VALIDATION_ERROR: "VALIDATION_ERROR"; readonly UNAUTHORIZED: "UNAUTHORIZED"; readonly FORBIDDEN: "FORBIDDEN"; readonly NOT_FOUND: "NOT_FOUND"; readonly CONFLICT: "CONFLICT"; readonly RATE_LIMITED: "RATE_LIMITED"; readonly INTERNAL_ERROR: "INTERNAL_ERROR"; readonly INVALID_INPUT: "INVALID_INPUT"; readonly ...'.
src/pages/api/notifications/read-all.ts(15,33): error TS2339: Property 'AUTH_REQUIRED' does not exist on type '{ readonly VALIDATION_ERROR: "VALIDATION_ERROR"; readonly UNAUTHORIZED: "UNAUTHORIZED"; readonly FORBIDDEN: "FORBIDDEN"; readonly NOT_FOUND: "NOT_FOUND"; readonly CONFLICT: "CONFLICT"; readonly RATE_LIMITED: "RATE_LIMITED"; readonly INTERNAL_ERROR: "INTERNAL_ERROR"; readonly INVALID_INPUT: "INVALID_INPUT"; readonly ...'.
src/pages/api/notifications/subscribe.ts(21,33): error TS2339: Property 'AUTH_REQUIRED' does not exist on type '{ readonly VALIDATION_ERROR: "VALIDATION_ERROR"; readonly UNAUTHORIZED: "UNAUTHORIZED"; readonly FORBIDDEN: "FORBIDDEN"; readonly NOT_FOUND: "NOT_FOUND"; readonly CONFLICT: "CONFLICT"; readonly RATE_LIMITED: "RATE_LIMITED"; readonly INTERNAL_ERROR: "INTERNAL_ERROR"; readonly INVALID_INPUT: "INVALID_INPUT"; readonly ...'.
src/pages/api/notifications/subscribe.ts(82,33): error TS2339: Property 'AUTH_REQUIRED' does not exist on type '{ readonly VALIDATION_ERROR: "VALIDATION_ERROR"; readonly UNAUTHORIZED: "UNAUTHORIZED"; readonly FORBIDDEN: "FORBIDDEN"; readonly NOT_FOUND: "NOT_FOUND"; readonly CONFLICT: "CONFLICT"; readonly RATE_LIMITED: "RATE_LIMITED"; readonly INTERNAL_ERROR: "INTERNAL_ERROR"; readonly INVALID_INPUT: "INVALID_INPUT"; readonly ...'.
src/pages/api/notifications/subscribe.ts(134,33): error TS2339: Property 'AUTH_REQUIRED' does not exist on type '{ readonly VALIDATION_ERROR: "VALIDATION_ERROR"; readonly UNAUTHORIZED: "UNAUTHORIZED"; readonly FORBIDDEN: "FORBIDDEN"; readonly NOT_FOUND: "NOT_FOUND"; readonly CONFLICT: "CONFLICT"; readonly RATE_LIMITED: "RATE_LIMITED"; readonly INTERNAL_ERROR: "INTERNAL_ERROR"; readonly INVALID_INPUT: "INVALID_INPUT"; readonly ...'.
src/pages/api/notifications/unsubscribe.ts(15,33): error TS2339: Property 'AUTH_REQUIRED' does not exist on type '{ readonly VALIDATION_ERROR: "VALIDATION_ERROR"; readonly UNAUTHORIZED: "UNAUTHORIZED"; readonly FORBIDDEN: "FORBIDDEN"; readonly NOT_FOUND: "NOT_FOUND"; readonly CONFLICT: "CONFLICT"; readonly RATE_LIMITED: "RATE_LIMITED"; readonly INTERNAL_ERROR: "INTERNAL_ERROR"; readonly INVALID_INPUT: "INVALID_INPUT"; readonly ...'.
src/pages/api/onboarding/complete-profile.ts(26,33): error TS2339: Property 'AUTH_REQUIRED' does not exist on type '{ readonly VALIDATION_ERROR: "VALIDATION_ERROR"; readonly UNAUTHORIZED: "UNAUTHORIZED"; readonly FORBIDDEN: "FORBIDDEN"; readonly NOT_FOUND: "NOT_FOUND"; readonly CONFLICT: "CONFLICT"; readonly RATE_LIMITED: "RATE_LIMITED"; readonly INTERNAL_ERROR: "INTERNAL_ERROR"; readonly INVALID_INPUT: "INVALID_INPUT"; readonly ...'.
src/pages/api/onboarding/status.ts(19,33): error TS2339: Property 'AUTH_REQUIRED' does not exist on type '{ readonly VALIDATION_ERROR: "VALIDATION_ERROR"; readonly UNAUTHORIZED: "UNAUTHORIZED"; readonly FORBIDDEN: "FORBIDDEN"; readonly NOT_FOUND: "NOT_FOUND"; readonly CONFLICT: "CONFLICT"; readonly RATE_LIMITED: "RATE_LIMITED"; readonly INTERNAL_ERROR: "INTERNAL_ERROR"; readonly INVALID_INPUT: "INVALID_INPUT"; readonly ...'.
src/pages/api/onboarding/verify-email.ts(44,33): error TS2339: Property 'AUTH_FAILED' does not exist on type '{ readonly VALIDATION_ERROR: "VALIDATION_ERROR"; readonly UNAUTHORIZED: "UNAUTHORIZED"; readonly FORBIDDEN: "FORBIDDEN"; readonly NOT_FOUND: "NOT_FOUND"; readonly CONFLICT: "CONFLICT"; readonly RATE_LIMITED: "RATE_LIMITED"; readonly INTERNAL_ERROR: "INTERNAL_ERROR"; readonly INVALID_INPUT: "INVALID_INPUT"; readonly ...'.
src/pages/api/photos/[id]/featured.ts(26,19): error TS2339: Property 'AUTH_REQUIRED' does not exist on type '{ readonly VALIDATION_ERROR: "VALIDATION_ERROR"; readonly UNAUTHORIZED: "UNAUTHORIZED"; readonly FORBIDDEN: "FORBIDDEN"; readonly NOT_FOUND: "NOT_FOUND"; readonly CONFLICT: "CONFLICT"; readonly RATE_LIMITED: "RATE_LIMITED"; readonly INTERNAL_ERROR: "INTERNAL_ERROR"; readonly INVALID_INPUT: "INVALID_INPUT"; readonly ...'.
src/pages/api/photos/[id]/index.ts(26,19): error TS2339: Property 'AUTH_REQUIRED' does not exist on type '{ readonly VALIDATION_ERROR: "VALIDATION_ERROR"; readonly UNAUTHORIZED: "UNAUTHORIZED"; readonly FORBIDDEN: "FORBIDDEN"; readonly NOT_FOUND: "NOT_FOUND"; readonly CONFLICT: "CONFLICT"; readonly RATE_LIMITED: "RATE_LIMITED"; readonly INTERNAL_ERROR: "INTERNAL_ERROR"; readonly INVALID_INPUT: "INVALID_INPUT"; readonly ...'.
src/pages/api/photos/[id]/vote.ts(25,19): error TS2339: Property 'AUTH_REQUIRED' does not exist on type '{ readonly VALIDATION_ERROR: "VALIDATION_ERROR"; readonly UNAUTHORIZED: "UNAUTHORIZED"; readonly FORBIDDEN: "FORBIDDEN"; readonly NOT_FOUND: "NOT_FOUND"; readonly CONFLICT: "CONFLICT"; readonly RATE_LIMITED: "RATE_LIMITED"; readonly INTERNAL_ERROR: "INTERNAL_ERROR"; readonly INVALID_INPUT: "INVALID_INPUT"; readonly ...'.
src/pages/api/photos/upload.ts(31,19): error TS2339: Property 'AUTH_REQUIRED' does not exist on type '{ readonly VALIDATION_ERROR: "VALIDATION_ERROR"; readonly UNAUTHORIZED: "UNAUTHORIZED"; readonly FORBIDDEN: "FORBIDDEN"; readonly NOT_FOUND: "NOT_FOUND"; readonly CONFLICT: "CONFLICT"; readonly RATE_LIMITED: "RATE_LIMITED"; readonly INTERNAL_ERROR: "INTERNAL_ERROR"; readonly INVALID_INPUT: "INVALID_INPUT"; readonly ...'.
src/pages/api/places/[id]/analytics.ts(38,29): error TS2554: Expected 3 arguments, but got 2.
src/pages/api/places/[id]/badges.ts(29,28): error TS2345: Argument of type 'unknown' is not assignable to parameter of type 'string'.
src/pages/api/places/[id]/like.ts(15,33): error TS2339: Property 'AUTH_REQUIRED' does not exist on type '{ readonly VALIDATION_ERROR: "VALIDATION_ERROR"; readonly UNAUTHORIZED: "UNAUTHORIZED"; readonly FORBIDDEN: "FORBIDDEN"; readonly NOT_FOUND: "NOT_FOUND"; readonly CONFLICT: "CONFLICT"; readonly RATE_LIMITED: "RATE_LIMITED"; readonly INTERNAL_ERROR: "INTERNAL_ERROR"; readonly INVALID_INPUT: "INVALID_INPUT"; readonly ...'.
src/pages/api/places/[id]/review-analytics.ts(24,33): error TS2339: Property 'AUTH_REQUIRED' does not exist on type '{ readonly VALIDATION_ERROR: "VALIDATION_ERROR"; readonly UNAUTHORIZED: "UNAUTHORIZED"; readonly FORBIDDEN: "FORBIDDEN"; readonly NOT_FOUND: "NOT_FOUND"; readonly CONFLICT: "CONFLICT"; readonly RATE_LIMITED: "RATE_LIMITED"; readonly INTERNAL_ERROR: "INTERNAL_ERROR"; readonly INVALID_INPUT: "INVALID_INPUT"; readonly ...'.
src/pages/api/places/[id]/share.ts(15,33): error TS2339: Property 'AUTH_REQUIRED' does not exist on type '{ readonly VALIDATION_ERROR: "VALIDATION_ERROR"; readonly UNAUTHORIZED: "UNAUTHORIZED"; readonly FORBIDDEN: "FORBIDDEN"; readonly NOT_FOUND: "NOT_FOUND"; readonly CONFLICT: "CONFLICT"; readonly RATE_LIMITED: "RATE_LIMITED"; readonly INTERNAL_ERROR: "INTERNAL_ERROR"; readonly INVALID_INPUT: "INVALID_INPUT"; readonly ...'.
src/pages/api/points/history.ts(18,33): error TS2339: Property 'AUTH_REQUIRED' does not exist on type '{ readonly VALIDATION_ERROR: "VALIDATION_ERROR"; readonly UNAUTHORIZED: "UNAUTHORIZED"; readonly FORBIDDEN: "FORBIDDEN"; readonly NOT_FOUND: "NOT_FOUND"; readonly CONFLICT: "CONFLICT"; readonly RATE_LIMITED: "RATE_LIMITED"; readonly INTERNAL_ERROR: "INTERNAL_ERROR"; readonly INVALID_INPUT: "INVALID_INPUT"; readonly ...'.
src/pages/api/points/history.ts(24,33): error TS2339: Property 'AUTH_REQUIRED' does not exist on type '{ readonly VALIDATION_ERROR: "VALIDATION_ERROR"; readonly UNAUTHORIZED: "UNAUTHORIZED"; readonly FORBIDDEN: "FORBIDDEN"; readonly NOT_FOUND: "NOT_FOUND"; readonly CONFLICT: "CONFLICT"; readonly RATE_LIMITED: "RATE_LIMITED"; readonly INTERNAL_ERROR: "INTERNAL_ERROR"; readonly INVALID_INPUT: "INVALID_INPUT"; readonly ...'.
src/pages/api/realtime/feed.ts(87,30): error TS2339: Property 'length' does not exist on type 'any[] | { rowCount: number; streamed: boolean; }'.
  Property 'length' does not exist on type '{ rowCount: number; streamed: boolean; }'.
src/pages/api/realtime/feed.ts(95,37): error TS2339: Property 'length' does not exist on type 'any[] | { rowCount: number; streamed: boolean; }'.
  Property 'length' does not exist on type '{ rowCount: number; streamed: boolean; }'.
src/pages/api/realtime/notifications.ts(58,33): error TS2339: Property 'length' does not exist on type 'any[] | { rowCount: number; streamed: boolean; }'.
  Property 'length' does not exist on type '{ rowCount: number; streamed: boolean; }'.
src/pages/api/realtime/notifications.ts(62,52): error TS2339: Property 'length' does not exist on type 'any[] | { rowCount: number; streamed: boolean; }'.
  Property 'length' does not exist on type '{ rowCount: number; streamed: boolean; }'.
src/pages/api/realtime/notifications.ts(63,48): error TS2339: Property 'map' does not exist on type 'any[] | { rowCount: number; streamed: boolean; }'.
  Property 'map' does not exist on type '{ rowCount: number; streamed: boolean; }'.
src/pages/api/realtime/presence.ts(48,52): error TS2551: Property 'zRevRangeByScore' does not exist on type 'RedisClientType<{ graph: { CONFIG_GET: typeof import("D:/sanliurfa.com/sanliurfa/node_modules/@redis/graph/dist/commands/CONFIG_GET"); configGet: typeof import("D:/sanliurfa.com/sanliurfa/node_modules/@redis/graph/dist/commands/CONFIG_GET"); ... 15 more ...; slowLog: typeof import("D:/sanliurfa.com/sanliurfa/node_mo...'. Did you mean 'zRemRangeByScore'?
src/pages/api/realtime/presence.ts(56,48): error TS2551: Property 'zRevRangeByScore' does not exist on type 'RedisClientType<{ graph: { CONFIG_GET: typeof import("D:/sanliurfa.com/sanliurfa/node_modules/@redis/graph/dist/commands/CONFIG_GET"); configGet: typeof import("D:/sanliurfa.com/sanliurfa/node_modules/@redis/graph/dist/commands/CONFIG_GET"); ... 15 more ...; slowLog: typeof import("D:/sanliurfa.com/sanliurfa/node_mo...'. Did you mean 'zRemRangeByScore'?
src/pages/api/recommendations/index.ts(21,19): error TS2339: Property 'AUTH_REQUIRED' does not exist on type '{ readonly VALIDATION_ERROR: "VALIDATION_ERROR"; readonly UNAUTHORIZED: "UNAUTHORIZED"; readonly FORBIDDEN: "FORBIDDEN"; readonly NOT_FOUND: "NOT_FOUND"; readonly CONFLICT: "CONFLICT"; readonly RATE_LIMITED: "RATE_LIMITED"; readonly INTERNAL_ERROR: "INTERNAL_ERROR"; readonly INVALID_INPUT: "INVALID_INPUT"; readonly ...'.
src/pages/api/recommendations/index.ts(84,19): error TS2339: Property 'AUTH_REQUIRED' does not exist on type '{ readonly VALIDATION_ERROR: "VALIDATION_ERROR"; readonly UNAUTHORIZED: "UNAUTHORIZED"; readonly FORBIDDEN: "FORBIDDEN"; readonly NOT_FOUND: "NOT_FOUND"; readonly CONFLICT: "CONFLICT"; readonly RATE_LIMITED: "RATE_LIMITED"; readonly INTERNAL_ERROR: "INTERNAL_ERROR"; readonly INVALID_INPUT: "INVALID_INPUT"; readonly ...'.
src/pages/api/recommendations/users.ts(26,29): error TS2339: Property 'rows' does not exist on type 'any[] | { rowCount: number; streamed: boolean; }'.
  Property 'rows' does not exist on type 'any[]'.
src/pages/api/reports/[reportId]/execute.ts(21,19): error TS2339: Property 'AUTH_REQUIRED' does not exist on type '{ readonly VALIDATION_ERROR: "VALIDATION_ERROR"; readonly UNAUTHORIZED: "UNAUTHORIZED"; readonly FORBIDDEN: "FORBIDDEN"; readonly NOT_FOUND: "NOT_FOUND"; readonly CONFLICT: "CONFLICT"; readonly RATE_LIMITED: "RATE_LIMITED"; readonly INTERNAL_ERROR: "INTERNAL_ERROR"; readonly INVALID_INPUT: "INVALID_INPUT"; readonly ...'.
src/pages/api/reports/[reportId]/export.ts(21,19): error TS2339: Property 'AUTH_REQUIRED' does not exist on type '{ readonly VALIDATION_ERROR: "VALIDATION_ERROR"; readonly UNAUTHORIZED: "UNAUTHORIZED"; readonly FORBIDDEN: "FORBIDDEN"; readonly NOT_FOUND: "NOT_FOUND"; readonly CONFLICT: "CONFLICT"; readonly RATE_LIMITED: "RATE_LIMITED"; readonly INTERNAL_ERROR: "INTERNAL_ERROR"; readonly INVALID_INPUT: "INVALID_INPUT"; readonly ...'.
src/pages/api/reports/[reportId]/export.ts(68,25): error TS2345: Argument of type 'string | Uint8Array<ArrayBufferLike>' is not assignable to parameter of type 'BodyInit'.
  Type 'Uint8Array<ArrayBufferLike>' is not assignable to type 'BodyInit'.
    Type 'Uint8Array<ArrayBufferLike>' is missing the following properties from type 'URLSearchParams': size, append, delete, get, and 2 more.
src/pages/api/reports/index.ts(30,19): error TS2339: Property 'AUTH_REQUIRED' does not exist on type '{ readonly VALIDATION_ERROR: "VALIDATION_ERROR"; readonly UNAUTHORIZED: "UNAUTHORIZED"; readonly FORBIDDEN: "FORBIDDEN"; readonly NOT_FOUND: "NOT_FOUND"; readonly CONFLICT: "CONFLICT"; readonly RATE_LIMITED: "RATE_LIMITED"; readonly INTERNAL_ERROR: "INTERNAL_ERROR"; readonly INVALID_INPUT: "INVALID_INPUT"; readonly ...'.
src/pages/api/reports/index.ts(81,19): error TS2339: Property 'AUTH_REQUIRED' does not exist on type '{ readonly VALIDATION_ERROR: "VALIDATION_ERROR"; readonly UNAUTHORIZED: "UNAUTHORIZED"; readonly FORBIDDEN: "FORBIDDEN"; readonly NOT_FOUND: "NOT_FOUND"; readonly CONFLICT: "CONFLICT"; readonly RATE_LIMITED: "RATE_LIMITED"; readonly INTERNAL_ERROR: "INTERNAL_ERROR"; readonly INVALID_INPUT: "INVALID_INPUT"; readonly ...'.
src/pages/api/reports/submit.ts(51,19): error TS2339: Property 'AUTH_REQUIRED' does not exist on type '{ readonly VALIDATION_ERROR: "VALIDATION_ERROR"; readonly UNAUTHORIZED: "UNAUTHORIZED"; readonly FORBIDDEN: "FORBIDDEN"; readonly NOT_FOUND: "NOT_FOUND"; readonly CONFLICT: "CONFLICT"; readonly RATE_LIMITED: "RATE_LIMITED"; readonly INTERNAL_ERROR: "INTERNAL_ERROR"; readonly INVALID_INPUT: "INVALID_INPUT"; readonly ...'.
src/pages/api/reviews/[id]/flag.ts(20,33): error TS2339: Property 'AUTH_REQUIRED' does not exist on type '{ readonly VALIDATION_ERROR: "VALIDATION_ERROR"; readonly UNAUTHORIZED: "UNAUTHORIZED"; readonly FORBIDDEN: "FORBIDDEN"; readonly NOT_FOUND: "NOT_FOUND"; readonly CONFLICT: "CONFLICT"; readonly RATE_LIMITED: "RATE_LIMITED"; readonly INTERNAL_ERROR: "INTERNAL_ERROR"; readonly INVALID_INPUT: "INVALID_INPUT"; readonly ...'.
src/pages/api/reviews/[id]/helpful.ts(57,33): error TS2339: Property 'AUTH_REQUIRED' does not exist on type '{ readonly VALIDATION_ERROR: "VALIDATION_ERROR"; readonly UNAUTHORIZED: "UNAUTHORIZED"; readonly FORBIDDEN: "FORBIDDEN"; readonly NOT_FOUND: "NOT_FOUND"; readonly CONFLICT: "CONFLICT"; readonly RATE_LIMITED: "RATE_LIMITED"; readonly INTERNAL_ERROR: "INTERNAL_ERROR"; readonly INVALID_INPUT: "INVALID_INPUT"; readonly ...'.
src/pages/api/reviews/[id]/reactions.ts(40,33): error TS2339: Property 'AUTH_REQUIRED' does not exist on type '{ readonly VALIDATION_ERROR: "VALIDATION_ERROR"; readonly UNAUTHORIZED: "UNAUTHORIZED"; readonly FORBIDDEN: "FORBIDDEN"; readonly NOT_FOUND: "NOT_FOUND"; readonly CONFLICT: "CONFLICT"; readonly RATE_LIMITED: "RATE_LIMITED"; readonly INTERNAL_ERROR: "INTERNAL_ERROR"; readonly INVALID_INPUT: "INVALID_INPUT"; readonly ...'.
src/pages/api/reviews/[id]/responses.ts(59,33): error TS2339: Property 'AUTH_REQUIRED' does not exist on type '{ readonly VALIDATION_ERROR: "VALIDATION_ERROR"; readonly UNAUTHORIZED: "UNAUTHORIZED"; readonly FORBIDDEN: "FORBIDDEN"; readonly NOT_FOUND: "NOT_FOUND"; readonly CONFLICT: "CONFLICT"; readonly RATE_LIMITED: "RATE_LIMITED"; readonly INTERNAL_ERROR: "INTERNAL_ERROR"; readonly INVALID_INPUT: "INVALID_INPUT"; readonly ...'.
src/pages/api/reviews/[id]/responses.ts(102,33): error TS2339: Property 'AUTH_REQUIRED' does not exist on type '{ readonly VALIDATION_ERROR: "VALIDATION_ERROR"; readonly UNAUTHORIZED: "UNAUTHORIZED"; readonly FORBIDDEN: "FORBIDDEN"; readonly NOT_FOUND: "NOT_FOUND"; readonly CONFLICT: "CONFLICT"; readonly RATE_LIMITED: "RATE_LIMITED"; readonly INTERNAL_ERROR: "INTERNAL_ERROR"; readonly INVALID_INPUT: "INVALID_INPUT"; readonly ...'.
src/pages/api/reviews/[id]/responses.ts(139,33): error TS2339: Property 'AUTH_REQUIRED' does not exist on type '{ readonly VALIDATION_ERROR: "VALIDATION_ERROR"; readonly UNAUTHORIZED: "UNAUTHORIZED"; readonly FORBIDDEN: "FORBIDDEN"; readonly NOT_FOUND: "NOT_FOUND"; readonly CONFLICT: "CONFLICT"; readonly RATE_LIMITED: "RATE_LIMITED"; readonly INTERNAL_ERROR: "INTERNAL_ERROR"; readonly INVALID_INPUT: "INVALID_INPUT"; readonly ...'.
src/pages/api/reviews/[id]/vote.ts(23,19): error TS2339: Property 'AUTH_REQUIRED' does not exist on type '{ readonly VALIDATION_ERROR: "VALIDATION_ERROR"; readonly UNAUTHORIZED: "UNAUTHORIZED"; readonly FORBIDDEN: "FORBIDDEN"; readonly NOT_FOUND: "NOT_FOUND"; readonly CONFLICT: "CONFLICT"; readonly RATE_LIMITED: "RATE_LIMITED"; readonly INTERNAL_ERROR: "INTERNAL_ERROR"; readonly INVALID_INPUT: "INVALID_INPUT"; readonly ...'.
src/pages/api/rewards/index.ts(37,35): error TS2339: Property 'AUTH_REQUIRED' does not exist on type '{ readonly VALIDATION_ERROR: "VALIDATION_ERROR"; readonly UNAUTHORIZED: "UNAUTHORIZED"; readonly FORBIDDEN: "FORBIDDEN"; readonly NOT_FOUND: "NOT_FOUND"; readonly CONFLICT: "CONFLICT"; readonly RATE_LIMITED: "RATE_LIMITED"; readonly INTERNAL_ERROR: "INTERNAL_ERROR"; readonly INVALID_INPUT: "INVALID_INPUT"; readonly ...'.
src/pages/api/rewards/index.ts(82,33): error TS2339: Property 'AUTH_REQUIRED' does not exist on type '{ readonly VALIDATION_ERROR: "VALIDATION_ERROR"; readonly UNAUTHORIZED: "UNAUTHORIZED"; readonly FORBIDDEN: "FORBIDDEN"; readonly NOT_FOUND: "NOT_FOUND"; readonly CONFLICT: "CONFLICT"; readonly RATE_LIMITED: "RATE_LIMITED"; readonly INTERNAL_ERROR: "INTERNAL_ERROR"; readonly INVALID_INPUT: "INVALID_INPUT"; readonly ...'.
src/pages/api/search/advanced.ts(35,31): error TS2345: Argument of type 'unknown' is not assignable to parameter of type 'string'.
src/pages/api/search/advanced.ts(81,77): error TS2554: Expected 1-2 arguments, but got 3.
src/pages/api/search/advanced.ts(84,61): error TS2554: Expected 2 arguments, but got 4.
src/pages/api/search/advanced.ts(84,69): error TS2339: Property 'length' does not exist on type 'any[] | { rowCount: number; streamed: boolean; }'.
  Property 'length' does not exist on type '{ rowCount: number; streamed: boolean; }'.
src/pages/api/search/advanced.ts(98,33): error TS2339: Property 'length' does not exist on type 'any[] | { rowCount: number; streamed: boolean; }'.
  Property 'length' does not exist on type '{ rowCount: number; streamed: boolean; }'.
src/pages/api/search/history.ts(49,22): error TS2339: Property 'length' does not exist on type 'any[] | { rowCount: number; streamed: boolean; }'.
  Property 'length' does not exist on type '{ rowCount: number; streamed: boolean; }'.
src/pages/api/search/recommendations.ts(24,82): error TS2345: Argument of type 'number' is not assignable to parameter of type 'SearchResult[]'.
src/pages/api/search/saved.ts(22,33): error TS2339: Property 'AUTH_REQUIRED' does not exist on type '{ readonly VALIDATION_ERROR: "VALIDATION_ERROR"; readonly UNAUTHORIZED: "UNAUTHORIZED"; readonly FORBIDDEN: "FORBIDDEN"; readonly NOT_FOUND: "NOT_FOUND"; readonly CONFLICT: "CONFLICT"; readonly RATE_LIMITED: "RATE_LIMITED"; readonly INTERNAL_ERROR: "INTERNAL_ERROR"; readonly INVALID_INPUT: "INVALID_INPUT"; readonly ...'.
src/pages/api/search/saved.ts(66,33): error TS2339: Property 'AUTH_REQUIRED' does not exist on type '{ readonly VALIDATION_ERROR: "VALIDATION_ERROR"; readonly UNAUTHORIZED: "UNAUTHORIZED"; readonly FORBIDDEN: "FORBIDDEN"; readonly NOT_FOUND: "NOT_FOUND"; readonly CONFLICT: "CONFLICT"; readonly RATE_LIMITED: "RATE_LIMITED"; readonly INTERNAL_ERROR: "INTERNAL_ERROR"; readonly INVALID_INPUT: "INVALID_INPUT"; readonly ...'.
src/pages/api/search/saved.ts(144,33): error TS2339: Property 'AUTH_REQUIRED' does not exist on type '{ readonly VALIDATION_ERROR: "VALIDATION_ERROR"; readonly UNAUTHORIZED: "UNAUTHORIZED"; readonly FORBIDDEN: "FORBIDDEN"; readonly NOT_FOUND: "NOT_FOUND"; readonly CONFLICT: "CONFLICT"; readonly RATE_LIMITED: "RATE_LIMITED"; readonly INTERNAL_ERROR: "INTERNAL_ERROR"; readonly INVALID_INPUT: "INVALID_INPUT"; readonly ...'.
src/pages/api/sitemap/dynamic.ts(5,28): error TS2339: Property 'env' does not exist on type 'ImportMeta'.
src/pages/api/sitemap/dynamic.ts(44,11): error TS2339: Property 'lastmod' does not exist on type '{ loc: string; priority: number; changefreq: string; lastmod: any; } | { loc: string; priority: number; changefreq: string; }'.
  Property 'lastmod' does not exist on type '{ loc: string; priority: number; changefreq: string; }'.
src/pages/api/sitemap/dynamic.ts(44,46): error TS2339: Property 'lastmod' does not exist on type '{ loc: string; priority: number; changefreq: string; lastmod: any; } | { loc: string; priority: number; changefreq: string; }'.
  Property 'lastmod' does not exist on type '{ loc: string; priority: number; changefreq: string; }'.
src/pages/api/subscriptions/cancel.ts(66,24): error TS2345: Argument of type '"cancel"' is not assignable to parameter of type '"create" | "update" | "delete"'.
src/pages/api/subscriptions/checkout.ts(123,24): error TS2345: Argument of type '"create_checkout"' is not assignable to parameter of type '"create" | "update" | "delete"'.
src/pages/api/tenants/[tenantId].ts(25,19): error TS2339: Property 'AUTH_REQUIRED' does not exist on type '{ readonly VALIDATION_ERROR: "VALIDATION_ERROR"; readonly UNAUTHORIZED: "UNAUTHORIZED"; readonly FORBIDDEN: "FORBIDDEN"; readonly NOT_FOUND: "NOT_FOUND"; readonly CONFLICT: "CONFLICT"; readonly RATE_LIMITED: "RATE_LIMITED"; readonly INTERNAL_ERROR: "INTERNAL_ERROR"; readonly INVALID_INPUT: "INVALID_INPUT"; readonly ...'.
src/pages/api/tenants/[tenantId].ts(125,19): error TS2339: Property 'AUTH_REQUIRED' does not exist on type '{ readonly VALIDATION_ERROR: "VALIDATION_ERROR"; readonly UNAUTHORIZED: "UNAUTHORIZED"; readonly FORBIDDEN: "FORBIDDEN"; readonly NOT_FOUND: "NOT_FOUND"; readonly CONFLICT: "CONFLICT"; readonly RATE_LIMITED: "RATE_LIMITED"; readonly INTERNAL_ERROR: "INTERNAL_ERROR"; readonly INVALID_INPUT: "INVALID_INPUT"; readonly ...'.
src/pages/api/tenants/[tenantId].ts(162,31): error TS2345: Argument of type '{ id: string; }' is not assignable to parameter of type 'string'.
src/pages/api/tenants/[tenantId].ts(184,39): error TS2345: Argument of type '{ tenant_id: string; }' is not assignable to parameter of type 'string'.
src/pages/api/tenants/[tenantId]/features.ts(24,19): error TS2339: Property 'AUTH_REQUIRED' does not exist on type '{ readonly VALIDATION_ERROR: "VALIDATION_ERROR"; readonly UNAUTHORIZED: "UNAUTHORIZED"; readonly FORBIDDEN: "FORBIDDEN"; readonly NOT_FOUND: "NOT_FOUND"; readonly CONFLICT: "CONFLICT"; readonly RATE_LIMITED: "RATE_LIMITED"; readonly INTERNAL_ERROR: "INTERNAL_ERROR"; readonly INVALID_INPUT: "INVALID_INPUT"; readonly ...'.
src/pages/api/tenants/[tenantId]/features.ts(65,25): error TS2339: Property 'length' does not exist on type 'any[] | { rowCount: number; streamed: boolean; }'.
  Property 'length' does not exist on type '{ rowCount: number; streamed: boolean; }'.
src/pages/api/tenants/[tenantId]/features.ts(100,19): error TS2339: Property 'AUTH_REQUIRED' does not exist on type '{ readonly VALIDATION_ERROR: "VALIDATION_ERROR"; readonly UNAUTHORIZED: "UNAUTHORIZED"; readonly FORBIDDEN: "FORBIDDEN"; readonly NOT_FOUND: "NOT_FOUND"; readonly CONFLICT: "CONFLICT"; readonly RATE_LIMITED: "RATE_LIMITED"; readonly INTERNAL_ERROR: "INTERNAL_ERROR"; readonly INVALID_INPUT: "INVALID_INPUT"; readonly ...'.
src/pages/api/tenants/[tenantId]/members.ts(24,19): error TS2339: Property 'AUTH_REQUIRED' does not exist on type '{ readonly VALIDATION_ERROR: "VALIDATION_ERROR"; readonly UNAUTHORIZED: "UNAUTHORIZED"; readonly FORBIDDEN: "FORBIDDEN"; readonly NOT_FOUND: "NOT_FOUND"; readonly CONFLICT: "CONFLICT"; readonly RATE_LIMITED: "RATE_LIMITED"; readonly INTERNAL_ERROR: "INTERNAL_ERROR"; readonly INVALID_INPUT: "INVALID_INPUT"; readonly ...'.
src/pages/api/tenants/[tenantId]/members.ts(68,24): error TS2339: Property 'length' does not exist on type 'any[] | { rowCount: number; streamed: boolean; }'.
  Property 'length' does not exist on type '{ rowCount: number; streamed: boolean; }'.
src/pages/api/tenants/[tenantId]/members.ts(103,19): error TS2339: Property 'AUTH_REQUIRED' does not exist on type '{ readonly VALIDATION_ERROR: "VALIDATION_ERROR"; readonly UNAUTHORIZED: "UNAUTHORIZED"; readonly FORBIDDEN: "FORBIDDEN"; readonly NOT_FOUND: "NOT_FOUND"; readonly CONFLICT: "CONFLICT"; readonly RATE_LIMITED: "RATE_LIMITED"; readonly INTERNAL_ERROR: "INTERNAL_ERROR"; readonly INVALID_INPUT: "INVALID_INPUT"; readonly ...'.
src/pages/api/tenants/[tenantId]/members.ts(195,19): error TS2339: Property 'AUTH_REQUIRED' does not exist on type '{ readonly VALIDATION_ERROR: "VALIDATION_ERROR"; readonly UNAUTHORIZED: "UNAUTHORIZED"; readonly FORBIDDEN: "FORBIDDEN"; readonly NOT_FOUND: "NOT_FOUND"; readonly CONFLICT: "CONFLICT"; readonly RATE_LIMITED: "RATE_LIMITED"; readonly INTERNAL_ERROR: "INTERNAL_ERROR"; readonly INVALID_INPUT: "INVALID_INPUT"; readonly ...'.
src/pages/api/tenants/index.ts(22,19): error TS2339: Property 'AUTH_REQUIRED' does not exist on type '{ readonly VALIDATION_ERROR: "VALIDATION_ERROR"; readonly UNAUTHORIZED: "UNAUTHORIZED"; readonly FORBIDDEN: "FORBIDDEN"; readonly NOT_FOUND: "NOT_FOUND"; readonly CONFLICT: "CONFLICT"; readonly RATE_LIMITED: "RATE_LIMITED"; readonly INTERNAL_ERROR: "INTERNAL_ERROR"; readonly INVALID_INPUT: "INVALID_INPUT"; readonly ...'.
src/pages/api/tenants/index.ts(46,24): error TS2339: Property 'length' does not exist on type 'any[] | { rowCount: number; streamed: boolean; }'.
  Property 'length' does not exist on type '{ rowCount: number; streamed: boolean; }'.
src/pages/api/tenants/index.ts(77,19): error TS2339: Property 'AUTH_REQUIRED' does not exist on type '{ readonly VALIDATION_ERROR: "VALIDATION_ERROR"; readonly UNAUTHORIZED: "UNAUTHORIZED"; readonly FORBIDDEN: "FORBIDDEN"; readonly NOT_FOUND: "NOT_FOUND"; readonly CONFLICT: "CONFLICT"; readonly RATE_LIMITED: "RATE_LIMITED"; readonly INTERNAL_ERROR: "INTERNAL_ERROR"; readonly INVALID_INPUT: "INVALID_INPUT"; readonly ...'.
src/pages/api/user/loyalty.ts(25,33): error TS2339: Property 'AUTH_REQUIRED' does not exist on type '{ readonly VALIDATION_ERROR: "VALIDATION_ERROR"; readonly UNAUTHORIZED: "UNAUTHORIZED"; readonly FORBIDDEN: "FORBIDDEN"; readonly NOT_FOUND: "NOT_FOUND"; readonly CONFLICT: "CONFLICT"; readonly RATE_LIMITED: "RATE_LIMITED"; readonly INTERNAL_ERROR: "INTERNAL_ERROR"; readonly INVALID_INPUT: "INVALID_INPUT"; readonly ...'.
src/pages/api/user/subscription.ts(113,26): error TS2345: Argument of type '"cancel"' is not assignable to parameter of type '"create" | "update" | "delete"'.
src/pages/api/user/subscription.ts(149,24): error TS2345: Argument of type '"upgrade"' is not assignable to parameter of type '"create" | "update" | "delete"'.
src/pages/api/users/2fa/disable.ts(52,48): error TS2345: Argument of type '{ success: boolean; message: string; }' is not assignable to parameter of type 'string'.
src/pages/api/users/2fa/setup.ts(35,48): error TS2345: Argument of type '{ success: boolean; message: string; secret: string; qrCodeUrl: string; backupCodes: string[]; }' is not assignable to parameter of type 'string'.
src/pages/api/users/2fa/status.ts(32,48): error TS2345: Argument of type '{ success: boolean; twoFactorEnabled: any; backupCodesRemaining: any; }' is not assignable to parameter of type 'string'.
src/pages/api/users/2fa/verify.ts(58,48): error TS2345: Argument of type '{ success: boolean; message: string; backupCodes: string[]; notice: string; }' is not assignable to parameter of type 'string'.
src/pages/api/users/[id].ts(45,9): error TS2554: Expected 1-3 arguments, but got 4.
src/pages/api/users/[id]/mentions.ts(23,19): error TS2339: Property 'AUTH_REQUIRED' does not exist on type '{ readonly VALIDATION_ERROR: "VALIDATION_ERROR"; readonly UNAUTHORIZED: "UNAUTHORIZED"; readonly FORBIDDEN: "FORBIDDEN"; readonly NOT_FOUND: "NOT_FOUND"; readonly CONFLICT: "CONFLICT"; readonly RATE_LIMITED: "RATE_LIMITED"; readonly INTERNAL_ERROR: "INTERNAL_ERROR"; readonly INVALID_INPUT: "INVALID_INPUT"; readonly ...'.
src/pages/api/users/[id]/mentions.ts(55,37): error TS2345: Argument of type 'unknown' is not assignable to parameter of type 'string'.
src/pages/api/users/[id]/mentions.ts(99,23): error TS2339: Property 'length' does not exist on type 'any[] | { rowCount: number; streamed: boolean; }'.
  Property 'length' does not exist on type '{ rowCount: number; streamed: boolean; }'.
src/pages/api/users/[id]/profile.ts(101,26): error TS2551: Property 'follower_count' does not exist on type 'FollowerStats'. Did you mean 'followers_count'?
src/pages/api/users/[id]/profile.ts(103,23): error TS2339: Property 'mutual_friends_count' does not exist on type 'FollowerStats'.
src/pages/api/users/[id]/profile.ts(108,39): error TS2339: Property 'rows' does not exist on type 'any[] | { rowCount: number; streamed: boolean; }'.
  Property 'rows' does not exist on type 'any[]'.
src/pages/api/users/deletion/cancel.ts(29,48): error TS2345: Argument of type '{ success: boolean; message: string; }' is not assignable to parameter of type 'string'.
src/pages/api/users/deletion/request.ts(52,48): error TS2345: Argument of type '{ success: boolean; message: string; deletionRequestId: string; deletesAt: Date; gracePeriodDays: number; notice: string; }' is not assignable to parameter of type 'string'.
src/pages/api/users/deletion/status.ts(23,48): error TS2345: Argument of type '{ success: boolean; hasPendingDeletion: boolean; deletesAt: Date; gracePeriodDaysRemaining: number; }' is not assignable to parameter of type 'string'.
src/pages/api/users/email-preferences.ts(17,33): error TS2339: Property 'AUTH_REQUIRED' does not exist on type '{ readonly VALIDATION_ERROR: "VALIDATION_ERROR"; readonly UNAUTHORIZED: "UNAUTHORIZED"; readonly FORBIDDEN: "FORBIDDEN"; readonly NOT_FOUND: "NOT_FOUND"; readonly CONFLICT: "CONFLICT"; readonly RATE_LIMITED: "RATE_LIMITED"; readonly INTERNAL_ERROR: "INTERNAL_ERROR"; readonly INVALID_INPUT: "INVALID_INPUT"; readonly ...'.
src/pages/api/users/email-preferences.ts(53,33): error TS2339: Property 'AUTH_REQUIRED' does not exist on type '{ readonly VALIDATION_ERROR: "VALIDATION_ERROR"; readonly UNAUTHORIZED: "UNAUTHORIZED"; readonly FORBIDDEN: "FORBIDDEN"; readonly NOT_FOUND: "NOT_FOUND"; readonly CONFLICT: "CONFLICT"; readonly RATE_LIMITED: "RATE_LIMITED"; readonly INTERNAL_ERROR: "INTERNAL_ERROR"; readonly INVALID_INPUT: "INVALID_INPUT"; readonly ...'.
src/pages/api/users/password.ts(45,19): error TS2339: Property 'AUTH_REQUIRED' does not exist on type '{ readonly VALIDATION_ERROR: "VALIDATION_ERROR"; readonly UNAUTHORIZED: "UNAUTHORIZED"; readonly FORBIDDEN: "FORBIDDEN"; readonly NOT_FOUND: "NOT_FOUND"; readonly CONFLICT: "CONFLICT"; readonly RATE_LIMITED: "RATE_LIMITED"; readonly INTERNAL_ERROR: "INTERNAL_ERROR"; readonly INVALID_INPUT: "INVALID_INPUT"; readonly ...'.
src/pages/api/users/password.ts(111,19): error TS2339: Property 'AUTH_FAILED' does not exist on type '{ readonly VALIDATION_ERROR: "VALIDATION_ERROR"; readonly UNAUTHORIZED: "UNAUTHORIZED"; readonly FORBIDDEN: "FORBIDDEN"; readonly NOT_FOUND: "NOT_FOUND"; readonly CONFLICT: "CONFLICT"; readonly RATE_LIMITED: "RATE_LIMITED"; readonly INTERNAL_ERROR: "INTERNAL_ERROR"; readonly INVALID_INPUT: "INVALID_INPUT"; readonly ...'.
src/pages/api/users/points-history.ts(32,26): error TS2339: Property 'rows' does not exist on type 'any[] | { rowCount: number; streamed: boolean; }'.
  Property 'rows' does not exist on type 'any[]'.
src/pages/api/users/points-history.ts(33,26): error TS2339: Property 'rows' does not exist on type 'any[] | { rowCount: number; streamed: boolean; }'.
  Property 'rows' does not exist on type 'any[]'.
src/pages/api/users/preferences.ts(45,19): error TS2339: Property 'AUTH_REQUIRED' does not exist on type '{ readonly VALIDATION_ERROR: "VALIDATION_ERROR"; readonly UNAUTHORIZED: "UNAUTHORIZED"; readonly FORBIDDEN: "FORBIDDEN"; readonly NOT_FOUND: "NOT_FOUND"; readonly CONFLICT: "CONFLICT"; readonly RATE_LIMITED: "RATE_LIMITED"; readonly INTERNAL_ERROR: "INTERNAL_ERROR"; readonly INVALID_INPUT: "INVALID_INPUT"; readonly ...'.
src/pages/api/users/preferences.ts(102,19): error TS2339: Property 'AUTH_REQUIRED' does not exist on type '{ readonly VALIDATION_ERROR: "VALIDATION_ERROR"; readonly UNAUTHORIZED: "UNAUTHORIZED"; readonly FORBIDDEN: "FORBIDDEN"; readonly NOT_FOUND: "NOT_FOUND"; readonly CONFLICT: "CONFLICT"; readonly RATE_LIMITED: "RATE_LIMITED"; readonly INTERNAL_ERROR: "INTERNAL_ERROR"; readonly INVALID_INPUT: "INVALID_INPUT"; readonly ...'.
src/pages/api/users/privacy/block.ts(24,19): error TS2339: Property 'AUTH_REQUIRED' does not exist on type '{ readonly VALIDATION_ERROR: "VALIDATION_ERROR"; readonly UNAUTHORIZED: "UNAUTHORIZED"; readonly FORBIDDEN: "FORBIDDEN"; readonly NOT_FOUND: "NOT_FOUND"; readonly CONFLICT: "CONFLICT"; readonly RATE_LIMITED: "RATE_LIMITED"; readonly INTERNAL_ERROR: "INTERNAL_ERROR"; readonly INVALID_INPUT: "INVALID_INPUT"; readonly ...'.
src/pages/api/users/privacy/block.ts(69,19): error TS2339: Property 'AUTH_REQUIRED' does not exist on type '{ readonly VALIDATION_ERROR: "VALIDATION_ERROR"; readonly UNAUTHORIZED: "UNAUTHORIZED"; readonly FORBIDDEN: "FORBIDDEN"; readonly NOT_FOUND: "NOT_FOUND"; readonly CONFLICT: "CONFLICT"; readonly RATE_LIMITED: "RATE_LIMITED"; readonly INTERNAL_ERROR: "INTERNAL_ERROR"; readonly INVALID_INPUT: "INVALID_INPUT"; readonly ...'.
src/pages/api/users/privacy/block.ts(152,19): error TS2339: Property 'AUTH_REQUIRED' does not exist on type '{ readonly VALIDATION_ERROR: "VALIDATION_ERROR"; readonly UNAUTHORIZED: "UNAUTHORIZED"; readonly FORBIDDEN: "FORBIDDEN"; readonly NOT_FOUND: "NOT_FOUND"; readonly CONFLICT: "CONFLICT"; readonly RATE_LIMITED: "RATE_LIMITED"; readonly INTERNAL_ERROR: "INTERNAL_ERROR"; readonly INVALID_INPUT: "INVALID_INPUT"; readonly ...'.
src/pages/api/users/privacy/delete-account.ts(27,19): error TS2339: Property 'AUTH_REQUIRED' does not exist on type '{ readonly VALIDATION_ERROR: "VALIDATION_ERROR"; readonly UNAUTHORIZED: "UNAUTHORIZED"; readonly FORBIDDEN: "FORBIDDEN"; readonly NOT_FOUND: "NOT_FOUND"; readonly CONFLICT: "CONFLICT"; readonly RATE_LIMITED: "RATE_LIMITED"; readonly INTERNAL_ERROR: "INTERNAL_ERROR"; readonly INVALID_INPUT: "INVALID_INPUT"; readonly ...'.
src/pages/api/users/privacy/delete-account.ts(74,19): error TS2339: Property 'AUTH_REQUIRED' does not exist on type '{ readonly VALIDATION_ERROR: "VALIDATION_ERROR"; readonly UNAUTHORIZED: "UNAUTHORIZED"; readonly FORBIDDEN: "FORBIDDEN"; readonly NOT_FOUND: "NOT_FOUND"; readonly CONFLICT: "CONFLICT"; readonly RATE_LIMITED: "RATE_LIMITED"; readonly INTERNAL_ERROR: "INTERNAL_ERROR"; readonly INVALID_INPUT: "INVALID_INPUT"; readonly ...'.
src/pages/api/users/privacy/delete-account.ts(146,19): error TS2339: Property 'AUTH_REQUIRED' does not exist on type '{ readonly VALIDATION_ERROR: "VALIDATION_ERROR"; readonly UNAUTHORIZED: "UNAUTHORIZED"; readonly FORBIDDEN: "FORBIDDEN"; readonly NOT_FOUND: "NOT_FOUND"; readonly CONFLICT: "CONFLICT"; readonly RATE_LIMITED: "RATE_LIMITED"; readonly INTERNAL_ERROR: "INTERNAL_ERROR"; readonly INVALID_INPUT: "INVALID_INPUT"; readonly ...'.
src/pages/api/users/privacy/index.ts(22,19): error TS2339: Property 'AUTH_REQUIRED' does not exist on type '{ readonly VALIDATION_ERROR: "VALIDATION_ERROR"; readonly UNAUTHORIZED: "UNAUTHORIZED"; readonly FORBIDDEN: "FORBIDDEN"; readonly NOT_FOUND: "NOT_FOUND"; readonly CONFLICT: "CONFLICT"; readonly RATE_LIMITED: "RATE_LIMITED"; readonly INTERNAL_ERROR: "INTERNAL_ERROR"; readonly INVALID_INPUT: "INVALID_INPUT"; readonly ...'.
src/pages/api/users/privacy/index.ts(66,19): error TS2339: Property 'AUTH_REQUIRED' does not exist on type '{ readonly VALIDATION_ERROR: "VALIDATION_ERROR"; readonly UNAUTHORIZED: "UNAUTHORIZED"; readonly FORBIDDEN: "FORBIDDEN"; readonly NOT_FOUND: "NOT_FOUND"; readonly CONFLICT: "CONFLICT"; readonly RATE_LIMITED: "RATE_LIMITED"; readonly INTERNAL_ERROR: "INTERNAL_ERROR"; readonly INVALID_INPUT: "INVALID_INPUT"; readonly ...'.
src/pages/api/users/privacy/mute.ts(23,19): error TS2339: Property 'AUTH_REQUIRED' does not exist on type '{ readonly VALIDATION_ERROR: "VALIDATION_ERROR"; readonly UNAUTHORIZED: "UNAUTHORIZED"; readonly FORBIDDEN: "FORBIDDEN"; readonly NOT_FOUND: "NOT_FOUND"; readonly CONFLICT: "CONFLICT"; readonly RATE_LIMITED: "RATE_LIMITED"; readonly INTERNAL_ERROR: "INTERNAL_ERROR"; readonly INVALID_INPUT: "INVALID_INPUT"; readonly ...'.
src/pages/api/users/privacy/mute.ts(106,19): error TS2339: Property 'AUTH_REQUIRED' does not exist on type '{ readonly VALIDATION_ERROR: "VALIDATION_ERROR"; readonly UNAUTHORIZED: "UNAUTHORIZED"; readonly FORBIDDEN: "FORBIDDEN"; readonly NOT_FOUND: "NOT_FOUND"; readonly CONFLICT: "CONFLICT"; readonly RATE_LIMITED: "RATE_LIMITED"; readonly INTERNAL_ERROR: "INTERNAL_ERROR"; readonly INVALID_INPUT: "INVALID_INPUT"; readonly ...'.
src/pages/api/users/profile.ts(53,19): error TS2339: Property 'AUTH_REQUIRED' does not exist on type '{ readonly VALIDATION_ERROR: "VALIDATION_ERROR"; readonly UNAUTHORIZED: "UNAUTHORIZED"; readonly FORBIDDEN: "FORBIDDEN"; readonly NOT_FOUND: "NOT_FOUND"; readonly CONFLICT: "CONFLICT"; readonly RATE_LIMITED: "RATE_LIMITED"; readonly INTERNAL_ERROR: "INTERNAL_ERROR"; readonly INVALID_INPUT: "INVALID_INPUT"; readonly ...'.
src/pages/api/users/profile.ts(110,19): error TS2339: Property 'AUTH_REQUIRED' does not exist on type '{ readonly VALIDATION_ERROR: "VALIDATION_ERROR"; readonly UNAUTHORIZED: "UNAUTHORIZED"; readonly FORBIDDEN: "FORBIDDEN"; readonly NOT_FOUND: "NOT_FOUND"; readonly CONFLICT: "CONFLICT"; readonly RATE_LIMITED: "RATE_LIMITED"; readonly INTERNAL_ERROR: "INTERNAL_ERROR"; readonly INVALID_INPUT: "INVALID_INPUT"; readonly ...'.
src/pages/api/users/resend-verification.ts(33,50): error TS2345: Argument of type '{ success: boolean; message: string; verified: boolean; }' is not assignable to parameter of type 'string'.
src/pages/api/users/resend-verification.ts(41,69): error TS2554: Expected 2 arguments, but got 3.
src/pages/api/users/resend-verification.ts(49,48): error TS2345: Argument of type '{ success: boolean; message: string; }' is not assignable to parameter of type 'string'.
src/pages/api/users/saved-searches/[id].ts(34,48): error TS2345: Argument of type '{ success: boolean; message: string; }' is not assignable to parameter of type 'string'.
src/pages/api/users/search.ts(64,9): error TS2554: Expected 1-3 arguments, but got 4.
src/pages/api/users/search.ts(91,24): error TS2339: Property 'isAdmin' does not exist on type '{ id: string; email: string; fullName: string; role: "user" | "admin" | "moderator"; avatar: string; points: number; }'.
src/pages/api/users/search.ts(122,26): error TS2339: Property 'rows' does not exist on type 'any[] | { rowCount: number; streamed: boolean; }'.
  Property 'rows' does not exist on type 'any[]'.
src/pages/api/users/settings.ts(46,19): error TS2339: Property 'AUTH_REQUIRED' does not exist on type '{ readonly VALIDATION_ERROR: "VALIDATION_ERROR"; readonly UNAUTHORIZED: "UNAUTHORIZED"; readonly FORBIDDEN: "FORBIDDEN"; readonly NOT_FOUND: "NOT_FOUND"; readonly CONFLICT: "CONFLICT"; readonly RATE_LIMITED: "RATE_LIMITED"; readonly INTERNAL_ERROR: "INTERNAL_ERROR"; readonly INVALID_INPUT: "INVALID_INPUT"; readonly ...'.
src/pages/api/users/settings.ts(111,19): error TS2339: Property 'AUTH_REQUIRED' does not exist on type '{ readonly VALIDATION_ERROR: "VALIDATION_ERROR"; readonly UNAUTHORIZED: "UNAUTHORIZED"; readonly FORBIDDEN: "FORBIDDEN"; readonly NOT_FOUND: "NOT_FOUND"; readonly CONFLICT: "CONFLICT"; readonly RATE_LIMITED: "RATE_LIMITED"; readonly INTERNAL_ERROR: "INTERNAL_ERROR"; readonly INVALID_INPUT: "INVALID_INPUT"; readonly ...'.
src/pages/api/users/settings.ts(133,49): error TS2345: Argument of type '{ theme_preference: { type: "string"; required: boolean; pattern: string; }; notification_preferences: { type: "object"; required: boolean; }; privacy_settings: { type: "object"; required: boolean; }; }' is not assignable to parameter of type 'ValidationSchema'.
  Property 'notification_preferences' is incompatible with index signature.
    Type '{ type: "object"; required: boolean; }' is not assignable to type '{ type: "string" | "number" | "boolean" | "email" | "array"; required?: boolean; minLength?: number; maxLength?: number; min?: number; max?: number; pattern?: string | RegExp; custom?: FieldValidator; sanitize?: boolean; }'.
      Types of property 'type' are incompatible.
        Type '"object"' is not assignable to type '"string" | "number" | "boolean" | "email" | "array"'.
src/pages/api/users/stats/badges.ts(21,48): error TS2345: Argument of type '{ success: boolean; data: Badge[]; count: number; }' is not assignable to parameter of type 'string'.
src/pages/api/users/stats/index.ts(27,48): error TS2345: Argument of type '{ success: boolean; data: { trends: ActivityStats; userId: string; reviewsWritten: number; favoriteCount: number; followersCount: number; followingCount: number; points: number; ... 6 more ...; lastActiveAt?: string; }; }' is not assignable to parameter of type 'string'.
src/pages/api/users/suggestions.ts(39,37): error TS2345: Argument of type 'unknown' is not assignable to parameter of type 'string'.
src/pages/api/users/suggestions.ts(52,35): error TS2339: Property 'map' does not exist on type 'any[] | { rowCount: number; streamed: boolean; }'.
  Property 'map' does not exist on type '{ rowCount: number; streamed: boolean; }'.
src/pages/api/users/suggestions.ts(59,7): error TS2322: Type 'any[] | { rowCount: number; streamed: boolean; }' is not assignable to type 'any[]'.
  Type '{ rowCount: number; streamed: boolean; }' is missing the following properties from type 'any[]': length, pop, push, concat, and 35 more.
src/pages/api/users/trending.ts(27,37): error TS2345: Argument of type 'unknown' is not assignable to parameter of type 'string'.
src/pages/api/users/trending.ts(55,33): error TS2339: Property 'map' does not exist on type 'any[] | { rowCount: number; streamed: boolean; }'.
  Property 'map' does not exist on type '{ rowCount: number; streamed: boolean; }'.
src/pages/api/users/verify-email.ts(13,13): error TS2339: Property 'token' does not exist on type 'URLSearchParams'.
src/pages/api/users/verify-email.ts(25,60): error TS2339: Property 'userId' does not exist on type 'true'.
src/pages/api/users/verify-email.ts(25,82): error TS2339: Property 'email' does not exist on type 'true'.
src/pages/api/users/verify-email.ts(27,48): error TS2345: Argument of type '{ success: boolean; message: string; userId: any; email: any; }' is not assignable to parameter of type 'string'.
src/pages/api/users/verify-email.ts(30,22): error TS2339: Property 'userId' does not exist on type 'true'.
src/pages/api/users/verify-email.ts(31,21): error TS2339: Property 'email' does not exist on type 'true'.
src/pages/api/vendor/onboarding/progress.ts(19,33): error TS2339: Property 'AUTH_REQUIRED' does not exist on type '{ readonly VALIDATION_ERROR: "VALIDATION_ERROR"; readonly UNAUTHORIZED: "UNAUTHORIZED"; readonly FORBIDDEN: "FORBIDDEN"; readonly NOT_FOUND: "NOT_FOUND"; readonly CONFLICT: "CONFLICT"; readonly RATE_LIMITED: "RATE_LIMITED"; readonly INTERNAL_ERROR: "INTERNAL_ERROR"; readonly INVALID_INPUT: "INVALID_INPUT"; readonly ...'.
src/pages/api/vendor/onboarding/progress.ts(45,33): error TS2339: Property 'AUTH_REQUIRED' does not exist on type '{ readonly VALIDATION_ERROR: "VALIDATION_ERROR"; readonly UNAUTHORIZED: "UNAUTHORIZED"; readonly FORBIDDEN: "FORBIDDEN"; readonly NOT_FOUND: "NOT_FOUND"; readonly CONFLICT: "CONFLICT"; readonly RATE_LIMITED: "RATE_LIMITED"; readonly INTERNAL_ERROR: "INTERNAL_ERROR"; readonly INVALID_INPUT: "INVALID_INPUT"; readonly ...'.
src/pages/api/vendor/onboarding/start.ts(27,33): error TS2339: Property 'AUTH_REQUIRED' does not exist on type '{ readonly VALIDATION_ERROR: "VALIDATION_ERROR"; readonly UNAUTHORIZED: "UNAUTHORIZED"; readonly FORBIDDEN: "FORBIDDEN"; readonly NOT_FOUND: "NOT_FOUND"; readonly CONFLICT: "CONFLICT"; readonly RATE_LIMITED: "RATE_LIMITED"; readonly INTERNAL_ERROR: "INTERNAL_ERROR"; readonly INVALID_INPUT: "INVALID_INPUT"; readonly ...'.
src/pages/api/vendor/onboarding/step.ts(25,33): error TS2339: Property 'AUTH_REQUIRED' does not exist on type '{ readonly VALIDATION_ERROR: "VALIDATION_ERROR"; readonly UNAUTHORIZED: "UNAUTHORIZED"; readonly FORBIDDEN: "FORBIDDEN"; readonly NOT_FOUND: "NOT_FOUND"; readonly CONFLICT: "CONFLICT"; readonly RATE_LIMITED: "RATE_LIMITED"; readonly INTERNAL_ERROR: "INTERNAL_ERROR"; readonly INVALID_INPUT: "INVALID_INPUT"; readonly ...'.
src/pages/api/warehouse/dimensions.ts(21,19): error TS2339: Property 'AUTH_REQUIRED' does not exist on type '{ readonly VALIDATION_ERROR: "VALIDATION_ERROR"; readonly UNAUTHORIZED: "UNAUTHORIZED"; readonly FORBIDDEN: "FORBIDDEN"; readonly NOT_FOUND: "NOT_FOUND"; readonly CONFLICT: "CONFLICT"; readonly RATE_LIMITED: "RATE_LIMITED"; readonly INTERNAL_ERROR: "INTERNAL_ERROR"; readonly INVALID_INPUT: "INVALID_INPUT"; readonly ...'.
src/pages/api/warehouse/etl.ts(22,19): error TS2339: Property 'AUTH_REQUIRED' does not exist on type '{ readonly VALIDATION_ERROR: "VALIDATION_ERROR"; readonly UNAUTHORIZED: "UNAUTHORIZED"; readonly FORBIDDEN: "FORBIDDEN"; readonly NOT_FOUND: "NOT_FOUND"; readonly CONFLICT: "CONFLICT"; readonly RATE_LIMITED: "RATE_LIMITED"; readonly INTERNAL_ERROR: "INTERNAL_ERROR"; readonly INVALID_INPUT: "INVALID_INPUT"; readonly ...'.
src/pages/api/warehouse/query.ts(21,19): error TS2339: Property 'AUTH_REQUIRED' does not exist on type '{ readonly VALIDATION_ERROR: "VALIDATION_ERROR"; readonly UNAUTHORIZED: "UNAUTHORIZED"; readonly FORBIDDEN: "FORBIDDEN"; readonly NOT_FOUND: "NOT_FOUND"; readonly CONFLICT: "CONFLICT"; readonly RATE_LIMITED: "RATE_LIMITED"; readonly INTERNAL_ERROR: "INTERNAL_ERROR"; readonly INVALID_INPUT: "INVALID_INPUT"; readonly ...'.
src/pages/api/webhooks/[id].ts(14,33): error TS2339: Property 'AUTH_REQUIRED' does not exist on type '{ readonly VALIDATION_ERROR: "VALIDATION_ERROR"; readonly UNAUTHORIZED: "UNAUTHORIZED"; readonly FORBIDDEN: "FORBIDDEN"; readonly NOT_FOUND: "NOT_FOUND"; readonly CONFLICT: "CONFLICT"; readonly RATE_LIMITED: "RATE_LIMITED"; readonly INTERNAL_ERROR: "INTERNAL_ERROR"; readonly INVALID_INPUT: "INVALID_INPUT"; readonly ...'.
src/pages/api/webhooks/analytics.ts(18,19): error TS2339: Property 'AUTH_REQUIRED' does not exist on type '{ readonly VALIDATION_ERROR: "VALIDATION_ERROR"; readonly UNAUTHORIZED: "UNAUTHORIZED"; readonly FORBIDDEN: "FORBIDDEN"; readonly NOT_FOUND: "NOT_FOUND"; readonly CONFLICT: "CONFLICT"; readonly RATE_LIMITED: "RATE_LIMITED"; readonly INTERNAL_ERROR: "INTERNAL_ERROR"; readonly INVALID_INPUT: "INVALID_INPUT"; readonly ...'.
src/pages/api/webhooks/audit.ts(17,33): error TS2339: Property 'AUTH_REQUIRED' does not exist on type '{ readonly VALIDATION_ERROR: "VALIDATION_ERROR"; readonly UNAUTHORIZED: "UNAUTHORIZED"; readonly FORBIDDEN: "FORBIDDEN"; readonly NOT_FOUND: "NOT_FOUND"; readonly CONFLICT: "CONFLICT"; readonly RATE_LIMITED: "RATE_LIMITED"; readonly INTERNAL_ERROR: "INTERNAL_ERROR"; readonly INVALID_INPUT: "INVALID_INPUT"; readonly ...'.
src/pages/api/webhooks/filters.ts(21,33): error TS2339: Property 'AUTH_REQUIRED' does not exist on type '{ readonly VALIDATION_ERROR: "VALIDATION_ERROR"; readonly UNAUTHORIZED: "UNAUTHORIZED"; readonly FORBIDDEN: "FORBIDDEN"; readonly NOT_FOUND: "NOT_FOUND"; readonly CONFLICT: "CONFLICT"; readonly RATE_LIMITED: "RATE_LIMITED"; readonly INTERNAL_ERROR: "INTERNAL_ERROR"; readonly INVALID_INPUT: "INVALID_INPUT"; readonly ...'.
src/pages/api/webhooks/filters.ts(58,33): error TS2339: Property 'AUTH_REQUIRED' does not exist on type '{ readonly VALIDATION_ERROR: "VALIDATION_ERROR"; readonly UNAUTHORIZED: "UNAUTHORIZED"; readonly FORBIDDEN: "FORBIDDEN"; readonly NOT_FOUND: "NOT_FOUND"; readonly CONFLICT: "CONFLICT"; readonly RATE_LIMITED: "RATE_LIMITED"; readonly INTERNAL_ERROR: "INTERNAL_ERROR"; readonly INVALID_INPUT: "INVALID_INPUT"; readonly ...'.
src/pages/api/webhooks/filters.ts(102,33): error TS2339: Property 'AUTH_REQUIRED' does not exist on type '{ readonly VALIDATION_ERROR: "VALIDATION_ERROR"; readonly UNAUTHORIZED: "UNAUTHORIZED"; readonly FORBIDDEN: "FORBIDDEN"; readonly NOT_FOUND: "NOT_FOUND"; readonly CONFLICT: "CONFLICT"; readonly RATE_LIMITED: "RATE_LIMITED"; readonly INTERNAL_ERROR: "INTERNAL_ERROR"; readonly INVALID_INPUT: "INVALID_INPUT"; readonly ...'.
src/pages/api/webhooks/index.ts(15,33): error TS2339: Property 'AUTH_REQUIRED' does not exist on type '{ readonly VALIDATION_ERROR: "VALIDATION_ERROR"; readonly UNAUTHORIZED: "UNAUTHORIZED"; readonly FORBIDDEN: "FORBIDDEN"; readonly NOT_FOUND: "NOT_FOUND"; readonly CONFLICT: "CONFLICT"; readonly RATE_LIMITED: "RATE_LIMITED"; readonly INTERNAL_ERROR: "INTERNAL_ERROR"; readonly INVALID_INPUT: "INVALID_INPUT"; readonly ...'.
src/pages/api/webhooks/index.ts(37,33): error TS2339: Property 'AUTH_REQUIRED' does not exist on type '{ readonly VALIDATION_ERROR: "VALIDATION_ERROR"; readonly UNAUTHORIZED: "UNAUTHORIZED"; readonly FORBIDDEN: "FORBIDDEN"; readonly NOT_FOUND: "NOT_FOUND"; readonly CONFLICT: "CONFLICT"; readonly RATE_LIMITED: "RATE_LIMITED"; readonly INTERNAL_ERROR: "INTERNAL_ERROR"; readonly INVALID_INPUT: "INVALID_INPUT"; readonly ...'.
src/pages/api/webhooks/logs.ts(17,33): error TS2339: Property 'AUTH_REQUIRED' does not exist on type '{ readonly VALIDATION_ERROR: "VALIDATION_ERROR"; readonly UNAUTHORIZED: "UNAUTHORIZED"; readonly FORBIDDEN: "FORBIDDEN"; readonly NOT_FOUND: "NOT_FOUND"; readonly CONFLICT: "CONFLICT"; readonly RATE_LIMITED: "RATE_LIMITED"; readonly INTERNAL_ERROR: "INTERNAL_ERROR"; readonly INVALID_INPUT: "INVALID_INPUT"; readonly ...'.
src/pages/api/webhooks/logs.ts(73,33): error TS2339: Property 'AUTH_REQUIRED' does not exist on type '{ readonly VALIDATION_ERROR: "VALIDATION_ERROR"; readonly UNAUTHORIZED: "UNAUTHORIZED"; readonly FORBIDDEN: "FORBIDDEN"; readonly NOT_FOUND: "NOT_FOUND"; readonly CONFLICT: "CONFLICT"; readonly RATE_LIMITED: "RATE_LIMITED"; readonly INTERNAL_ERROR: "INTERNAL_ERROR"; readonly INVALID_INPUT: "INVALID_INPUT"; readonly ...'.
src/pages/api/webhooks/replay.ts(17,33): error TS2339: Property 'AUTH_REQUIRED' does not exist on type '{ readonly VALIDATION_ERROR: "VALIDATION_ERROR"; readonly UNAUTHORIZED: "UNAUTHORIZED"; readonly FORBIDDEN: "FORBIDDEN"; readonly NOT_FOUND: "NOT_FOUND"; readonly CONFLICT: "CONFLICT"; readonly RATE_LIMITED: "RATE_LIMITED"; readonly INTERNAL_ERROR: "INTERNAL_ERROR"; readonly INVALID_INPUT: "INVALID_INPUT"; readonly ...'.
src/pages/api/webhooks/replay.ts(60,33): error TS2339: Property 'AUTH_REQUIRED' does not exist on type '{ readonly VALIDATION_ERROR: "VALIDATION_ERROR"; readonly UNAUTHORIZED: "UNAUTHORIZED"; readonly FORBIDDEN: "FORBIDDEN"; readonly NOT_FOUND: "NOT_FOUND"; readonly CONFLICT: "CONFLICT"; readonly RATE_LIMITED: "RATE_LIMITED"; readonly INTERNAL_ERROR: "INTERNAL_ERROR"; readonly INVALID_INPUT: "INVALID_INPUT"; readonly ...'.
src/pages/api/webhooks/replay.ts(97,33): error TS2339: Property 'AUTH_REQUIRED' does not exist on type '{ readonly VALIDATION_ERROR: "VALIDATION_ERROR"; readonly UNAUTHORIZED: "UNAUTHORIZED"; readonly FORBIDDEN: "FORBIDDEN"; readonly NOT_FOUND: "NOT_FOUND"; readonly CONFLICT: "CONFLICT"; readonly RATE_LIMITED: "RATE_LIMITED"; readonly INTERNAL_ERROR: "INTERNAL_ERROR"; readonly INVALID_INPUT: "INVALID_INPUT"; readonly ...'.
src/pages/api/webhooks/retry.ts(18,19): error TS2339: Property 'AUTH_REQUIRED' does not exist on type '{ readonly VALIDATION_ERROR: "VALIDATION_ERROR"; readonly UNAUTHORIZED: "UNAUTHORIZED"; readonly FORBIDDEN: "FORBIDDEN"; readonly NOT_FOUND: "NOT_FOUND"; readonly CONFLICT: "CONFLICT"; readonly RATE_LIMITED: "RATE_LIMITED"; readonly INTERNAL_ERROR: "INTERNAL_ERROR"; readonly INVALID_INPUT: "INVALID_INPUT"; readonly ...'.
src/pages/api/webhooks/settings.ts(17,33): error TS2339: Property 'AUTH_REQUIRED' does not exist on type '{ readonly VALIDATION_ERROR: "VALIDATION_ERROR"; readonly UNAUTHORIZED: "UNAUTHORIZED"; readonly FORBIDDEN: "FORBIDDEN"; readonly NOT_FOUND: "NOT_FOUND"; readonly CONFLICT: "CONFLICT"; readonly RATE_LIMITED: "RATE_LIMITED"; readonly INTERNAL_ERROR: "INTERNAL_ERROR"; readonly INVALID_INPUT: "INVALID_INPUT"; readonly ...'.
src/pages/api/webhooks/settings.ts(50,33): error TS2339: Property 'AUTH_REQUIRED' does not exist on type '{ readonly VALIDATION_ERROR: "VALIDATION_ERROR"; readonly UNAUTHORIZED: "UNAUTHORIZED"; readonly FORBIDDEN: "FORBIDDEN"; readonly NOT_FOUND: "NOT_FOUND"; readonly CONFLICT: "CONFLICT"; readonly RATE_LIMITED: "RATE_LIMITED"; readonly INTERNAL_ERROR: "INTERNAL_ERROR"; readonly INVALID_INPUT: "INVALID_INPUT"; readonly ...'.
src/pages/api/webhooks/stripe.ts(102,36): error TS2339: Property 'subscription' does not exist on type 'Invoice'.
src/pages/api/webhooks/stripe.ts(141,9): error TS2552: Cannot find name 'subscription'. Did you mean 'subscriptionId'?
src/pages/api/webhooks/stripe.ts(143,11): error TS2552: Cannot find name 'subscription'. Did you mean 'subscriptionId'?
src/pages/api/webhooks/stripe.ts(148,35): error TS2552: Cannot find name 'subscription'. Did you mean 'subscriptionId'?
src/pages/api/webhooks/stripe.ts(148,84): error TS2552: Cannot find name 'subscription'. Did you mean 'subscriptionId'?
src/pages/api/webhooks/stripe.ts(197,25): error TS2552: Cannot find name 'verifyWebhookSignature'. Did you mean 'verifyStripeWebhookSignature'?
src/pages/api/webhooks/stripe.ts(219,65): error TS2339: Property 'subscription' does not exist on type 'Invoice'.
src/pages/api/webhooks/templates.ts(23,33): error TS2339: Property 'AUTH_REQUIRED' does not exist on type '{ readonly VALIDATION_ERROR: "VALIDATION_ERROR"; readonly UNAUTHORIZED: "UNAUTHORIZED"; readonly FORBIDDEN: "FORBIDDEN"; readonly NOT_FOUND: "NOT_FOUND"; readonly CONFLICT: "CONFLICT"; readonly RATE_LIMITED: "RATE_LIMITED"; readonly INTERNAL_ERROR: "INTERNAL_ERROR"; readonly INVALID_INPUT: "INVALID_INPUT"; readonly ...'.
src/pages/api/webhooks/templates.ts(57,33): error TS2339: Property 'AUTH_REQUIRED' does not exist on type '{ readonly VALIDATION_ERROR: "VALIDATION_ERROR"; readonly UNAUTHORIZED: "UNAUTHORIZED"; readonly FORBIDDEN: "FORBIDDEN"; readonly NOT_FOUND: "NOT_FOUND"; readonly CONFLICT: "CONFLICT"; readonly RATE_LIMITED: "RATE_LIMITED"; readonly INTERNAL_ERROR: "INTERNAL_ERROR"; readonly INVALID_INPUT: "INVALID_INPUT"; readonly ...'.
src/pages/api/webhooks/templates.ts(116,33): error TS2339: Property 'AUTH_REQUIRED' does not exist on type '{ readonly VALIDATION_ERROR: "VALIDATION_ERROR"; readonly UNAUTHORIZED: "UNAUTHORIZED"; readonly FORBIDDEN: "FORBIDDEN"; readonly NOT_FOUND: "NOT_FOUND"; readonly CONFLICT: "CONFLICT"; readonly RATE_LIMITED: "RATE_LIMITED"; readonly INTERNAL_ERROR: "INTERNAL_ERROR"; readonly INVALID_INPUT: "INVALID_INPUT"; readonly ...'.
src/pages/api/webhooks/test.ts(18,19): error TS2339: Property 'AUTH_REQUIRED' does not exist on type '{ readonly VALIDATION_ERROR: "VALIDATION_ERROR"; readonly UNAUTHORIZED: "UNAUTHORIZED"; readonly FORBIDDEN: "FORBIDDEN"; readonly NOT_FOUND: "NOT_FOUND"; readonly CONFLICT: "CONFLICT"; readonly RATE_LIMITED: "RATE_LIMITED"; readonly INTERNAL_ERROR: "INTERNAL_ERROR"; readonly INVALID_INPUT: "INVALID_INPUT"; readonly ...'.
src/pages/blog/sitemap.xml.ts(28,37): error TS2345: Argument of type 'any[] | { rowCount: number; streamed: boolean; }' is not assignable to parameter of type 'any[]'.
  Type '{ rowCount: number; streamed: boolean; }' is missing the following properties from type 'any[]': length, pop, push, concat, and 35 more.
src/pages/rss.xml.ts(5,28): error TS2339: Property 'env' does not exist on type 'ImportMeta'.
